../Core/Src/main.c:75:5:main	8	static
../Core/Src/main.c:125:6:SystemClock_Config	64	static
../Core/Src/main.c:162:13:MX_USART1_UART_Init	8	static
../Core/Src/main.c:210:13:MX_USART2_UART_Init	8	static
../Core/Src/main.c:244:13:MX_DMA_Init	16	static
../Core/Src/main.c:265:13:MX_GPIO_Init	32	static
../Core/Src/main.c:289:6:DS18_INIT	16	static
../Core/Src/main.c:303:7:DS18_GET	8	static
../Core/Src/main.c:313:6:HAL_UART_RxCpltCallback	48	static
../Core/Src/main.c:331:6:Error_Handler	8	static,ignoring_inline_asm
