Archive member included to satisfy reference by file (symbol)

c:/Users/kroko/AppData/Roaming/Code/User/globalStorage/bmd.stm32-for-vscode/@xpack-dev-tools/arm-none-eabi-gcc/13.3.1-1.1.1/.content/bin/../lib/gcc/arm-none-eabi/13.3.1/../../../../arm-none-eabi/lib/thumb/v6-m/nofp\libc_nano.a(libc_a-atexit.o)
                              c:/Users/kroko/AppData/Roaming/Code/User/globalStorage/bmd.stm32-for-vscode/@xpack-dev-tools/arm-none-eabi-gcc/13.3.1-1.1.1/.content/bin/../lib/gcc/arm-none-eabi/13.3.1/../../../../arm-none-eabi/lib/thumb/v6-m/nofp/crt0.o (atexit)
c:/Users/kroko/AppData/Roaming/Code/User/globalStorage/bmd.stm32-for-vscode/@xpack-dev-tools/arm-none-eabi-gcc/13.3.1-1.1.1/.content/bin/../lib/gcc/arm-none-eabi/13.3.1/../../../../arm-none-eabi/lib/thumb/v6-m/nofp\libc_nano.a(libc_a-exit.o)
                              c:/Users/kroko/AppData/Roaming/Code/User/globalStorage/bmd.stm32-for-vscode/@xpack-dev-tools/arm-none-eabi-gcc/13.3.1-1.1.1/.content/bin/../lib/gcc/arm-none-eabi/13.3.1/../../../../arm-none-eabi/lib/thumb/v6-m/nofp/crt0.o (exit)
c:/Users/kroko/AppData/Roaming/Code/User/globalStorage/bmd.stm32-for-vscode/@xpack-dev-tools/arm-none-eabi-gcc/13.3.1-1.1.1/.content/bin/../lib/gcc/arm-none-eabi/13.3.1/../../../../arm-none-eabi/lib/thumb/v6-m/nofp\libc_nano.a(libc_a-itoa.o)
                              build/debug/Core/Src/main.o (itoa)
c:/Users/kroko/AppData/Roaming/Code/User/globalStorage/bmd.stm32-for-vscode/@xpack-dev-tools/arm-none-eabi-gcc/13.3.1-1.1.1/.content/bin/../lib/gcc/arm-none-eabi/13.3.1/../../../../arm-none-eabi/lib/thumb/v6-m/nofp\libc_nano.a(libc_a-utoa.o)
                              c:/Users/kroko/AppData/Roaming/Code/User/globalStorage/bmd.stm32-for-vscode/@xpack-dev-tools/arm-none-eabi-gcc/13.3.1-1.1.1/.content/bin/../lib/gcc/arm-none-eabi/13.3.1/../../../../arm-none-eabi/lib/thumb/v6-m/nofp\libc_nano.a(libc_a-itoa.o) (__utoa)
c:/Users/kroko/AppData/Roaming/Code/User/globalStorage/bmd.stm32-for-vscode/@xpack-dev-tools/arm-none-eabi-gcc/13.3.1-1.1.1/.content/bin/../lib/gcc/arm-none-eabi/13.3.1/../../../../arm-none-eabi/lib/thumb/v6-m/nofp\libc_nano.a(libc_a-findfp.o)
                              c:/Users/kroko/AppData/Roaming/Code/User/globalStorage/bmd.stm32-for-vscode/@xpack-dev-tools/arm-none-eabi-gcc/13.3.1-1.1.1/.content/bin/../lib/gcc/arm-none-eabi/13.3.1/../../../../arm-none-eabi/lib/thumb/v6-m/nofp\libc_nano.a(libc_a-exit.o) (__stdio_exit_handler)
c:/Users/kroko/AppData/Roaming/Code/User/globalStorage/bmd.stm32-for-vscode/@xpack-dev-tools/arm-none-eabi-gcc/13.3.1-1.1.1/.content/bin/../lib/gcc/arm-none-eabi/13.3.1/../../../../arm-none-eabi/lib/thumb/v6-m/nofp\libc_nano.a(libc_a-fwalk.o)
                              c:/Users/kroko/AppData/Roaming/Code/User/globalStorage/bmd.stm32-for-vscode/@xpack-dev-tools/arm-none-eabi-gcc/13.3.1-1.1.1/.content/bin/../lib/gcc/arm-none-eabi/13.3.1/../../../../arm-none-eabi/lib/thumb/v6-m/nofp\libc_nano.a(libc_a-findfp.o) (_fwalk_sglue)
c:/Users/kroko/AppData/Roaming/Code/User/globalStorage/bmd.stm32-for-vscode/@xpack-dev-tools/arm-none-eabi-gcc/13.3.1-1.1.1/.content/bin/../lib/gcc/arm-none-eabi/13.3.1/../../../../arm-none-eabi/lib/thumb/v6-m/nofp\libc_nano.a(libc_a-stdio.o)
                              c:/Users/kroko/AppData/Roaming/Code/User/globalStorage/bmd.stm32-for-vscode/@xpack-dev-tools/arm-none-eabi-gcc/13.3.1-1.1.1/.content/bin/../lib/gcc/arm-none-eabi/13.3.1/../../../../arm-none-eabi/lib/thumb/v6-m/nofp\libc_nano.a(libc_a-findfp.o) (__sread)
c:/Users/kroko/AppData/Roaming/Code/User/globalStorage/bmd.stm32-for-vscode/@xpack-dev-tools/arm-none-eabi-gcc/13.3.1-1.1.1/.content/bin/../lib/gcc/arm-none-eabi/13.3.1/../../../../arm-none-eabi/lib/thumb/v6-m/nofp\libc_nano.a(libc_a-memset.o)
                              c:/Users/kroko/AppData/Roaming/Code/User/globalStorage/bmd.stm32-for-vscode/@xpack-dev-tools/arm-none-eabi-gcc/13.3.1-1.1.1/.content/bin/../lib/gcc/arm-none-eabi/13.3.1/../../../../arm-none-eabi/lib/thumb/v6-m/nofp/crt0.o (memset)
c:/Users/kroko/AppData/Roaming/Code/User/globalStorage/bmd.stm32-for-vscode/@xpack-dev-tools/arm-none-eabi-gcc/13.3.1-1.1.1/.content/bin/../lib/gcc/arm-none-eabi/13.3.1/../../../../arm-none-eabi/lib/thumb/v6-m/nofp\libc_nano.a(libc_a-closer.o)
                              c:/Users/kroko/AppData/Roaming/Code/User/globalStorage/bmd.stm32-for-vscode/@xpack-dev-tools/arm-none-eabi-gcc/13.3.1-1.1.1/.content/bin/../lib/gcc/arm-none-eabi/13.3.1/../../../../arm-none-eabi/lib/thumb/v6-m/nofp\libc_nano.a(libc_a-stdio.o) (_close_r)
c:/Users/kroko/AppData/Roaming/Code/User/globalStorage/bmd.stm32-for-vscode/@xpack-dev-tools/arm-none-eabi-gcc/13.3.1-1.1.1/.content/bin/../lib/gcc/arm-none-eabi/13.3.1/../../../../arm-none-eabi/lib/thumb/v6-m/nofp\libc_nano.a(libc_a-reent.o)
[...]
Memory Configuration

Name             Origin             Length             Attributes
RAM              0x20000000         0x00003000         xrw
FLASH            0x08000000         0x00008000         xr
*default*        0x00000000         0xffffffff

Linker script and memory map

LOAD c:/Users/kroko/AppData/Roaming/Code/User/globalStorage/bmd.stm32-for-vscode/@xpack-dev-tools/arm-none-eabi-gcc/13.3.1-1.1.1/.content/bin/../lib/gcc/arm-none-eabi/13.3.1/thumb/v6-m/nofp/crti.o
LOAD c:/Users/kroko/AppData/Roaming/Code/User/globalStorage/bmd.stm32-for-vscode/@xpack-dev-tools/arm-none-eabi-gcc/13.3.1-1.1.1/.content/bin/../lib/gcc/arm-none-eabi/13.3.1/thumb/v6-m/nofp/crtbegin.o
LOAD c:/Users/kroko/AppData/Roaming/Code/User/globalStorage/bmd.stm32-for-vscode/@xpack-dev-tools/arm-none-eabi-gcc/13.3.1-1.1.1/.content/bin/../lib/gcc/arm-none-eabi/13.3.1/../../../../arm-none-eabi/lib/thumb/v6-m/nofp/crt0.o
LOAD build/debug/Core/Src/ds18b20.o
LOAD build/debug/Core/Src/main.o
LOAD build/debug/Core/Src/onewire.o
LOAD build/debug/Core/Src/stm32c0xx_hal_msp.o
LOAD build/debug/Core/Src/stm32c0xx_it.o
LOAD build/debug/Core/Src/syscalls.o
LOAD build/debug/Core/Src/sysmem.o
LOAD build/debug/Core/Src/system_stm32c0xx.o
LOAD build/debug/Drivers/STM32C0xx_HAL_Driver/Src/stm32c0xx_hal.o
LOAD build/debug/Drivers/STM32C0xx_HAL_Driver/Src/stm32c0xx_hal_cortex.o
LOAD build/debug/Drivers/STM32C0xx_HAL_Driver/Src/stm32c0xx_hal_dma.o
LOAD build/debug/Drivers/STM32C0xx_HAL_Driver/Src/stm32c0xx_hal_dma_ex.o
LOAD build/debug/Drivers/STM32C0xx_HAL_Driver/Src/stm32c0xx_hal_exti.o
LOAD build/debug/Drivers/STM32C0xx_HAL_Driver/Src/stm32c0xx_hal_flash.o
LOAD build/debug/Drivers/STM32C0xx_HAL_Driver/Src/stm32c0xx_hal_flash_ex.o
LOAD build/debug/Drivers/STM32C0xx_HAL_Driver/Src/stm32c0xx_hal_gpio.o
LOAD build/debug/Drivers/STM32C0xx_HAL_Driver/Src/stm32c0xx_hal_pwr.o
LOAD build/debug/Drivers/STM32C0xx_HAL_Driver/Src/stm32c0xx_hal_pwr_ex.o
LOAD build/debug/Drivers/STM32C0xx_HAL_Driver/Src/stm32c0xx_hal_rcc.o
LOAD build/debug/Drivers/STM32C0xx_HAL_Driver/Src/stm32c0xx_hal_rcc_ex.o
LOAD build/debug/Drivers/STM32C0xx_HAL_Driver/Src/stm32c0xx_hal_tim.o
LOAD build/debug/Drivers/STM32C0xx_HAL_Driver/Src/stm32c0xx_hal_tim_ex.o
LOAD build/debug/Drivers/STM32C0xx_HAL_Driver/Src/stm32c0xx_hal_uart.o
LOAD build/debug/Drivers/STM32C0xx_HAL_Driver/Src/stm32c0xx_hal_uart_ex.o
LOAD build/debug/startup_stm32c031xx.o
LOAD c:/Users/kroko/AppData/Roaming/Code/User/globalStorage/bmd.stm32-for-vscode/@xpack-dev-tools/arm-none-eabi-gcc/13.3.1-1.1.1/.content/bin/../lib/gcc/arm-none-eabi/13.3.1/../../../../arm-none-eabi/lib/thumb/v6-m/nofp\libc_nano.a
LOAD c:/Users/kroko/AppData/Roaming/Code/User/globalStorage/bmd.stm32-for-vscode/@xpack-dev-tools/arm-none-eabi-gcc/13.3.1-1.1.1/.content/bin/../lib/gcc/arm-none-eabi/13.3.1/../../../../arm-none-eabi/lib/thumb/v6-m/nofp\libm.a
LOAD c:/Users/kroko/AppData/Roaming/Code/User/globalStorage/bmd.stm32-for-vscode/@xpack-dev-tools/arm-none-eabi-gcc/13.3.1-1.1.1/.content/bin/../lib/gcc/arm-none-eabi/13.3.1/../../../../arm-none-eabi/lib/thumb/v6-m/nofp\libnosys.a
START GROUP
LOAD c:/Users/kroko/AppData/Roaming/Code/User/globalStorage/bmd.stm32-for-vscode/@xpack-dev-tools/arm-none-eabi-gcc/13.3.1-1.1.1/.content/bin/../lib/gcc/arm-none-eabi/13.3.1/thumb/v6-m/nofp\libgcc.a
LOAD c:/Users/kroko/AppData/Roaming/Code/User/globalStorage/bmd.stm32-for-vscode/@xpack-dev-tools/arm-none-eabi-gcc/13.3.1-1.1.1/.content/bin/../lib/gcc/arm-none-eabi/13.3.1/../../../../arm-none-eabi/lib/thumb/v6-m/nofp\libc_nano.a
END GROUP
START GROUP
LOAD c:/Users/kroko/AppData/Roaming/Code/User/globalStorage/bmd.stm32-for-vscode/@xpack-dev-tools/arm-none-eabi-gcc/13.3.1-1.1.1/.content/bin/../lib/gcc/arm-none-eabi/13.3.1/thumb/v6-m/nofp\libgcc.a
LOAD c:/Users/kroko/AppData/Roaming/Code/User/globalStorage/bmd.stm32-for-vscode/@xpack-dev-tools/arm-none-eabi-gcc/13.3.1-1.1.1/.content/bin/../lib/gcc/arm-none-eabi/13.3.1/../../../../arm-none-eabi/lib/thumb/v6-m/nofp\libc_nano.a
END GROUP
LOAD c:/Users/kroko/AppData/Roaming/Code/User/globalStorage/bmd.stm32-for-vscode/@xpack-dev-tools/arm-none-eabi-gcc/13.3.1-1.1.1/.content/bin/../lib/gcc/arm-none-eabi/13.3.1/thumb/v6-m/nofp/crtend.o
LOAD c:/Users/kroko/AppData/Roaming/Code/User/globalStorage/bmd.stm32-for-vscode/@xpack-dev-tools/arm-none-eabi-gcc/13.3.1-1.1.1/.content/bin/../lib/gcc/arm-none-eabi/13.3.1/thumb/v6-m/nofp/crtn.o
                0x20003000                        _estack = (ORIGIN (RAM) + LENGTH (RAM))
                0x00000200                        _Min_Heap_Size = 0x200
                0x00000400                        _Min_Stack_Size = 0x400

.isr_vector     0x08000000       0xc0
                0x08000000                        . = ALIGN (0x4)
 *(.isr_vector)
 .isr_vector    0x08000000       0xc0 build/debug/startup_stm32c031xx.o
                0x08000000                g_pfnVectors
                0x080000c0                        . = ALIGN (0x4)

.text           0x080000c0     0x3394
                0x080000c0                        . = ALIGN (0x4)
 *(.text)
 .text          0x080000c0      0x114 c:/Users/kroko/AppData/Roaming/Code/User/globalStorage/bmd.stm32-for-vscode/@xpack-dev-tools/arm-none-eabi-gcc/13.3.1-1.1.1/.content/bin/../lib/gcc/arm-none-eabi/13.3.1/thumb/v6-m/nofp\libgcc.a(_udivsi3.o)
                0x080000c0                __aeabi_uidiv
                0x080000c0                __udivsi3
                0x080001cc                __aeabi_uidivmod
 .text          0x080001d4      0x1d4 c:/Users/kroko/AppData/Roaming/Code/User/globalStorage/bmd.stm32-for-vscode/@xpack-dev-tools/arm-none-eabi-gcc/13.3.1-1.1.1/.content/bin/../lib/gcc/arm-none-eabi/13.3.1/thumb/v6-m/nofp\libgcc.a(_divsi3.o)
                0x080001d4                __divsi3
                0x080001d4                __aeabi_idiv
                0x080003a0                __aeabi_idivmod
 .text          0x080003a8        0x4 c:/Users/kroko/AppData/Roaming/Code/User/globalStorage/bmd.stm32-for-vscode/@xpack-dev-tools/arm-none-eabi-gcc/13.3.1-1.1.1/.content/bin/../lib/gcc/arm-none-eabi/13.3.1/thumb/v6-m/nofp\libgcc.a(_dvmd_tls.o)
                0x080003a8                __aeabi_idiv0
                0x080003a8                __aeabi_ldiv0
 .text          0x080003ac       0x40 c:/Users/kroko/AppData/Roaming/Code/User/globalStorage/bmd.stm32-for-vscode/@xpack-dev-tools/arm-none-eabi-gcc/13.3.1-1.1.1/.content/bin/../lib/gcc/arm-none-eabi/13.3.1/thumb/v6-m/nofp\libgcc.a(_aeabi_uldivmod.o)
                0x080003ac                __aeabi_uldivmod
 .text          0x080003ec       0x3c c:/Users/kroko/AppData/Roaming/Code/User/globalStorage/bmd.stm32-for-vscode/@xpack-dev-tools/arm-none-eabi-gcc/13.3.1-1.1.1/.content/bin/../lib/gcc/arm-none-eabi/13.3.1/thumb/v6-m/nofp\libgcc.a(_clzsi2.o)
                0x080003ec                __clzsi2
 .text          0x08000428       0x18 c:/Users/kroko/AppData/Roaming/Code/User/globalStorage/bmd.stm32-for-vscode/@xpack-dev-tools/arm-none-eabi-gcc/13.3.1-1.1.1/.content/bin/../lib/gcc/arm-none-eabi/13.3.1/thumb/v6-m/nofp\libgcc.a(_clzdi2.o)
                0x08000428                __clzdi2
 *(.text*)
 .text.__do_global_dtors_aux
                0x08000440       0x28 c:/Users/kroko/AppData/Roaming/Code/User/globalStorage/bmd.stm32-for-vscode/@xpack-dev-tools/arm-none-eabi-gcc/13.3.1-1.1.1/.content/bin/../lib/gcc/arm-none-eabi/13.3.1/thumb/v6-m/nofp/crtbegin.o
 .text.frame_dummy
                0x08000468       0x20 c:/Users/kroko/AppData/Roaming/Code/User/globalStorage/bmd.stm32-for-vscode/@xpack-dev-tools/arm-none-eabi-gcc/13.3.1-1.1.1/.content/bin/../lib/gcc/arm-none-eabi/13.3.1/thumb/v6-m/nofp/crtbegin.o
 .text.CalculateChecksum
                0x08000488       0x3c build/debug/Core/Src/ds18b20.o
 .text.ExecuteCommand
                0x080004c4       0x82 build/debug/Core/Src/ds18b20.o
 .text.WaitForConversionFinished
                0x08000546       0x1c build/debug/Core/Src/ds18b20.o
 *fill*         0x08000562        0x2 
 .text.DS18B20_ConvertT
                0x08000564       0x60 build/debug/Core/Src/ds18b20.o
                0x08000564                DS18B20_ConvertT
 .text.DS18B20_ReadScratchpad
                0x080005c4       0x98 build/debug/Core/Src/ds18b20.o
                0x080005c4                DS18B20_ReadScratchpad
 .text.DS18B20_WriteScratchpad
                0x0800065c       0x26 build/debug/Core/Src/ds18b20.o
                0x0800065c                DS18B20_WriteScratchpad
 .text.DS18B20_InitializationCommand
                0x08000682       0x26 build/debug/Core/Src/ds18b20.o
                0x08000682                DS18B20_InitializationCommand
 .text.DS18B20_ReadRom
                0x080006a8       0x30 build/debug/Core/Src/ds18b20.o
                0x080006a8                DS18B20_ReadRom
 .text.DS18B20_SkipRom
                0x080006d8       0x12 build/debug/Core/Src/ds18b20.o
                0x080006d8                DS18B20_SkipRom
 .text.DS18B20_Init
                0x080006ea        0xc build/debug/Core/Src/ds18b20.o
                0x080006ea                DS18B20_Init
 *fill*         0x080006f6        0x2 
 .text.MX_GPIO_Init
                0x080006f8       0x4c build/debug/Core/Src/main.o
 .text.MX_DMA_Init
                0x08000744       0x40 build/debug/Core/Src/main.o
 .text.DS18_INIT
                0x08000784       0x50 build/debug/Core/Src/main.o
                0x08000784                DS18_INIT
 .text.DS18_GET
                0x080007d4       0x34 build/debug/Core/Src/main.o
                0x080007d4                DS18_GET
 .text.HAL_UART_RxCpltCallback
                0x08000808       0x90 build/debug/Core/Src/main.o
                0x08000808                HAL_UART_RxCpltCallback
 .text.Error_Handler
                0x08000898        0x4 build/debug/Core/Src/main.o
                0x08000898                Error_Handler
 .text.MX_USART1_UART_Init
                0x0800089c       0x68 build/debug/Core/Src/main.o
 .text.MX_USART2_UART_Init
                0x08000904       0x3c build/debug/Core/Src/main.o
 .text.SystemClock_Config
                0x08000940       0x54 build/debug/Core/Src/main.o
                0x08000940                SystemClock_Config
 .text.main     0x08000994       0x50 build/debug/Core/Src/main.o
                0x08000994                main
 .text.SetBaudrate
                0x080009e4       0xd0 build/debug/Core/Src/onewire.o
 .text.OneWire_ProcessBit
                0x08000ab4       0x3e build/debug/Core/Src/onewire.o
                0x08000ab4                OneWire_ProcessBit
 .text.OneWire_ProcessByte
                0x08000af2       0x40 build/debug/Core/Src/onewire.o
                0x08000af2                OneWire_ProcessByte
 .text.OneWire_Reset
                0x08000b32       0x52 build/debug/Core/Src/onewire.o
                0x08000b32                OneWire_Reset
 .text.HAL_MspInit
                0x08000b84       0x30 build/debug/Core/Src/stm32c0xx_hal_msp.o
                0x08000b84                HAL_MspInit
 .text.HAL_UART_MspInit
                0x08000bb4      0x148 build/debug/Core/Src/stm32c0xx_hal_msp.o
                0x08000bb4                HAL_UART_MspInit
 .text.NMI_Handler
                0x08000cfc        0x2 build/debug/Core/Src/stm32c0xx_it.o
                0x08000cfc                NMI_Handler
 .text.HardFault_Handler
                0x08000cfe        0x2 build/debug/Core/Src/stm32c0xx_it.o
                0x08000cfe                HardFault_Handler
 .text.SVC_Handler
                0x08000d00        0x2 build/debug/Core/Src/stm32c0xx_it.o
                0x08000d00                SVC_Handler
 .text.PendSV_Handler
                0x08000d02        0x2 build/debug/Core/Src/stm32c0xx_it.o
                0x08000d02                PendSV_Handler
 .text.SysTick_Handler
                0x08000d04        0x8 build/debug/Core/Src/stm32c0xx_it.o
                0x08000d04                SysTick_Handler
 .text.DMA1_Channel1_IRQHandler
                0x08000d0c       0x10 build/debug/Core/Src/stm32c0xx_it.o
                0x08000d0c                DMA1_Channel1_IRQHandler
 .text.DMA1_Channel2_3_IRQHandler
                0x08000d1c       0x10 build/debug/Core/Src/stm32c0xx_it.o
                0x08000d1c                DMA1_Channel2_3_IRQHandler
 .text.USART2_IRQHandler
                0x08000d2c       0x10 build/debug/Core/Src/stm32c0xx_it.o
                0x08000d2c                USART2_IRQHandler
 .text.SystemInit
                0x08000d3c       0x10 build/debug/Core/Src/system_stm32c0xx.o
                0x08000d3c                SystemInit
 .text.HAL_InitTick
                0x08000d4c       0x58 build/debug/Drivers/STM32C0xx_HAL_Driver/Src/stm32c0xx_hal.o
                0x08000d4c                HAL_InitTick
 .text.HAL_Init
                0x08000da4       0x18 build/debug/Drivers/STM32C0xx_HAL_Driver/Src/stm32c0xx_hal.o
                0x08000da4                HAL_Init
 .text.HAL_IncTick
                0x08000dbc       0x18 build/debug/Drivers/STM32C0xx_HAL_Driver/Src/stm32c0xx_hal.o
                0x08000dbc                HAL_IncTick
 .text.HAL_GetTick
                0x08000dd4        0xc build/debug/Drivers/STM32C0xx_HAL_Driver/Src/stm32c0xx_hal.o
                0x08000dd4                HAL_GetTick
 .text.HAL_Delay
                0x08000de0       0x24 build/debug/Drivers/STM32C0xx_HAL_Driver/Src/stm32c0xx_hal.o
                0x08000de0                HAL_Delay
 .text.__NVIC_SetPriority
                0x08000e04       0x60 build/debug/Drivers/STM32C0xx_HAL_Driver/Src/stm32c0xx_hal_cortex.o
 .text.SysTick_Config
                0x08000e64       0x38 build/debug/Drivers/STM32C0xx_HAL_Driver/Src/stm32c0xx_hal_cortex.o
 .text.HAL_NVIC_SetPriority
                0x08000e9c        0x8 build/debug/Drivers/STM32C0xx_HAL_Driver/Src/stm32c0xx_hal_cortex.o
                0x08000e9c                HAL_NVIC_SetPriority
 .text.HAL_NVIC_EnableIRQ
                0x08000ea4       0x18 build/debug/Drivers/STM32C0xx_HAL_Driver/Src/stm32c0xx_hal_cortex.o
                0x08000ea4                HAL_NVIC_EnableIRQ
 .text.HAL_SYSTICK_Config
                0x08000ebc        0x8 build/debug/Drivers/STM32C0xx_HAL_Driver/Src/stm32c0xx_hal_cortex.o
                0x08000ebc                HAL_SYSTICK_Config
 .text.DMA_SetConfig
                0x08000ec4       0x48 build/debug/Drivers/STM32C0xx_HAL_Driver/Src/stm32c0xx_hal_dma.o
 .text.DMA_CalcDMAMUXChannelBaseAndMask
                0x08000f0c       0x38 build/debug/Drivers/STM32C0xx_HAL_Driver/Src/stm32c0xx_hal_dma.o
 .text.DMA_CalcDMAMUXRequestGenBaseAndMask
                0x08000f44       0x28 build/debug/Drivers/STM32C0xx_HAL_Driver/Src/stm32c0xx_hal_dma.o
 .text.HAL_DMA_Init
                0x08000f6c       0xb0 build/debug/Drivers/STM32C0xx_HAL_Driver/Src/stm32c0xx_hal_dma.o
                0x08000f6c                HAL_DMA_Init
 .text.HAL_DMA_Start_IT
                0x0800101c       0x9e build/debug/Drivers/STM32C0xx_HAL_Driver/Src/stm32c0xx_hal_dma.o
                0x0800101c                HAL_DMA_Start_IT
 *fill*         0x080010ba        0x2 
 .text.HAL_DMA_Abort
                0x080010bc       0x80 build/debug/Drivers/STM32C0xx_HAL_Driver/Src/stm32c0xx_hal_dma.o
                0x080010bc                HAL_DMA_Abort
 .text.HAL_DMA_Abort_IT
                0x0800113c       0x88 build/debug/Drivers/STM32C0xx_HAL_Driver/Src/stm32c0xx_hal_dma.o
                0x0800113c                HAL_DMA_Abort_IT
 .text.HAL_DMA_IRQHandler
                0x080011c4       0xcc build/debug/Drivers/STM32C0xx_HAL_Driver/Src/stm32c0xx_hal_dma.o
                0x080011c4                HAL_DMA_IRQHandler
 .text.HAL_GPIO_Init
                0x08001290      0x1bc build/debug/Drivers/STM32C0xx_HAL_Driver/Src/stm32c0xx_hal_gpio.o
                0x08001290                HAL_GPIO_Init
 .text.HAL_GPIO_WritePin
                0x0800144c        0xc build/debug/Drivers/STM32C0xx_HAL_Driver/Src/stm32c0xx_hal_gpio.o
                0x0800144c                HAL_GPIO_WritePin
 .text.HAL_GPIO_TogglePin
                0x08001458       0x10 build/debug/Drivers/STM32C0xx_HAL_Driver/Src/stm32c0xx_hal_gpio.o
                0x08001458                HAL_GPIO_TogglePin
 .text.HAL_RCC_OscConfig
                0x08001468      0x2bc build/debug/Drivers/STM32C0xx_HAL_Driver/Src/stm32c0xx_hal_rcc.o
                0x08001468                HAL_RCC_OscConfig
 .text.HAL_RCC_GetSysClockFreq
                0x08001724       0x70 build/debug/Drivers/STM32C0xx_HAL_Driver/Src/stm32c0xx_hal_rcc.o
                0x08001724                HAL_RCC_GetSysClockFreq
 .text.HAL_RCC_ClockConfig
                0x08001794      0x190 build/debug/Drivers/STM32C0xx_HAL_Driver/Src/stm32c0xx_hal_rcc.o
                0x08001794                HAL_RCC_ClockConfig
 .text.HAL_RCC_GetHCLKFreq
                0x08001924       0x30 build/debug/Drivers/STM32C0xx_HAL_Driver/Src/stm32c0xx_hal_rcc.o
                0x08001924                HAL_RCC_GetHCLKFreq
 .text.HAL_RCC_GetPCLK1Freq
                0x08001954       0x28 build/debug/Drivers/STM32C0xx_HAL_Driver/Src/stm32c0xx_hal_rcc.o
                0x08001954                HAL_RCC_GetPCLK1Freq
 .text.HAL_RCCEx_PeriphCLKConfig
                0x0800197c      0x130 build/debug/Drivers/STM32C0xx_HAL_Driver/Src/stm32c0xx_hal_rcc_ex.o
                0x0800197c                HAL_RCCEx_PeriphCLKConfig
 .text.UART_EndTxTransfer
                0x08001aac       0x3c build/debug/Drivers/STM32C0xx_HAL_Driver/Src/stm32c0xx_hal_uart.o
 .text.UART_EndRxTransfer
                0x08001ae8       0x64 build/debug/Drivers/STM32C0xx_HAL_Driver/Src/stm32c0xx_hal_uart.o
 .text.HAL_UART_Transmit_DMA
                0x08001b4c       0xbc build/debug/Drivers/STM32C0xx_HAL_Driver/Src/stm32c0xx_hal_uart.o
                0x08001b4c                HAL_UART_Transmit_DMA
 .text.HAL_UART_TxCpltCallback
                0x08001c08        0x2 build/debug/Drivers/STM32C0xx_HAL_Driver/Src/stm32c0xx_hal_uart.o
                0x08001c08                HAL_UART_TxCpltCallback
 .text.UART_DMATransmitCplt
                0x08001c0a       0x4a build/debug/Drivers/STM32C0xx_HAL_Driver/Src/stm32c0xx_hal_uart.o
 .text.UART_EndTransmit_IT
                0x08001c54       0x2a build/debug/Drivers/STM32C0xx_HAL_Driver/Src/stm32c0xx_hal_uart.o
 .text.HAL_UART_TxHalfCpltCallback
                0x08001c7e        0x2 build/debug/Drivers/STM32C0xx_HAL_Driver/Src/stm32c0xx_hal_uart.o
                0x08001c7e                HAL_UART_TxHalfCpltCallback
 .text.UART_DMATxHalfCplt
                0x08001c80        0xa build/debug/Drivers/STM32C0xx_HAL_Driver/Src/stm32c0xx_hal_uart.o
 .text.HAL_UART_RxHalfCpltCallback
                0x08001c8a        0x2 build/debug/Drivers/STM32C0xx_HAL_Driver/Src/stm32c0xx_hal_uart.o
                0x08001c8a                HAL_UART_RxHalfCpltCallback
 .text.HAL_UART_ErrorCallback
                0x08001c8c        0x2 build/debug/Drivers/STM32C0xx_HAL_Driver/Src/stm32c0xx_hal_uart.o
                0x08001c8c                HAL_UART_ErrorCallback
 .text.UART_DMAError
                0x08001c8e       0x52 build/debug/Drivers/STM32C0xx_HAL_Driver/Src/stm32c0xx_hal_uart.o
 .text.UART_DMAAbortOnError
                0x08001ce0       0x14 build/debug/Drivers/STM32C0xx_HAL_Driver/Src/stm32c0xx_hal_uart.o
 .text.HAL_UARTEx_RxEventCallback
                0x08001cf4        0x2 build/debug/Drivers/STM32C0xx_HAL_Driver/Src/stm32c0xx_hal_uart.o
                0x08001cf4                HAL_UARTEx_RxEventCallback
 *fill*         0x08001cf6        0x2 
 .text.HAL_UART_IRQHandler
                0x08001cf8      0x334 build/debug/Drivers/STM32C0xx_HAL_Driver/Src/stm32c0xx_hal_uart.o
                0x08001cf8                HAL_UART_IRQHandler
 .text.UART_DMARxHalfCplt
                0x0800202c       0x20 build/debug/Drivers/STM32C0xx_HAL_Driver/Src/stm32c0xx_hal_uart.o
 .text.UART_DMAReceiveCplt
                0x0800204c       0x98 build/debug/Drivers/STM32C0xx_HAL_Driver/Src/stm32c0xx_hal_uart.o
 .text.UART_SetConfig
                0x080020e4      0x1c4 build/debug/Drivers/STM32C0xx_HAL_Driver/Src/stm32c0xx_hal_uart.o
                0x080020e4                UART_SetConfig
 .text.UART_AdvFeatureConfig
                0x080022a8       0xe0 build/debug/Drivers/STM32C0xx_HAL_Driver/Src/stm32c0xx_hal_uart.o
                0x080022a8                UART_AdvFeatureConfig
 .text.UART_WaitOnFlagUntilTimeout
                0x08002388       0x9e build/debug/Drivers/STM32C0xx_HAL_Driver/Src/stm32c0xx_hal_uart.o
                0x08002388                UART_WaitOnFlagUntilTimeout
 .text.HAL_UART_Transmit
                0x08002426       0xfc build/debug/Drivers/STM32C0xx_HAL_Driver/Src/stm32c0xx_hal_uart.o
                0x08002426                HAL_UART_Transmit
 *fill*         0x08002522        0x2 
 .text.HAL_UART_Receive
                0x08002524      0x14c build/debug/Drivers/STM32C0xx_HAL_Driver/Src/stm32c0xx_hal_uart.o
                0x08002524                HAL_UART_Receive
 .text.UART_CheckIdleState
                0x08002670       0xd4 build/debug/Drivers/STM32C0xx_HAL_Driver/Src/stm32c0xx_hal_uart.o
                0x08002670                UART_CheckIdleState
 .text.HAL_UART_Init
                0x08002744       0x70 build/debug/Drivers/STM32C0xx_HAL_Driver/Src/stm32c0xx_hal_uart.o
                0x08002744                HAL_UART_Init
 .text.HAL_HalfDuplex_Init
                0x080027b4       0x7c build/debug/Drivers/STM32C0xx_HAL_Driver/Src/stm32c0xx_hal_uart.o
                0x080027b4                HAL_HalfDuplex_Init
 .text.UART_Start_Receive_DMA
                0x08002830       0xb4 build/debug/Drivers/STM32C0xx_HAL_Driver/Src/stm32c0xx_hal_uart.o
                0x08002830                UART_Start_Receive_DMA
 .text.HAL_UART_Receive_DMA
                0x080028e4       0x62 build/debug/Drivers/STM32C0xx_HAL_Driver/Src/stm32c0xx_hal_uart.o
                0x080028e4                HAL_UART_Receive_DMA
 *fill*         0x08002946        0x2 
 .text.UARTEx_SetNbDataToProcess
                0x08002948       0x50 build/debug/Drivers/STM32C0xx_HAL_Driver/Src/stm32c0xx_hal_uart_ex.o
 .text.HAL_UARTEx_WakeupCallback
                0x08002998        0x2 build/debug/Drivers/STM32C0xx_HAL_Driver/Src/stm32c0xx_hal_uart_ex.o
                0x08002998                HAL_UARTEx_WakeupCallback
 .text.HAL_UARTEx_RxFifoFullCallback
                0x0800299a        0x2 build/debug/Drivers/STM32C0xx_HAL_Driver/Src/stm32c0xx_hal_uart_ex.o
                0x0800299a                HAL_UARTEx_RxFifoFullCallback
 .text.HAL_UARTEx_TxFifoEmptyCallback
                0x0800299c        0x2 build/debug/Drivers/STM32C0xx_HAL_Driver/Src/stm32c0xx_hal_uart_ex.o
                0x0800299c                HAL_UARTEx_TxFifoEmptyCallback
 *fill*         0x0800299e        0x2 
 .text.HAL_UARTEx_DisableFifoMode
                0x080029a0       0x40 build/debug/Drivers/STM32C0xx_HAL_Driver/Src/stm32c0xx_hal_uart_ex.o
                0x080029a0                HAL_UARTEx_DisableFifoMode
 .text.HAL_UARTEx_SetTxFifoThreshold
                0x080029e0       0x4a build/debug/Drivers/STM32C0xx_HAL_Driver/Src/stm32c0xx_hal_uart_ex.o
                0x080029e0                HAL_UARTEx_SetTxFifoThreshold
 *fill*         0x08002a2a        0x2 
 .text.HAL_UARTEx_SetRxFifoThreshold
                0x08002a2c       0x50 build/debug/Drivers/STM32C0xx_HAL_Driver/Src/stm32c0xx_hal_uart_ex.o
                0x08002a2c                HAL_UARTEx_SetRxFifoThreshold
 .text.Reset_Handler
                0x08002a7c       0x50 build/debug/startup_stm32c031xx.o
                0x08002a7c                Reset_Handler
 .text.Default_Handler
                0x08002acc        0x2 build/debug/startup_stm32c031xx.o
                0x08002acc                TIM1_CC_IRQHandler
                0x08002acc                I2C1_IRQHandler
                0x08002acc                DMAMUX1_IRQHandler
                0x08002acc                SPI1_IRQHandler
                0x08002acc                EXTI2_3_IRQHandler
                0x08002acc                ADC1_IRQHandler
                0x08002acc                TIM17_IRQHandler
                0x08002acc                RTC_IRQHandler
                0x08002acc                TIM16_IRQHandler
                0x08002acc                TIM3_IRQHandler
                0x08002acc                EXTI4_15_IRQHandler
                0x08002acc                RCC_IRQHandler
                0x08002acc                Default_Handler
                0x08002acc                TIM14_IRQHandler
                0x08002acc                EXTI0_1_IRQHandler
                0x08002acc                WWDG_IRQHandler
                0x08002acc                FLASH_IRQHandler
                0x08002acc                USART1_IRQHandler
                0x08002acc                TIM1_BRK_UP_TRG_COM_IRQHandler
 .text.__itoa   0x08002ace       0x30 c:/Users/kroko/AppData/Roaming/Code/User/globalStorage/bmd.stm32-for-vscode/@xpack-dev-tools/arm-none-eabi-gcc/13.3.1-1.1.1/.content/bin/../lib/gcc/arm-none-eabi/13.3.1/../../../../arm-none-eabi/lib/thumb/v6-m/nofp\libc_nano.a(libc_a-itoa.o)
                0x08002ace                __itoa
 .text.itoa     0x08002afe        0x8 c:/Users/kroko/AppData/Roaming/Code/User/globalStorage/bmd.stm32-for-vscode/@xpack-dev-tools/arm-none-eabi-gcc/13.3.1-1.1.1/.content/bin/../lib/gcc/arm-none-eabi/13.3.1/../../../../arm-none-eabi/lib/thumb/v6-m/nofp\libc_nano.a(libc_a-itoa.o)
                0x08002afe                itoa
 *fill*         0x08002b06        0x2 
 .text.__utoa   0x08002b08       0x68 c:/Users/kroko/AppData/Roaming/Code/User/globalStorage/bmd.stm32-for-vscode/@xpack-dev-tools/arm-none-eabi-gcc/13.3.1-1.1.1/.content/bin/../lib/gcc/arm-none-eabi/13.3.1/../../../../arm-none-eabi/lib/thumb/v6-m/nofp\libc_nano.a(libc_a-utoa.o)
                0x08002b08                __utoa
 .text.memset   0x08002b70       0x10 c:/Users/kroko/AppData/Roaming/Code/User/globalStorage/bmd.stm32-for-vscode/@xpack-dev-tools/arm-none-eabi-gcc/13.3.1-1.1.1/.content/bin/../lib/gcc/arm-none-eabi/13.3.1/../../../../arm-none-eabi/lib/thumb/v6-m/nofp\libc_nano.a(libc_a-memset.o)
                0x08002b70                memset
 .text.__libc_init_array
                0x08002b80       0x48 c:/Users/kroko/AppData/Roaming/Code/User/globalStorage/bmd.stm32-for-vscode/@xpack-dev-tools/arm-none-eabi-gcc/13.3.1-1.1.1/.content/bin/../lib/gcc/arm-none-eabi/13.3.1/../../../../arm-none-eabi/lib/thumb/v6-m/nofp\libc_nano.a(libc_a-init.o)
                0x08002b80                __libc_init_array
 .text.memcpy   0x08002bc8       0x12 c:/Users/kroko/AppData/Roaming/Code/User/globalStorage/bmd.stm32-for-vscode/@xpack-dev-tools/arm-none-eabi-gcc/13.3.1-1.1.1/.content/bin/../lib/gcc/arm-none-eabi/13.3.1/../../../../arm-none-eabi/lib/thumb/v6-m/nofp\libc_nano.a(libc_a-memcpy-stub.o)
                0x08002bc8                memcpy
 *fill*         0x08002bda        0x2 
 .text.roundf   0x08002bdc       0x48 c:/Users/kroko/AppData/Roaming/Code/User/globalStorage/bmd.stm32-for-vscode/@xpack-dev-tools/arm-none-eabi-gcc/13.3.1-1.1.1/.content/bin/../lib/gcc/arm-none-eabi/13.3.1/../../../../arm-none-eabi/lib/thumb/v6-m/nofp\libm.a(libm_a-sf_round.o)
                0x08002bdc                roundf
 .text.__udivmoddi4
                0x08002c24      0x198 c:/Users/kroko/AppData/Roaming/Code/User/globalStorage/bmd.stm32-for-vscode/@xpack-dev-tools/arm-none-eabi-gcc/13.3.1-1.1.1/.content/bin/../lib/gcc/arm-none-eabi/13.3.1/thumb/v6-m/nofp\libgcc.a(_udivmoddi4.o)
                0x08002c24                __udivmoddi4
 .text.__aeabi_fadd
                0x08002dbc      0x340 c:/Users/kroko/AppData/Roaming/Code/User/globalStorage/bmd.stm32-for-vscode/@xpack-dev-tools/arm-none-eabi-gcc/13.3.1-1.1.1/.content/bin/../lib/gcc/arm-none-eabi/13.3.1/thumb/v6-m/nofp\libgcc.a(addsf3.o)
                0x08002dbc                __aeabi_fadd
 .text.__aeabi_fmul
                0x080030fc      0x280 c:/Users/kroko/AppData/Roaming/Code/User/globalStorage/bmd.stm32-for-vscode/@xpack-dev-tools/arm-none-eabi-gcc/13.3.1-1.1.1/.content/bin/../lib/gcc/arm-none-eabi/13.3.1/thumb/v6-m/nofp\libgcc.a(mulsf3.o)
                0x080030fc                __aeabi_fmul
 .text.__aeabi_f2iz
                0x0800337c       0x40 c:/Users/kroko/AppData/Roaming/Code/User/globalStorage/bmd.stm32-for-vscode/@xpack-dev-tools/arm-none-eabi-gcc/13.3.1-1.1.1/.content/bin/../lib/gcc/arm-none-eabi/13.3.1/thumb/v6-m/nofp\libgcc.a(fixsfsi.o)
                0x0800337c                __aeabi_f2iz
 .text.__aeabi_ui2f
                0x080033bc       0x80 c:/Users/kroko/AppData/Roaming/Code/User/globalStorage/bmd.stm32-for-vscode/@xpack-dev-tools/arm-none-eabi-gcc/13.3.1-1.1.1/.content/bin/../lib/gcc/arm-none-eabi/13.3.1/thumb/v6-m/nofp\libgcc.a(floatunsisf.o)
                0x080033bc                __aeabi_ui2f
 *(.glue_7)
 .glue_7        0x0800343c        0x0 linker stubs
 *(.glue_7t)
 .glue_7t       0x0800343c        0x0 linker stubs
 *(.eh_frame)
 .eh_frame      0x0800343c        0x0 c:/Users/kroko/AppData/Roaming/Code/User/globalStorage/bmd.stm32-for-vscode/@xpack-dev-tools/arm-none-eabi-gcc/13.3.1-1.1.1/.content/bin/../lib/gcc/arm-none-eabi/13.3.1/thumb/v6-m/nofp/crtbegin.o
 *(.init)
 .init          0x0800343c        0x4 c:/Users/kroko/AppData/Roaming/Code/User/globalStorage/bmd.stm32-for-vscode/@xpack-dev-tools/arm-none-eabi-gcc/13.3.1-1.1.1/.content/bin/../lib/gcc/arm-none-eabi/13.3.1/thumb/v6-m/nofp/crti.o
                0x0800343c                _init
 .init          0x08003440        0x8 c:/Users/kroko/AppData/Roaming/Code/User/globalStorage/bmd.stm32-for-vscode/@xpack-dev-tools/arm-none-eabi-gcc/13.3.1-1.1.1/.content/bin/../lib/gcc/arm-none-eabi/13.3.1/thumb/v6-m/nofp/crtn.o
 *(.fini)
 .fini          0x08003448        0x4 c:/Users/kroko/AppData/Roaming/Code/User/globalStorage/bmd.stm32-for-vscode/@xpack-dev-tools/arm-none-eabi-gcc/13.3.1-1.1.1/.content/bin/../lib/gcc/arm-none-eabi/13.3.1/thumb/v6-m/nofp/crti.o
                0x08003448                _fini
 .fini          0x0800344c        0x8 c:/Users/kroko/AppData/Roaming/Code/User/globalStorage/bmd.stm32-for-vscode/@xpack-dev-tools/arm-none-eabi-gcc/13.3.1-1.1.1/.content/bin/../lib/gcc/arm-none-eabi/13.3.1/thumb/v6-m/nofp/crtn.o
                0x08003454                        . = ALIGN (0x4)
                0x08003454                        _etext = .

.vfp11_veneer   0x08003454        0x0
 .vfp11_veneer  0x08003454        0x0 linker stubs

.v4_bx          0x08003454        0x0
 .v4_bx         0x08003454        0x0 linker stubs

.iplt           0x08003454        0x0
 .iplt          0x08003454        0x0 c:/Users/kroko/AppData/Roaming/Code/User/globalStorage/bmd.stm32-for-vscode/@xpack-dev-tools/arm-none-eabi-gcc/13.3.1-1.1.1/.content/bin/../lib/gcc/arm-none-eabi/13.3.1/thumb/v6-m/nofp/crtbegin.o

.rodata         0x08003454       0xc8
                0x08003454                        . = ALIGN (0x4)
 *(.rodata)
 *(.rodata*)
 .rodata.HAL_UART_RxCpltCallback.str1.4
                0x08003454       0x17 build/debug/Core/Src/main.o
 *fill*         0x0800346b        0x1 
 .rodata.APBPrescTable
                0x0800346c       0x20 build/debug/Core/Src/system_stm32c0xx.o
                0x0800346c                APBPrescTable
 .rodata.AHBPrescTable
                0x0800348c       0x40 build/debug/Core/Src/system_stm32c0xx.o
                0x0800348c                AHBPrescTable
 .rodata.UARTPrescTable
                0x080034cc       0x18 build/debug/Drivers/STM32C0xx_HAL_Driver/Src/stm32c0xx_hal_uart.o
                0x080034cc                UARTPrescTable
 .rodata.denominator.0
                0x080034e4        0x8 build/debug/Drivers/STM32C0xx_HAL_Driver/Src/stm32c0xx_hal_uart_ex.o
 .rodata.numerator.1
                0x080034ec        0x8 build/debug/Drivers/STM32C0xx_HAL_Driver/Src/stm32c0xx_hal_uart_ex.o
 .rodata.__utoa.str1.1
                0x080034f4       0x25 c:/Users/kroko/AppData/Roaming/Code/User/globalStorage/bmd.stm32-for-vscode/@xpack-dev-tools/arm-none-eabi-gcc/13.3.1-1.1.1/.content/bin/../lib/gcc/arm-none-eabi/13.3.1/../../../../arm-none-eabi/lib/thumb/v6-m/nofp\libc_nano.a(libc_a-utoa.o)
                0x0800351c                        . = ALIGN (0x4)
 *fill*         0x08003519        0x3 

.ARM.extab
 *(.ARM.extab* .gnu.linkonce.armextab.*)

.ARM            0x0800351c        0x8
                0x0800351c                        __exidx_start = .
 *(.ARM.exidx*)
 .ARM.exidx.text.__udivmoddi4
                0x0800351c        0x8 c:/Users/kroko/AppData/Roaming/Code/User/globalStorage/bmd.stm32-for-vscode/@xpack-dev-tools/arm-none-eabi-gcc/13.3.1-1.1.1/.content/bin/../lib/gcc/arm-none-eabi/13.3.1/thumb/v6-m/nofp\libgcc.a(_udivmoddi4.o)
                0x08003524                        __exidx_end = .

.rel.dyn        0x08003524        0x0
 .rel.iplt      0x08003524        0x0 c:/Users/kroko/AppData/Roaming/Code/User/globalStorage/bmd.stm32-for-vscode/@xpack-dev-tools/arm-none-eabi-gcc/13.3.1-1.1.1/.content/bin/../lib/gcc/arm-none-eabi/13.3.1/thumb/v6-m/nofp/crtbegin.o

.preinit_array  0x08003524        0x0
                0x08003524                        PROVIDE (__preinit_array_start = .)
 *(.preinit_array*)
                0x08003524                        PROVIDE (__preinit_array_end = .)

.init_array     0x08003524        0x4
                0x08003524                        PROVIDE (__init_array_start = .)
 *(SORT_BY_NAME(.init_array.*))
 *(.init_array*)
 .init_array    0x08003524        0x4 c:/Users/kroko/AppData/Roaming/Code/User/globalStorage/bmd.stm32-for-vscode/@xpack-dev-tools/arm-none-eabi-gcc/13.3.1-1.1.1/.content/bin/../lib/gcc/arm-none-eabi/13.3.1/thumb/v6-m/nofp/crtbegin.o
                0x08003528                        PROVIDE (__init_array_end = .)

.fini_array     0x08003528        0x4
                0x08003528                        PROVIDE (__fini_array_start = .)
 *(SORT_BY_NAME(.fini_array.*))
 *(.fini_array*)
 .fini_array    0x08003528        0x4 c:/Users/kroko/AppData/Roaming/Code/User/globalStorage/bmd.stm32-for-vscode/@xpack-dev-tools/arm-none-eabi-gcc/13.3.1-1.1.1/.content/bin/../lib/gcc/arm-none-eabi/13.3.1/thumb/v6-m/nofp/crtbegin.o
                0x0800352c                        PROVIDE (__fini_array_end = .)
                0x0800352c                        _sidata = LOADADDR (.data)

.data           0x20000000        0xc load address 0x0800352c
                0x20000000                        . = ALIGN (0x4)
                0x20000000                        _sdata = .
 *(.data)
 *(.data*)
 .data.SystemCoreClock
                0x20000000        0x4 build/debug/Core/Src/system_stm32c0xx.o
                0x20000000                SystemCoreClock
 .data.uwTickFreq
                0x20000004        0x1 build/debug/Drivers/STM32C0xx_HAL_Driver/Src/stm32c0xx_hal.o
                0x20000004                uwTickFreq
 *fill*         0x20000005        0x3 
 .data.uwTickPrio
                0x20000008        0x4 build/debug/Drivers/STM32C0xx_HAL_Driver/Src/stm32c0xx_hal.o
                0x20000008                uwTickPrio
                0x2000000c                        . = ALIGN (0x4)
                0x2000000c                        _edata = .

.igot.plt       0x2000000c        0x0 load address 0x08003538
 .igot.plt      0x2000000c        0x0 c:/Users/kroko/AppData/Roaming/Code/User/globalStorage/bmd.stm32-for-vscode/@xpack-dev-tools/arm-none-eabi-gcc/13.3.1-1.1.1/.content/bin/../lib/gcc/arm-none-eabi/13.3.1/thumb/v6-m/nofp/crtbegin.o
                0x2000000c                        . = ALIGN (0x4)

.bss            0x2000000c      0x228 load address 0x08003538
                0x2000000c                        _sbss = .
                0x2000000c                        __bss_start__ = _sbss
 *(.bss)
 *(.bss*)
 .bss.completed.1
                0x2000000c        0x1 c:/Users/kroko/AppData/Roaming/Code/User/globalStorage/bmd.stm32-for-vscode/@xpack-dev-tools/arm-none-eabi-gcc/13.3.1-1.1.1/.content/bin/../lib/gcc/arm-none-eabi/13.3.1/thumb/v6-m/nofp/crtbegin.o
 *fill*         0x2000000d        0x3 
 .bss.object.0  0x20000010       0x18 c:/Users/kroko/AppData/Roaming/Code/User/globalStorage/bmd.stm32-for-vscode/@xpack-dev-tools/arm-none-eabi-gcc/13.3.1-1.1.1/.content/bin/../lib/gcc/arm-none-eabi/13.3.1/thumb/v6-m/nofp/crtbegin.o
 .bss.rx_buff   0x20000028        0xa build/debug/Core/Src/main.o
                0x20000028                rx_buff
 *fill*         0x20000032        0x2 
 .bss.temp      0x20000034        0x4 build/debug/Core/Src/main.o
                0x20000034                temp
 .bss.temperatureSensor
                0x20000038       0x18 build/debug/Core/Src/main.o
                0x20000038                temperatureSensor
 .bss.hdma_usart2_tx
                0x20000050       0x5c build/debug/Core/Src/main.o
                0x20000050                hdma_usart2_tx
 .bss.hdma_usart2_rx
                0x200000ac       0x5c build/debug/Core/Src/main.o
                0x200000ac                hdma_usart2_rx
 .bss.huart2    0x20000108       0x94 build/debug/Core/Src/main.o
                0x20000108                huart2
 .bss.huart1    0x2000019c       0x94 build/debug/Core/Src/main.o
                0x2000019c                huart1
 .bss.uwTick    0x20000230        0x4 build/debug/Drivers/STM32C0xx_HAL_Driver/Src/stm32c0xx_hal.o
                0x20000230                uwTick
 *(COMMON)
                0x20000234                        . = ALIGN (0x4)
                0x20000234                        _ebss = .
                0x20000234                        __bss_end__ = _ebss

._user_heap_stack
                0x20000234      0x604 load address 0x08003538
                0x20000238                        . = ALIGN (0x8)
 *fill*         0x20000234        0x4 
                [!provide]                        PROVIDE (end = .)
                0x20000238                        PROVIDE (_end = .)
                0x20000438                        . = (. + _Min_Heap_Size)
 *fill*         0x20000238      0x200 
                0x20000838                        . = (. + _Min_Stack_Size)
 *fill*         0x20000438      0x400 
                0x20000838                        . = ALIGN (0x8)

/DISCARD/
 libc.a(*)
 libm.a(*)
 libgcc.a(*)
OUTPUT(build/DS18B20_sources.elf elf32-littlearm)
LOAD linker stubs
LOAD c:/Users/kroko/AppData/Roaming/Code/User/globalStorage/bmd.stm32-for-vscode/@xpack-dev-tools/arm-none-eabi-gcc/13.3.1-1.1.1/.content/bin/../lib/gcc/arm-none-eabi/13.3.1/../../../../arm-none-eabi/lib/thumb/v6-m/nofp\libc.a
LOAD c:/Users/kroko/AppData/Roaming/Code/User/globalStorage/bmd.stm32-for-vscode/@xpack-dev-tools/arm-none-eabi-gcc/13.3.1-1.1.1/.content/bin/../lib/gcc/arm-none-eabi/13.3.1/../../../../arm-none-eabi/lib/thumb/v6-m/nofp\libm.a
LOAD c:/Users/kroko/AppData/Roaming/Code/User/globalStorage/bmd.stm32-for-vscode/@xpack-dev-tools/arm-none-eabi-gcc/13.3.1-1.1.1/.content/bin/../lib/gcc/arm-none-eabi/13.3.1/thumb/v6-m/nofp\libgcc.a

.ARM.attributes
                0x00000000       0x28
 .ARM.attributes
                0x00000000       0x1e c:/Users/kroko/AppData/Roaming/Code/User/globalStorage/bmd.stm32-for-vscode/@xpack-dev-tools/arm-none-eabi-gcc/13.3.1-1.1.1/.content/bin/../lib/gcc/arm-none-eabi/13.3.1/thumb/v6-m/nofp/crti.o
 .ARM.attributes
                0x0000001e       0x2c c:/Users/kroko/AppData/Roaming/Code/User/globalStorage/bmd.stm32-for-vscode/@xpack-dev-tools/arm-none-eabi-gcc/13.3.1-1.1.1/.content/bin/../lib/gcc/arm-none-eabi/13.3.1/thumb/v6-m/nofp/crtbegin.o
 .ARM.attributes
                0x0000004a       0x2c build/debug/Core/Src/ds18b20.o
 .ARM.attributes
                0x00000076       0x2c build/debug/Core/Src/main.o
 .ARM.attributes
                0x000000a2       0x2c build/debug/Core/Src/onewire.o
 .ARM.attributes
                0x000000ce       0x2c build/debug/Core/Src/stm32c0xx_hal_msp.o
 .ARM.attributes
                0x000000fa       0x2c build/debug/Core/Src/stm32c0xx_it.o
 .ARM.attributes
                0x00000126       0x2c build/debug/Core/Src/system_stm32c0xx.o
 .ARM.attributes
                0x00000152       0x2c build/debug/Drivers/STM32C0xx_HAL_Driver/Src/stm32c0xx_hal.o
 .ARM.attributes
                0x0000017e       0x2c build/debug/Drivers/STM32C0xx_HAL_Driver/Src/stm32c0xx_hal_cortex.o
 .ARM.attributes
                0x000001aa       0x2c build/debug/Drivers/STM32C0xx_HAL_Driver/Src/stm32c0xx_hal_dma.o
 .ARM.attributes
                0x000001d6       0x2c build/debug/Drivers/STM32C0xx_HAL_Driver/Src/stm32c0xx_hal_gpio.o
 .ARM.attributes
                0x00000202       0x2c build/debug/Drivers/STM32C0xx_HAL_Driver/Src/stm32c0xx_hal_rcc.o
 .ARM.attributes
                0x0000022e       0x2c build/debug/Drivers/STM32C0xx_HAL_Driver/Src/stm32c0xx_hal_rcc_ex.o
 .ARM.attributes
                0x0000025a       0x2c build/debug/Drivers/STM32C0xx_HAL_Driver/Src/stm32c0xx_hal_uart.o
 .ARM.attributes
                0x00000286       0x2c build/debug/Drivers/STM32C0xx_HAL_Driver/Src/stm32c0xx_hal_uart_ex.o
 .ARM.attributes
                0x000002b2       0x22 build/debug/startup_stm32c031xx.o
 .ARM.attributes
                0x000002d4       0x2c c:/Users/kroko/AppData/Roaming/Code/User/globalStorage/bmd.stm32-for-vscode/@xpack-dev-tools/arm-none-eabi-gcc/13.3.1-1.1.1/.content/bin/../lib/gcc/arm-none-eabi/13.3.1/../../../../arm-none-eabi/lib/thumb/v6-m/nofp\libc_nano.a(libc_a-itoa.o)
 .ARM.attributes
                0x00000300       0x2c c:/Users/kroko/AppData/Roaming/Code/User/globalStorage/bmd.stm32-for-vscode/@xpack-dev-tools/arm-none-eabi-gcc/13.3.1-1.1.1/.content/bin/../lib/gcc/arm-none-eabi/13.3.1/../../../../arm-none-eabi/lib/thumb/v6-m/nofp\libc_nano.a(libc_a-utoa.o)
 .ARM.attributes
                0x0000032c       0x2c c:/Users/kroko/AppData/Roaming/Code/User/globalStorage/bmd.stm32-for-vscode/@xpack-dev-tools/arm-none-eabi-gcc/13.3.1-1.1.1/.content/bin/../lib/gcc/arm-none-eabi/13.3.1/../../../../arm-none-eabi/lib/thumb/v6-m/nofp\libc_nano.a(libc_a-memset.o)
 .ARM.attributes
                0x00000358       0x2c c:/Users/kroko/AppData/Roaming/Code/User/globalStorage/bmd.stm32-for-vscode/@xpack-dev-tools/arm-none-eabi-gcc/13.3.1-1.1.1/.content/bin/../lib/gcc/arm-none-eabi/13.3.1/../../../../arm-none-eabi/lib/thumb/v6-m/nofp\libc_nano.a(libc_a-init.o)
 .ARM.attributes
                0x00000384       0x2c c:/Users/kroko/AppData/Roaming/Code/User/globalStorage/bmd.stm32-for-vscode/@xpack-dev-tools/arm-none-eabi-gcc/13.3.1-1.1.1/.content/bin/../lib/gcc/arm-none-eabi/13.3.1/../../../../arm-none-eabi/lib/thumb/v6-m/nofp\libc_nano.a(libc_a-memcpy-stub.o)
 .ARM.attributes
                0x000003b0       0x2c c:/Users/kroko/AppData/Roaming/Code/User/globalStorage/bmd.stm32-for-vscode/@xpack-dev-tools/arm-none-eabi-gcc/13.3.1-1.1.1/.content/bin/../lib/gcc/arm-none-eabi/13.3.1/../../../../arm-none-eabi/lib/thumb/v6-m/nofp\libm.a(libm_a-sf_round.o)
 .ARM.attributes
                0x000003dc       0x1e c:/Users/kroko/AppData/Roaming/Code/User/globalStorage/bmd.stm32-for-vscode/@xpack-dev-tools/arm-none-eabi-gcc/13.3.1-1.1.1/.content/bin/../lib/gcc/arm-none-eabi/13.3.1/thumb/v6-m/nofp\libgcc.a(_udivsi3.o)
 .ARM.attributes
                0x000003fa       0x1e c:/Users/kroko/AppData/Roaming/Code/User/globalStorage/bmd.stm32-for-vscode/@xpack-dev-tools/arm-none-eabi-gcc/13.3.1-1.1.1/.content/bin/../lib/gcc/arm-none-eabi/13.3.1/thumb/v6-m/nofp\libgcc.a(_divsi3.o)
 .ARM.attributes
                0x00000418       0x1e c:/Users/kroko/AppData/Roaming/Code/User/globalStorage/bmd.stm32-for-vscode/@xpack-dev-tools/arm-none-eabi-gcc/13.3.1-1.1.1/.content/bin/../lib/gcc/arm-none-eabi/13.3.1/thumb/v6-m/nofp\libgcc.a(_dvmd_tls.o)
 .ARM.attributes
                0x00000436       0x1e c:/Users/kroko/AppData/Roaming/Code/User/globalStorage/bmd.stm32-for-vscode/@xpack-dev-tools/arm-none-eabi-gcc/13.3.1-1.1.1/.content/bin/../lib/gcc/arm-none-eabi/13.3.1/thumb/v6-m/nofp\libgcc.a(_aeabi_uldivmod.o)
 .ARM.attributes
                0x00000454       0x2c c:/Users/kroko/AppData/Roaming/Code/User/globalStorage/bmd.stm32-for-vscode/@xpack-dev-tools/arm-none-eabi-gcc/13.3.1-1.1.1/.content/bin/../lib/gcc/arm-none-eabi/13.3.1/thumb/v6-m/nofp\libgcc.a(_udivmoddi4.o)
 .ARM.attributes
                0x00000480       0x2c c:/Users/kroko/AppData/Roaming/Code/User/globalStorage/bmd.stm32-for-vscode/@xpack-dev-tools/arm-none-eabi-gcc/13.3.1-1.1.1/.content/bin/../lib/gcc/arm-none-eabi/13.3.1/thumb/v6-m/nofp\libgcc.a(addsf3.o)
 .ARM.attributes
                0x000004ac       0x2c c:/Users/kroko/AppData/Roaming/Code/User/globalStorage/bmd.stm32-for-vscode/@xpack-dev-tools/arm-none-eabi-gcc/13.3.1-1.1.1/.content/bin/../lib/gcc/arm-none-eabi/13.3.1/thumb/v6-m/nofp\libgcc.a(mulsf3.o)
 .ARM.attributes
                0x000004d8       0x2c c:/Users/kroko/AppData/Roaming/Code/User/globalStorage/bmd.stm32-for-vscode/@xpack-dev-tools/arm-none-eabi-gcc/13.3.1-1.1.1/.content/bin/../lib/gcc/arm-none-eabi/13.3.1/thumb/v6-m/nofp\libgcc.a(fixsfsi.o)
 .ARM.attributes
                0x00000504       0x2c c:/Users/kroko/AppData/Roaming/Code/User/globalStorage/bmd.stm32-for-vscode/@xpack-dev-tools/arm-none-eabi-gcc/13.3.1-1.1.1/.content/bin/../lib/gcc/arm-none-eabi/13.3.1/thumb/v6-m/nofp\libgcc.a(floatunsisf.o)
 .ARM.attributes
                0x00000530       0x1e c:/Users/kroko/AppData/Roaming/Code/User/globalStorage/bmd.stm32-for-vscode/@xpack-dev-tools/arm-none-eabi-gcc/13.3.1-1.1.1/.content/bin/../lib/gcc/arm-none-eabi/13.3.1/thumb/v6-m/nofp\libgcc.a(_clzsi2.o)
 .ARM.attributes
                0x0000054e       0x1e c:/Users/kroko/AppData/Roaming/Code/User/globalStorage/bmd.stm32-for-vscode/@xpack-dev-tools/arm-none-eabi-gcc/13.3.1-1.1.1/.content/bin/../lib/gcc/arm-none-eabi/13.3.1/thumb/v6-m/nofp\libgcc.a(_clzdi2.o)
 .ARM.attributes
                0x0000056c       0x1e c:/Users/kroko/AppData/Roaming/Code/User/globalStorage/bmd.stm32-for-vscode/@xpack-dev-tools/arm-none-eabi-gcc/13.3.1-1.1.1/.content/bin/../lib/gcc/arm-none-eabi/13.3.1/thumb/v6-m/nofp/crtn.o

.comment        0x00000000       0x39
 .comment       0x00000000       0x39 c:/Users/kroko/AppData/Roaming/Code/User/globalStorage/bmd.stm32-for-vscode/@xpack-dev-tools/arm-none-eabi-gcc/13.3.1-1.1.1/.content/bin/../lib/gcc/arm-none-eabi/13.3.1/thumb/v6-m/nofp/crtbegin.o
                                 0x3a (size before relaxing)
 .comment       0x00000039       0x3a build/debug/Core/Src/ds18b20.o
 .comment       0x00000039       0x3a build/debug/Core/Src/main.o
 .comment       0x00000039       0x3a build/debug/Core/Src/onewire.o
 .comment       0x00000039       0x3a build/debug/Core/Src/stm32c0xx_hal_msp.o
 .comment       0x00000039       0x3a build/debug/Core/Src/stm32c0xx_it.o
 .comment       0x00000039       0x3a build/debug/Core/Src/system_stm32c0xx.o
 .comment       0x00000039       0x3a build/debug/Drivers/STM32C0xx_HAL_Driver/Src/stm32c0xx_hal.o
 .comment       0x00000039       0x3a build/debug/Drivers/STM32C0xx_HAL_Driver/Src/stm32c0xx_hal_cortex.o
 .comment       0x00000039       0x3a build/debug/Drivers/STM32C0xx_HAL_Driver/Src/stm32c0xx_hal_dma.o
 .comment       0x00000039       0x3a build/debug/Drivers/STM32C0xx_HAL_Driver/Src/stm32c0xx_hal_gpio.o
 .comment       0x00000039       0x3a build/debug/Drivers/STM32C0xx_HAL_Driver/Src/stm32c0xx_hal_rcc.o
 .comment       0x00000039       0x3a build/debug/Drivers/STM32C0xx_HAL_Driver/Src/stm32c0xx_hal_rcc_ex.o
 .comment       0x00000039       0x3a build/debug/Drivers/STM32C0xx_HAL_Driver/Src/stm32c0xx_hal_uart.o
 .comment       0x00000039       0x3a build/debug/Drivers/STM32C0xx_HAL_Driver/Src/stm32c0xx_hal_uart_ex.o
 .comment       0x00000039       0x3a c:/Users/kroko/AppData/Roaming/Code/User/globalStorage/bmd.stm32-for-vscode/@xpack-dev-tools/arm-none-eabi-gcc/13.3.1-1.1.1/.content/bin/../lib/gcc/arm-none-eabi/13.3.1/../../../../arm-none-eabi/lib/thumb/v6-m/nofp\libc_nano.a(libc_a-itoa.o)
 .comment       0x00000039       0x3a c:/Users/kroko/AppData/Roaming/Code/User/globalStorage/bmd.stm32-for-vscode/@xpack-dev-tools/arm-none-eabi-gcc/13.3.1-1.1.1/.content/bin/../lib/gcc/arm-none-eabi/13.3.1/../../../../arm-none-eabi/lib/thumb/v6-m/nofp\libc_nano.a(libc_a-utoa.o)
 .comment       0x00000039       0x3a c:/Users/kroko/AppData/Roaming/Code/User/globalStorage/bmd.stm32-for-vscode/@xpack-dev-tools/arm-none-eabi-gcc/13.3.1-1.1.1/.content/bin/../lib/gcc/arm-none-eabi/13.3.1/../../../../arm-none-eabi/lib/thumb/v6-m/nofp\libc_nano.a(libc_a-memset.o)
 .comment       0x00000039       0x3a c:/Users/kroko/AppData/Roaming/Code/User/globalStorage/bmd.stm32-for-vscode/@xpack-dev-tools/arm-none-eabi-gcc/13.3.1-1.1.1/.content/bin/../lib/gcc/arm-none-eabi/13.3.1/../../../../arm-none-eabi/lib/thumb/v6-m/nofp\libc_nano.a(libc_a-init.o)
 .comment       0x00000039       0x3a c:/Users/kroko/AppData/Roaming/Code/User/globalStorage/bmd.stm32-for-vscode/@xpack-dev-tools/arm-none-eabi-gcc/13.3.1-1.1.1/.content/bin/../lib/gcc/arm-none-eabi/13.3.1/../../../../arm-none-eabi/lib/thumb/v6-m/nofp\libc_nano.a(libc_a-memcpy-stub.o)
 .comment       0x00000039       0x3a c:/Users/kroko/AppData/Roaming/Code/User/globalStorage/bmd.stm32-for-vscode/@xpack-dev-tools/arm-none-eabi-gcc/13.3.1-1.1.1/.content/bin/../lib/gcc/arm-none-eabi/13.3.1/../../../../arm-none-eabi/lib/thumb/v6-m/nofp\libm.a(libm_a-sf_round.o)
 .comment       0x00000039       0x3a c:/Users/kroko/AppData/Roaming/Code/User/globalStorage/bmd.stm32-for-vscode/@xpack-dev-tools/arm-none-eabi-gcc/13.3.1-1.1.1/.content/bin/../lib/gcc/arm-none-eabi/13.3.1/thumb/v6-m/nofp\libgcc.a(_udivmoddi4.o)
 .comment       0x00000039       0x3a c:/Users/kroko/AppData/Roaming/Code/User/globalStorage/bmd.stm32-for-vscode/@xpack-dev-tools/arm-none-eabi-gcc/13.3.1-1.1.1/.content/bin/../lib/gcc/arm-none-eabi/13.3.1/thumb/v6-m/nofp\libgcc.a(addsf3.o)
 .comment       0x00000039       0x3a c:/Users/kroko/AppData/Roaming/Code/User/globalStorage/bmd.stm32-for-vscode/@xpack-dev-tools/arm-none-eabi-gcc/13.3.1-1.1.1/.content/bin/../lib/gcc/arm-none-eabi/13.3.1/thumb/v6-m/nofp\libgcc.a(mulsf3.o)
 .comment       0x00000039       0x3a c:/Users/kroko/AppData/Roaming/Code/User/globalStorage/bmd.stm32-for-vscode/@xpack-dev-tools/arm-none-eabi-gcc/13.3.1-1.1.1/.content/bin/../lib/gcc/arm-none-eabi/13.3.1/thumb/v6-m/nofp\libgcc.a(fixsfsi.o)
 .comment       0x00000039       0x3a c:/Users/kroko/AppData/Roaming/Code/User/globalStorage/bmd.stm32-for-vscode/@xpack-dev-tools/arm-none-eabi-gcc/13.3.1-1.1.1/.content/bin/../lib/gcc/arm-none-eabi/13.3.1/thumb/v6-m/nofp\libgcc.a(floatunsisf.o)

.debug_info     0x00000000     0xfedc
 .debug_info    0x00000000      0xe55 build/debug/Core/Src/ds18b20.o
 .debug_info    0x00000e55     0x15b6 build/debug/Core/Src/main.o
 .debug_info    0x0000240b      0xae4 build/debug/Core/Src/onewire.o
 .debug_info    0x00002eef      0xe2e build/debug/Core/Src/stm32c0xx_hal_msp.o
 .debug_info    0x00003d1d      0x82b build/debug/Core/Src/stm32c0xx_it.o
 .debug_info    0x00004548      0x3ab build/debug/Core/Src/system_stm32c0xx.o
 .debug_info    0x000048f3      0x907 build/debug/Drivers/STM32C0xx_HAL_Driver/Src/stm32c0xx_hal.o
 .debug_info    0x000051fa      0x9c6 build/debug/Drivers/STM32C0xx_HAL_Driver/Src/stm32c0xx_hal_cortex.o
 .debug_info    0x00005bc0      0x9c6 build/debug/Drivers/STM32C0xx_HAL_Driver/Src/stm32c0xx_hal_dma.o
 .debug_info    0x00006586      0x607 build/debug/Drivers/STM32C0xx_HAL_Driver/Src/stm32c0xx_hal_gpio.o
 .debug_info    0x00006b8d      0xb2d build/debug/Drivers/STM32C0xx_HAL_Driver/Src/stm32c0xx_hal_rcc.o
 .debug_info    0x000076ba      0x60f build/debug/Drivers/STM32C0xx_HAL_Driver/Src/stm32c0xx_hal_rcc_ex.o
 .debug_info    0x00007cc9     0x6093 build/debug/Drivers/STM32C0xx_HAL_Driver/Src/stm32c0xx_hal_uart.o
 .debug_info    0x0000dd5c     0x11d3 build/debug/Drivers/STM32C0xx_HAL_Driver/Src/stm32c0xx_hal_uart_ex.o
 .debug_info    0x0000ef2f       0x30 build/debug/startup_stm32c031xx.o
 .debug_info    0x0000ef5f       0x3e c:/Users/kroko/AppData/Roaming/Code/User/globalStorage/bmd.stm32-for-vscode/@xpack-dev-tools/arm-none-eabi-gcc/13.3.1-1.1.1/.content/bin/../lib/gcc/arm-none-eabi/13.3.1/thumb/v6-m/nofp\libgcc.a(_udivsi3.o)
 .debug_info    0x0000ef9d       0x3e c:/Users/kroko/AppData/Roaming/Code/User/globalStorage/bmd.stm32-for-vscode/@xpack-dev-tools/arm-none-eabi-gcc/13.3.1-1.1.1/.content/bin/../lib/gcc/arm-none-eabi/13.3.1/thumb/v6-m/nofp\libgcc.a(_divsi3.o)
 .debug_info    0x0000efdb       0x3c c:/Users/kroko/AppData/Roaming/Code/User/globalStorage/bmd.stm32-for-vscode/@xpack-dev-tools/arm-none-eabi-gcc/13.3.1-1.1.1/.content/bin/../lib/gcc/arm-none-eabi/13.3.1/thumb/v6-m/nofp\libgcc.a(_dvmd_tls.o)
 .debug_info    0x0000f017       0x31 c:/Users/kroko/AppData/Roaming/Code/User/globalStorage/bmd.stm32-for-vscode/@xpack-dev-tools/arm-none-eabi-gcc/13.3.1-1.1.1/.content/bin/../lib/gcc/arm-none-eabi/13.3.1/thumb/v6-m/nofp\libgcc.a(_aeabi_uldivmod.o)
 .debug_info    0x0000f048      0x3b1 c:/Users/kroko/AppData/Roaming/Code/User/globalStorage/bmd.stm32-for-vscode/@xpack-dev-tools/arm-none-eabi-gcc/13.3.1-1.1.1/.content/bin/../lib/gcc/arm-none-eabi/13.3.1/thumb/v6-m/nofp\libgcc.a(_udivmoddi4.o)
 .debug_info    0x0000f3f9      0x316 c:/Users/kroko/AppData/Roaming/Code/User/globalStorage/bmd.stm32-for-vscode/@xpack-dev-tools/arm-none-eabi-gcc/13.3.1-1.1.1/.content/bin/../lib/gcc/arm-none-eabi/13.3.1/thumb/v6-m/nofp\libgcc.a(addsf3.o)
 .debug_info    0x0000f70f      0x3ad c:/Users/kroko/AppData/Roaming/Code/User/globalStorage/bmd.stm32-for-vscode/@xpack-dev-tools/arm-none-eabi-gcc/13.3.1-1.1.1/.content/bin/../lib/gcc/arm-none-eabi/13.3.1/thumb/v6-m/nofp\libgcc.a(mulsf3.o)
 .debug_info    0x0000fabc      0x1a8 c:/Users/kroko/AppData/Roaming/Code/User/globalStorage/bmd.stm32-for-vscode/@xpack-dev-tools/arm-none-eabi-gcc/13.3.1-1.1.1/.content/bin/../lib/gcc/arm-none-eabi/13.3.1/thumb/v6-m/nofp\libgcc.a(fixsfsi.o)
 .debug_info    0x0000fc64      0x223 c:/Users/kroko/AppData/Roaming/Code/User/globalStorage/bmd.stm32-for-vscode/@xpack-dev-tools/arm-none-eabi-gcc/13.3.1-1.1.1/.content/bin/../lib/gcc/arm-none-eabi/13.3.1/thumb/v6-m/nofp\libgcc.a(floatunsisf.o)
 .debug_info    0x0000fe87       0x31 c:/Users/kroko/AppData/Roaming/Code/User/globalStorage/bmd.stm32-for-vscode/@xpack-dev-tools/arm-none-eabi-gcc/13.3.1-1.1.1/.content/bin/../lib/gcc/arm-none-eabi/13.3.1/thumb/v6-m/nofp\libgcc.a(_clzsi2.o)
 .debug_info    0x0000feb8       0x24 c:/Users/kroko/AppData/Roaming/Code/User/globalStorage/bmd.stm32-for-vscode/@xpack-dev-tools/arm-none-eabi-gcc/13.3.1-1.1.1/.content/bin/../lib/gcc/arm-none-eabi/13.3.1/thumb/v6-m/nofp\libgcc.a(_clzdi2.o)

.debug_abbrev   0x00000000     0x2b18
 .debug_abbrev  0x00000000      0x2f4 build/debug/Core/Src/ds18b20.o
 .debug_abbrev  0x000002f4      0x35f build/debug/Core/Src/main.o
 .debug_abbrev  0x00000653      0x213 build/debug/Core/Src/onewire.o
 .debug_abbrev  0x00000866      0x227 build/debug/Core/Src/stm32c0xx_hal_msp.o
 .debug_abbrev  0x00000a8d      0x18d build/debug/Core/Src/stm32c0xx_it.o
 .debug_abbrev  0x00000c1a      0x133 build/debug/Core/Src/system_stm32c0xx.o
 .debug_abbrev  0x00000d4d      0x30c build/debug/Drivers/STM32C0xx_HAL_Driver/Src/stm32c0xx_hal.o
 .debug_abbrev  0x00001059      0x315 build/debug/Drivers/STM32C0xx_HAL_Driver/Src/stm32c0xx_hal_cortex.o
 .debug_abbrev  0x0000136e      0x1e0 build/debug/Drivers/STM32C0xx_HAL_Driver/Src/stm32c0xx_hal_dma.o
 .debug_abbrev  0x0000154e      0x207 build/debug/Drivers/STM32C0xx_HAL_Driver/Src/stm32c0xx_hal_gpio.o
 .debug_abbrev  0x00001755      0x2c0 build/debug/Drivers/STM32C0xx_HAL_Driver/Src/stm32c0xx_hal_rcc.o
 .debug_abbrev  0x00001a15      0x297 build/debug/Drivers/STM32C0xx_HAL_Driver/Src/stm32c0xx_hal_rcc_ex.o
 .debug_abbrev  0x00001cac      0x375 build/debug/Drivers/STM32C0xx_HAL_Driver/Src/stm32c0xx_hal_uart.o
 .debug_abbrev  0x00002021      0x356 build/debug/Drivers/STM32C0xx_HAL_Driver/Src/stm32c0xx_hal_uart_ex.o
 .debug_abbrev  0x00002377       0x24 build/debug/startup_stm32c031xx.o
 .debug_abbrev  0x0000239b       0x28 c:/Users/kroko/AppData/Roaming/Code/User/globalStorage/bmd.stm32-for-vscode/@xpack-dev-tools/arm-none-eabi-gcc/13.3.1-1.1.1/.content/bin/../lib/gcc/arm-none-eabi/13.3.1/thumb/v6-m/nofp\libgcc.a(_udivsi3.o)
 .debug_abbrev  0x000023c3       0x28 c:/Users/kroko/AppData/Roaming/Code/User/globalStorage/bmd.stm32-for-vscode/@xpack-dev-tools/arm-none-eabi-gcc/13.3.1-1.1.1/.content/bin/../lib/gcc/arm-none-eabi/13.3.1/thumb/v6-m/nofp\libgcc.a(_divsi3.o)
 .debug_abbrev  0x000023eb       0x26 c:/Users/kroko/AppData/Roaming/Code/User/globalStorage/bmd.stm32-for-vscode/@xpack-dev-tools/arm-none-eabi-gcc/13.3.1-1.1.1/.content/bin/../lib/gcc/arm-none-eabi/13.3.1/thumb/v6-m/nofp\libgcc.a(_dvmd_tls.o)
 .debug_abbrev  0x00002411       0x28 c:/Users/kroko/AppData/Roaming/Code/User/globalStorage/bmd.stm32-for-vscode/@xpack-dev-tools/arm-none-eabi-gcc/13.3.1-1.1.1/.content/bin/../lib/gcc/arm-none-eabi/13.3.1/thumb/v6-m/nofp\libgcc.a(_aeabi_uldivmod.o)
 .debug_abbrev  0x00002439      0x120 c:/Users/kroko/AppData/Roaming/Code/User/globalStorage/bmd.stm32-for-vscode/@xpack-dev-tools/arm-none-eabi-gcc/13.3.1-1.1.1/.content/bin/../lib/gcc/arm-none-eabi/13.3.1/thumb/v6-m/nofp\libgcc.a(_udivmoddi4.o)
 .debug_abbrev  0x00002559      0x15c c:/Users/kroko/AppData/Roaming/Code/User/globalStorage/bmd.stm32-for-vscode/@xpack-dev-tools/arm-none-eabi-gcc/13.3.1-1.1.1/.content/bin/../lib/gcc/arm-none-eabi/13.3.1/thumb/v6-m/nofp\libgcc.a(addsf3.o)
 .debug_abbrev  0x000026b5      0x164 c:/Users/kroko/AppData/Roaming/Code/User/globalStorage/bmd.stm32-for-vscode/@xpack-dev-tools/arm-none-eabi-gcc/13.3.1-1.1.1/.content/bin/../lib/gcc/arm-none-eabi/13.3.1/thumb/v6-m/nofp\libgcc.a(mulsf3.o)
 .debug_abbrev  0x00002819      0x154 c:/Users/kroko/AppData/Roaming/Code/User/globalStorage/bmd.stm32-for-vscode/@xpack-dev-tools/arm-none-eabi-gcc/13.3.1-1.1.1/.content/bin/../lib/gcc/arm-none-eabi/13.3.1/thumb/v6-m/nofp\libgcc.a(fixsfsi.o)
 .debug_abbrev  0x0000296d      0x16f c:/Users/kroko/AppData/Roaming/Code/User/globalStorage/bmd.stm32-for-vscode/@xpack-dev-tools/arm-none-eabi-gcc/13.3.1-1.1.1/.content/bin/../lib/gcc/arm-none-eabi/13.3.1/thumb/v6-m/nofp\libgcc.a(floatunsisf.o)
 .debug_abbrev  0x00002adc       0x28 c:/Users/kroko/AppData/Roaming/Code/User/globalStorage/bmd.stm32-for-vscode/@xpack-dev-tools/arm-none-eabi-gcc/13.3.1-1.1.1/.content/bin/../lib/gcc/arm-none-eabi/13.3.1/thumb/v6-m/nofp\libgcc.a(_clzsi2.o)
 .debug_abbrev  0x00002b04       0x14 c:/Users/kroko/AppData/Roaming/Code/User/globalStorage/bmd.stm32-for-vscode/@xpack-dev-tools/arm-none-eabi-gcc/13.3.1-1.1.1/.content/bin/../lib/gcc/arm-none-eabi/13.3.1/thumb/v6-m/nofp\libgcc.a(_clzdi2.o)

.debug_loclists
                0x00000000     0x6650
 .debug_loclists
                0x00000000      0x40b build/debug/Core/Src/ds18b20.o
 .debug_loclists
                0x0000040b       0x35 build/debug/Core/Src/main.o
 .debug_loclists
                0x00000440      0x221 build/debug/Core/Src/onewire.o
 .debug_loclists
                0x00000661       0x78 build/debug/Core/Src/stm32c0xx_hal_msp.o
 .debug_loclists
                0x000006d9       0x48 build/debug/Core/Src/system_stm32c0xx.o
 .debug_loclists
                0x00000721      0x19a build/debug/Drivers/STM32C0xx_HAL_Driver/Src/stm32c0xx_hal.o
 .debug_loclists
                0x000008bb      0x225 build/debug/Drivers/STM32C0xx_HAL_Driver/Src/stm32c0xx_hal_cortex.o
 .debug_loclists
                0x00000ae0      0x696 build/debug/Drivers/STM32C0xx_HAL_Driver/Src/stm32c0xx_hal_dma.o
 .debug_loclists
                0x00001176      0x307 build/debug/Drivers/STM32C0xx_HAL_Driver/Src/stm32c0xx_hal_gpio.o
 .debug_loclists
                0x0000147d      0x47d build/debug/Drivers/STM32C0xx_HAL_Driver/Src/stm32c0xx_hal_rcc.o
 .debug_loclists
                0x000018fa      0x49d build/debug/Drivers/STM32C0xx_HAL_Driver/Src/stm32c0xx_hal_rcc_ex.o
 .debug_loclists
                0x00001d97     0x2bcb build/debug/Drivers/STM32C0xx_HAL_Driver/Src/stm32c0xx_hal_uart.o
 .debug_loclists
                0x00004962      0x847 build/debug/Drivers/STM32C0xx_HAL_Driver/Src/stm32c0xx_hal_uart_ex.o
 .debug_loclists
                0x000051a9      0x2b8 c:/Users/kroko/AppData/Roaming/Code/User/globalStorage/bmd.stm32-for-vscode/@xpack-dev-tools/arm-none-eabi-gcc/13.3.1-1.1.1/.content/bin/../lib/gcc/arm-none-eabi/13.3.1/thumb/v6-m/nofp\libgcc.a(_udivmoddi4.o)
 .debug_loclists
                0x00005461      0x869 c:/Users/kroko/AppData/Roaming/Code/User/globalStorage/bmd.stm32-for-vscode/@xpack-dev-tools/arm-none-eabi-gcc/13.3.1-1.1.1/.content/bin/../lib/gcc/arm-none-eabi/13.3.1/thumb/v6-m/nofp\libgcc.a(addsf3.o)
 .debug_loclists
                0x00005cca      0x6d2 c:/Users/kroko/AppData/Roaming/Code/User/globalStorage/bmd.stm32-for-vscode/@xpack-dev-tools/arm-none-eabi-gcc/13.3.1-1.1.1/.content/bin/../lib/gcc/arm-none-eabi/13.3.1/thumb/v6-m/nofp\libgcc.a(mulsf3.o)
 .debug_loclists
                0x0000639c       0xa2 c:/Users/kroko/AppData/Roaming/Code/User/globalStorage/bmd.stm32-for-vscode/@xpack-dev-tools/arm-none-eabi-gcc/13.3.1-1.1.1/.content/bin/../lib/gcc/arm-none-eabi/13.3.1/thumb/v6-m/nofp\libgcc.a(fixsfsi.o)
 .debug_loclists
                0x0000643e      0x212 c:/Users/kroko/AppData/Roaming/Code/User/globalStorage/bmd.stm32-for-vscode/@xpack-dev-tools/arm-none-eabi-gcc/13.3.1-1.1.1/.content/bin/../lib/gcc/arm-none-eabi/13.3.1/thumb/v6-m/nofp\libgcc.a(floatunsisf.o)

.debug_aranges  0x00000000      0x9a8
 .debug_aranges
                0x00000000       0x68 build/debug/Core/Src/ds18b20.o
 .debug_aranges
                0x00000068       0x68 build/debug/Core/Src/main.o
 .debug_aranges
                0x000000d0       0x38 build/debug/Core/Src/onewire.o
 .debug_aranges
                0x00000108       0x30 build/debug/Core/Src/stm32c0xx_hal_msp.o
 .debug_aranges
                0x00000138       0x58 build/debug/Core/Src/stm32c0xx_it.o
 .debug_aranges
                0x00000190       0x28 build/debug/Core/Src/system_stm32c0xx.o
 .debug_aranges
                0x000001b8       0xf0 build/debug/Drivers/STM32C0xx_HAL_Driver/Src/stm32c0xx_hal.o
 .debug_aranges
                0x000002a8       0xc0 build/debug/Drivers/STM32C0xx_HAL_Driver/Src/stm32c0xx_hal_cortex.o
 .debug_aranges
                0x00000368       0x90 build/debug/Drivers/STM32C0xx_HAL_Driver/Src/stm32c0xx_hal_dma.o
 .debug_aranges
                0x000003f8       0x68 build/debug/Drivers/STM32C0xx_HAL_Driver/Src/stm32c0xx_hal_gpio.o
 .debug_aranges
                0x00000460       0x90 build/debug/Drivers/STM32C0xx_HAL_Driver/Src/stm32c0xx_hal_rcc.o
 .debug_aranges
                0x000004f0       0x40 build/debug/Drivers/STM32C0xx_HAL_Driver/Src/stm32c0xx_hal_rcc_ex.o
 .debug_aranges
                0x00000530      0x248 build/debug/Drivers/STM32C0xx_HAL_Driver/Src/stm32c0xx_hal_uart.o
 .debug_aranges
                0x00000778       0xa8 build/debug/Drivers/STM32C0xx_HAL_Driver/Src/stm32c0xx_hal_uart_ex.o
 .debug_aranges
                0x00000820       0x28 build/debug/startup_stm32c031xx.o
 .debug_aranges
                0x00000848       0x20 c:/Users/kroko/AppData/Roaming/Code/User/globalStorage/bmd.stm32-for-vscode/@xpack-dev-tools/arm-none-eabi-gcc/13.3.1-1.1.1/.content/bin/../lib/gcc/arm-none-eabi/13.3.1/thumb/v6-m/nofp\libgcc.a(_udivsi3.o)
 .debug_aranges
                0x00000868       0x20 c:/Users/kroko/AppData/Roaming/Code/User/globalStorage/bmd.stm32-for-vscode/@xpack-dev-tools/arm-none-eabi-gcc/13.3.1-1.1.1/.content/bin/../lib/gcc/arm-none-eabi/13.3.1/thumb/v6-m/nofp\libgcc.a(_divsi3.o)
 .debug_aranges
                0x00000888       0x20 c:/Users/kroko/AppData/Roaming/Code/User/globalStorage/bmd.stm32-for-vscode/@xpack-dev-tools/arm-none-eabi-gcc/13.3.1-1.1.1/.content/bin/../lib/gcc/arm-none-eabi/13.3.1/thumb/v6-m/nofp\libgcc.a(_dvmd_tls.o)
 .debug_aranges
                0x000008a8       0x20 c:/Users/kroko/AppData/Roaming/Code/User/globalStorage/bmd.stm32-for-vscode/@xpack-dev-tools/arm-none-eabi-gcc/13.3.1-1.1.1/.content/bin/../lib/gcc/arm-none-eabi/13.3.1/thumb/v6-m/nofp\libgcc.a(_aeabi_uldivmod.o)
 .debug_aranges
                0x000008c8       0x20 c:/Users/kroko/AppData/Roaming/Code/User/globalStorage/bmd.stm32-for-vscode/@xpack-dev-tools/arm-none-eabi-gcc/13.3.1-1.1.1/.content/bin/../lib/gcc/arm-none-eabi/13.3.1/thumb/v6-m/nofp\libgcc.a(_udivmoddi4.o)
 .debug_aranges
                0x000008e8       0x20 c:/Users/kroko/AppData/Roaming/Code/User/globalStorage/bmd.stm32-for-vscode/@xpack-dev-tools/arm-none-eabi-gcc/13.3.1-1.1.1/.content/bin/../lib/gcc/arm-none-eabi/13.3.1/thumb/v6-m/nofp\libgcc.a(addsf3.o)
 .debug_aranges
                0x00000908       0x20 c:/Users/kroko/AppData/Roaming/Code/User/globalStorage/bmd.stm32-for-vscode/@xpack-dev-tools/arm-none-eabi-gcc/13.3.1-1.1.1/.content/bin/../lib/gcc/arm-none-eabi/13.3.1/thumb/v6-m/nofp\libgcc.a(mulsf3.o)
 .debug_aranges
                0x00000928       0x20 c:/Users/kroko/AppData/Roaming/Code/User/globalStorage/bmd.stm32-for-vscode/@xpack-dev-tools/arm-none-eabi-gcc/13.3.1-1.1.1/.content/bin/../lib/gcc/arm-none-eabi/13.3.1/thumb/v6-m/nofp\libgcc.a(fixsfsi.o)
 .debug_aranges
                0x00000948       0x20 c:/Users/kroko/AppData/Roaming/Code/User/globalStorage/bmd.stm32-for-vscode/@xpack-dev-tools/arm-none-eabi-gcc/13.3.1-1.1.1/.content/bin/../lib/gcc/arm-none-eabi/13.3.1/thumb/v6-m/nofp\libgcc.a(floatunsisf.o)
 .debug_aranges
                0x00000968       0x20 c:/Users/kroko/AppData/Roaming/Code/User/globalStorage/bmd.stm32-for-vscode/@xpack-dev-tools/arm-none-eabi-gcc/13.3.1-1.1.1/.content/bin/../lib/gcc/arm-none-eabi/13.3.1/thumb/v6-m/nofp\libgcc.a(_clzsi2.o)
 .debug_aranges
                0x00000988       0x20 c:/Users/kroko/AppData/Roaming/Code/User/globalStorage/bmd.stm32-for-vscode/@xpack-dev-tools/arm-none-eabi-gcc/13.3.1-1.1.1/.content/bin/../lib/gcc/arm-none-eabi/13.3.1/thumb/v6-m/nofp\libgcc.a(_clzdi2.o)

.debug_rnglists
                0x00000000      0xa11
 .debug_rnglists
                0x00000000       0x96 build/debug/Core/Src/ds18b20.o
 .debug_rnglists
                0x00000096       0x4a build/debug/Core/Src/main.o
 .debug_rnglists
                0x000000e0       0x3e build/debug/Core/Src/onewire.o
 .debug_rnglists
                0x0000011e       0x20 build/debug/Core/Src/stm32c0xx_hal_msp.o
 .debug_rnglists
                0x0000013e       0x3d build/debug/Core/Src/stm32c0xx_it.o
 .debug_rnglists
                0x0000017b       0x1a build/debug/Core/Src/system_stm32c0xx.o
 .debug_rnglists
                0x00000195       0xaf build/debug/Drivers/STM32C0xx_HAL_Driver/Src/stm32c0xx_hal.o
 .debug_rnglists
                0x00000244       0x97 build/debug/Drivers/STM32C0xx_HAL_Driver/Src/stm32c0xx_hal_cortex.o
 .debug_rnglists
                0x000002db       0x6e build/debug/Drivers/STM32C0xx_HAL_Driver/Src/stm32c0xx_hal_dma.o
 .debug_rnglists
                0x00000349       0x4b build/debug/Drivers/STM32C0xx_HAL_Driver/Src/stm32c0xx_hal_gpio.o
 .debug_rnglists
                0x00000394       0x8a build/debug/Drivers/STM32C0xx_HAL_Driver/Src/stm32c0xx_hal_rcc.o
 .debug_rnglists
                0x0000041e       0x3f build/debug/Drivers/STM32C0xx_HAL_Driver/Src/stm32c0xx_hal_rcc_ex.o
 .debug_rnglists
                0x0000045d      0x25c build/debug/Drivers/STM32C0xx_HAL_Driver/Src/stm32c0xx_hal_uart.o
 .debug_rnglists
                0x000006b9       0xac build/debug/Drivers/STM32C0xx_HAL_Driver/Src/stm32c0xx_hal_uart_ex.o
 .debug_rnglists
                0x00000765       0x19 build/debug/startup_stm32c031xx.o
 .debug_rnglists
                0x0000077e       0x14 c:/Users/kroko/AppData/Roaming/Code/User/globalStorage/bmd.stm32-for-vscode/@xpack-dev-tools/arm-none-eabi-gcc/13.3.1-1.1.1/.content/bin/../lib/gcc/arm-none-eabi/13.3.1/thumb/v6-m/nofp\libgcc.a(_udivmoddi4.o)
 .debug_rnglists
                0x00000792      0x176 c:/Users/kroko/AppData/Roaming/Code/User/globalStorage/bmd.stm32-for-vscode/@xpack-dev-tools/arm-none-eabi-gcc/13.3.1-1.1.1/.content/bin/../lib/gcc/arm-none-eabi/13.3.1/thumb/v6-m/nofp\libgcc.a(addsf3.o)
 .debug_rnglists
                0x00000908       0x85 c:/Users/kroko/AppData/Roaming/Code/User/globalStorage/bmd.stm32-for-vscode/@xpack-dev-tools/arm-none-eabi-gcc/13.3.1-1.1.1/.content/bin/../lib/gcc/arm-none-eabi/13.3.1/thumb/v6-m/nofp\libgcc.a(mulsf3.o)
 .debug_rnglists
                0x0000098d       0x2b c:/Users/kroko/AppData/Roaming/Code/User/globalStorage/bmd.stm32-for-vscode/@xpack-dev-tools/arm-none-eabi-gcc/13.3.1-1.1.1/.content/bin/../lib/gcc/arm-none-eabi/13.3.1/thumb/v6-m/nofp\libgcc.a(fixsfsi.o)
 .debug_rnglists
                0x000009b8       0x59 c:/Users/kroko/AppData/Roaming/Code/User/globalStorage/bmd.stm32-for-vscode/@xpack-dev-tools/arm-none-eabi-gcc/13.3.1-1.1.1/.content/bin/../lib/gcc/arm-none-eabi/13.3.1/thumb/v6-m/nofp\libgcc.a(floatunsisf.o)

.debug_line     0x00000000     0xc258
 .debug_line    0x00000000      0x687 build/debug/Core/Src/ds18b20.o
 .debug_line    0x00000687      0x642 build/debug/Core/Src/main.o
 .debug_line    0x00000cc9      0x3e0 build/debug/Core/Src/onewire.o
 .debug_line    0x000010a9      0x4a2 build/debug/Core/Src/stm32c0xx_hal_msp.o
 .debug_line    0x0000154b      0x30e build/debug/Core/Src/stm32c0xx_it.o
 .debug_line    0x00001859      0x2c4 build/debug/Core/Src/system_stm32c0xx.o
 .debug_line    0x00001b1d      0x694 build/debug/Drivers/STM32C0xx_HAL_Driver/Src/stm32c0xx_hal.o
 .debug_line    0x000021b1      0x74d build/debug/Drivers/STM32C0xx_HAL_Driver/Src/stm32c0xx_hal_cortex.o
 .debug_line    0x000028fe      0xbf5 build/debug/Drivers/STM32C0xx_HAL_Driver/Src/stm32c0xx_hal_dma.o
 .debug_line    0x000034f3      0x7ae build/debug/Drivers/STM32C0xx_HAL_Driver/Src/stm32c0xx_hal_gpio.o
 .debug_line    0x00003ca1      0xbd0 build/debug/Drivers/STM32C0xx_HAL_Driver/Src/stm32c0xx_hal_rcc.o
 .debug_line    0x00004871      0x6a5 build/debug/Drivers/STM32C0xx_HAL_Driver/Src/stm32c0xx_hal_rcc_ex.o
 .debug_line    0x00004f16     0x4db2 build/debug/Drivers/STM32C0xx_HAL_Driver/Src/stm32c0xx_hal_uart.o
 .debug_line    0x00009cc8      0xbfd build/debug/Drivers/STM32C0xx_HAL_Driver/Src/stm32c0xx_hal_uart_ex.o
 .debug_line    0x0000a8c5       0x79 build/debug/startup_stm32c031xx.o
 .debug_line    0x0000a93e       0x56 c:/Users/kroko/AppData/Roaming/Code/User/globalStorage/bmd.stm32-for-vscode/@xpack-dev-tools/arm-none-eabi-gcc/13.3.1-1.1.1/.content/bin/../lib/gcc/arm-none-eabi/13.3.1/thumb/v6-m/nofp\libgcc.a(_udivsi3.o)
 .debug_line    0x0000a994       0x5d c:/Users/kroko/AppData/Roaming/Code/User/globalStorage/bmd.stm32-for-vscode/@xpack-dev-tools/arm-none-eabi-gcc/13.3.1-1.1.1/.content/bin/../lib/gcc/arm-none-eabi/13.3.1/thumb/v6-m/nofp\libgcc.a(_divsi3.o)
 .debug_line    0x0000a9f1       0x4a c:/Users/kroko/AppData/Roaming/Code/User/globalStorage/bmd.stm32-for-vscode/@xpack-dev-tools/arm-none-eabi-gcc/13.3.1-1.1.1/.content/bin/../lib/gcc/arm-none-eabi/13.3.1/thumb/v6-m/nofp\libgcc.a(_dvmd_tls.o)
 .debug_line    0x0000aa3b       0x55 c:/Users/kroko/AppData/Roaming/Code/User/globalStorage/bmd.stm32-for-vscode/@xpack-dev-tools/arm-none-eabi-gcc/13.3.1-1.1.1/.content/bin/../lib/gcc/arm-none-eabi/13.3.1/thumb/v6-m/nofp\libgcc.a(_aeabi_uldivmod.o)
 .debug_line    0x0000aa90      0x205 c:/Users/kroko/AppData/Roaming/Code/User/globalStorage/bmd.stm32-for-vscode/@xpack-dev-tools/arm-none-eabi-gcc/13.3.1-1.1.1/.content/bin/../lib/gcc/arm-none-eabi/13.3.1/thumb/v6-m/nofp\libgcc.a(_udivmoddi4.o)
 .debug_line    0x0000ac95      0xaf2 c:/Users/kroko/AppData/Roaming/Code/User/globalStorage/bmd.stm32-for-vscode/@xpack-dev-tools/arm-none-eabi-gcc/13.3.1-1.1.1/.content/bin/../lib/gcc/arm-none-eabi/13.3.1/thumb/v6-m/nofp\libgcc.a(addsf3.o)
 .debug_line    0x0000b787      0x63e c:/Users/kroko/AppData/Roaming/Code/User/globalStorage/bmd.stm32-for-vscode/@xpack-dev-tools/arm-none-eabi-gcc/13.3.1-1.1.1/.content/bin/../lib/gcc/arm-none-eabi/13.3.1/thumb/v6-m/nofp\libgcc.a(mulsf3.o)
 .debug_line    0x0000bdc5      0x196 c:/Users/kroko/AppData/Roaming/Code/User/globalStorage/bmd.stm32-for-vscode/@xpack-dev-tools/arm-none-eabi-gcc/13.3.1-1.1.1/.content/bin/../lib/gcc/arm-none-eabi/13.3.1/thumb/v6-m/nofp\libgcc.a(fixsfsi.o)
 .debug_line    0x0000bf5b      0x24b c:/Users/kroko/AppData/Roaming/Code/User/globalStorage/bmd.stm32-for-vscode/@xpack-dev-tools/arm-none-eabi-gcc/13.3.1-1.1.1/.content/bin/../lib/gcc/arm-none-eabi/13.3.1/thumb/v6-m/nofp\libgcc.a(floatunsisf.o)
 .debug_line    0x0000c1a6       0x5e c:/Users/kroko/AppData/Roaming/Code/User/globalStorage/bmd.stm32-for-vscode/@xpack-dev-tools/arm-none-eabi-gcc/13.3.1-1.1.1/.content/bin/../lib/gcc/arm-none-eabi/13.3.1/thumb/v6-m/nofp\libgcc.a(_clzsi2.o)
 .debug_line    0x0000c204       0x54 c:/Users/kroko/AppData/Roaming/Code/User/globalStorage/bmd.stm32-for-vscode/@xpack-dev-tools/arm-none-eabi-gcc/13.3.1-1.1.1/.content/bin/../lib/gcc/arm-none-eabi/13.3.1/thumb/v6-m/nofp\libgcc.a(_clzdi2.o)

.debug_str      0x00000000     0x35e0
 .debug_str     0x00000000     0x35e0 build/debug/Core/Src/ds18b20.o
                                0x9e4 (size before relaxing)
 .debug_str     0x000035e0      0xe75 build/debug/Core/Src/main.o
 .debug_str     0x000035e0      0x837 build/debug/Core/Src/onewire.o
 .debug_str     0x000035e0      0xb3d build/debug/Core/Src/stm32c0xx_hal_msp.o
 .debug_str     0x000035e0      0x7b3 build/debug/Core/Src/stm32c0xx_it.o
 .debug_str     0x000035e0      0x2cd build/debug/Core/Src/system_stm32c0xx.o
 .debug_str     0x000035e0      0x79a build/debug/Drivers/STM32C0xx_HAL_Driver/Src/stm32c0xx_hal.o
 .debug_str     0x000035e0      0x6ed build/debug/Drivers/STM32C0xx_HAL_Driver/Src/stm32c0xx_hal_cortex.o
 .debug_str     0x000035e0      0x759 build/debug/Drivers/STM32C0xx_HAL_Driver/Src/stm32c0xx_hal_dma.o
 .debug_str     0x000035e0      0x3ff build/debug/Drivers/STM32C0xx_HAL_Driver/Src/stm32c0xx_hal_gpio.o
 .debug_str     0x000035e0      0x6d8 build/debug/Drivers/STM32C0xx_HAL_Driver/Src/stm32c0xx_hal_rcc.o
 .debug_str     0x000035e0      0x4f3 build/debug/Drivers/STM32C0xx_HAL_Driver/Src/stm32c0xx_hal_rcc_ex.o
 .debug_str     0x000035e0     0x10ff build/debug/Drivers/STM32C0xx_HAL_Driver/Src/stm32c0xx_hal_uart.o
 .debug_str     0x000035e0      0xb38 build/debug/Drivers/STM32C0xx_HAL_Driver/Src/stm32c0xx_hal_uart_ex.o
 .debug_str     0x000035e0       0x69 build/debug/startup_stm32c031xx.o
 .debug_str     0x000035e0      0x155 c:/Users/kroko/AppData/Roaming/Code/User/globalStorage/bmd.stm32-for-vscode/@xpack-dev-tools/arm-none-eabi-gcc/13.3.1-1.1.1/.content/bin/../lib/gcc/arm-none-eabi/13.3.1/thumb/v6-m/nofp\libgcc.a(_udivsi3.o)
 .debug_str     0x000035e0      0x153 c:/Users/kroko/AppData/Roaming/Code/User/globalStorage/bmd.stm32-for-vscode/@xpack-dev-tools/arm-none-eabi-gcc/13.3.1-1.1.1/.content/bin/../lib/gcc/arm-none-eabi/13.3.1/thumb/v6-m/nofp\libgcc.a(_divsi3.o)
 .debug_str     0x000035e0      0x156 c:/Users/kroko/AppData/Roaming/Code/User/globalStorage/bmd.stm32-for-vscode/@xpack-dev-tools/arm-none-eabi-gcc/13.3.1-1.1.1/.content/bin/../lib/gcc/arm-none-eabi/13.3.1/thumb/v6-m/nofp\libgcc.a(_dvmd_tls.o)
 .debug_str     0x000035e0      0x14b c:/Users/kroko/AppData/Roaming/Code/User/globalStorage/bmd.stm32-for-vscode/@xpack-dev-tools/arm-none-eabi-gcc/13.3.1-1.1.1/.content/bin/../lib/gcc/arm-none-eabi/13.3.1/thumb/v6-m/nofp\libgcc.a(_aeabi_uldivmod.o)
 .debug_str     0x000035e0      0x70e c:/Users/kroko/AppData/Roaming/Code/User/globalStorage/bmd.stm32-for-vscode/@xpack-dev-tools/arm-none-eabi-gcc/13.3.1-1.1.1/.content/bin/../lib/gcc/arm-none-eabi/13.3.1/thumb/v6-m/nofp\libgcc.a(_udivmoddi4.o)
 .debug_str     0x000035e0      0x328 c:/Users/kroko/AppData/Roaming/Code/User/globalStorage/bmd.stm32-for-vscode/@xpack-dev-tools/arm-none-eabi-gcc/13.3.1-1.1.1/.content/bin/../lib/gcc/arm-none-eabi/13.3.1/thumb/v6-m/nofp\libgcc.a(addsf3.o)
 .debug_str     0x000035e0      0x34d c:/Users/kroko/AppData/Roaming/Code/User/globalStorage/bmd.stm32-for-vscode/@xpack-dev-tools/arm-none-eabi-gcc/13.3.1-1.1.1/.content/bin/../lib/gcc/arm-none-eabi/13.3.1/thumb/v6-m/nofp\libgcc.a(mulsf3.o)
 .debug_str     0x000035e0      0x260 c:/Users/kroko/AppData/Roaming/Code/User/globalStorage/bmd.stm32-for-vscode/@xpack-dev-tools/arm-none-eabi-gcc/13.3.1-1.1.1/.content/bin/../lib/gcc/arm-none-eabi/13.3.1/thumb/v6-m/nofp\libgcc.a(fixsfsi.o)
 .debug_str     0x000035e0      0x2eb c:/Users/kroko/AppData/Roaming/Code/User/globalStorage/bmd.stm32-for-vscode/@xpack-dev-tools/arm-none-eabi-gcc/13.3.1-1.1.1/.content/bin/../lib/gcc/arm-none-eabi/13.3.1/thumb/v6-m/nofp\libgcc.a(floatunsisf.o)
 .debug_str     0x000035e0      0x143 c:/Users/kroko/AppData/Roaming/Code/User/globalStorage/bmd.stm32-for-vscode/@xpack-dev-tools/arm-none-eabi-gcc/13.3.1-1.1.1/.content/bin/../lib/gcc/arm-none-eabi/13.3.1/thumb/v6-m/nofp\libgcc.a(_clzsi2.o)
 .debug_str     0x000035e0      0x13a c:/Users/kroko/AppData/Roaming/Code/User/globalStorage/bmd.stm32-for-vscode/@xpack-dev-tools/arm-none-eabi-gcc/13.3.1-1.1.1/.content/bin/../lib/gcc/arm-none-eabi/13.3.1/thumb/v6-m/nofp\libgcc.a(_clzdi2.o)

.debug_frame    0x00000000     0x15c8
 .debug_frame   0x00000000      0x124 build/debug/Core/Src/ds18b20.o
 .debug_frame   0x00000124      0x104 build/debug/Core/Src/main.o
 .debug_frame   0x00000228       0x8c build/debug/Core/Src/onewire.o
 .debug_frame   0x000002b4       0x58 build/debug/Core/Src/stm32c0xx_hal_msp.o
 .debug_frame   0x0000030c       0xb0 build/debug/Core/Src/stm32c0xx_it.o
 .debug_frame   0x000003bc       0x38 build/debug/Core/Src/system_stm32c0xx.o
 .debug_frame   0x000003f4      0x1ec build/debug/Drivers/STM32C0xx_HAL_Driver/Src/stm32c0xx_hal.o
 .debug_frame   0x000005e0      0x194 build/debug/Drivers/STM32C0xx_HAL_Driver/Src/stm32c0xx_hal_cortex.o
 .debug_frame   0x00000774      0x188 build/debug/Drivers/STM32C0xx_HAL_Driver/Src/stm32c0xx_hal_dma.o
 .debug_frame   0x000008fc       0xe8 build/debug/Drivers/STM32C0xx_HAL_Driver/Src/stm32c0xx_hal_gpio.o
 .debug_frame   0x000009e4      0x170 build/debug/Drivers/STM32C0xx_HAL_Driver/Src/stm32c0xx_hal_rcc.o
 .debug_frame   0x00000b54       0x84 build/debug/Drivers/STM32C0xx_HAL_Driver/Src/stm32c0xx_hal_rcc_ex.o
 .debug_frame   0x00000bd8      0x6dc build/debug/Drivers/STM32C0xx_HAL_Driver/Src/stm32c0xx_hal_uart.o
 .debug_frame   0x000012b4      0x1e0 build/debug/Drivers/STM32C0xx_HAL_Driver/Src/stm32c0xx_hal_uart_ex.o
 .debug_frame   0x00001494       0x20 c:/Users/kroko/AppData/Roaming/Code/User/globalStorage/bmd.stm32-for-vscode/@xpack-dev-tools/arm-none-eabi-gcc/13.3.1-1.1.1/.content/bin/../lib/gcc/arm-none-eabi/13.3.1/thumb/v6-m/nofp\libgcc.a(_udivsi3.o)
 .debug_frame   0x000014b4       0x20 c:/Users/kroko/AppData/Roaming/Code/User/globalStorage/bmd.stm32-for-vscode/@xpack-dev-tools/arm-none-eabi-gcc/13.3.1-1.1.1/.content/bin/../lib/gcc/arm-none-eabi/13.3.1/thumb/v6-m/nofp\libgcc.a(_divsi3.o)
 .debug_frame   0x000014d4       0x3c c:/Users/kroko/AppData/Roaming/Code/User/globalStorage/bmd.stm32-for-vscode/@xpack-dev-tools/arm-none-eabi-gcc/13.3.1-1.1.1/.content/bin/../lib/gcc/arm-none-eabi/13.3.1/thumb/v6-m/nofp\libgcc.a(_udivmoddi4.o)
 .debug_frame   0x00001510       0x34 c:/Users/kroko/AppData/Roaming/Code/User/globalStorage/bmd.stm32-for-vscode/@xpack-dev-tools/arm-none-eabi-gcc/13.3.1-1.1.1/.content/bin/../lib/gcc/arm-none-eabi/13.3.1/thumb/v6-m/nofp\libgcc.a(addsf3.o)
 .debug_frame   0x00001544       0x38 c:/Users/kroko/AppData/Roaming/Code/User/globalStorage/bmd.stm32-for-vscode/@xpack-dev-tools/arm-none-eabi-gcc/13.3.1-1.1.1/.content/bin/../lib/gcc/arm-none-eabi/13.3.1/thumb/v6-m/nofp\libgcc.a(mulsf3.o)
 .debug_frame   0x0000157c       0x20 c:/Users/kroko/AppData/Roaming/Code/User/globalStorage/bmd.stm32-for-vscode/@xpack-dev-tools/arm-none-eabi-gcc/13.3.1-1.1.1/.content/bin/../lib/gcc/arm-none-eabi/13.3.1/thumb/v6-m/nofp\libgcc.a(fixsfsi.o)
 .debug_frame   0x0000159c       0x2c c:/Users/kroko/AppData/Roaming/Code/User/globalStorage/bmd.stm32-for-vscode/@xpack-dev-tools/arm-none-eabi-gcc/13.3.1-1.1.1/.content/bin/../lib/gcc/arm-none-eabi/13.3.1/thumb/v6-m/nofp\libgcc.a(floatunsisf.o)

.debug_line_str
                0x00000000      0x185
 .debug_line_str
                0x00000000      0x185 build/debug/startup_stm32c031xx.o
                                 0x4d (size before relaxing)
 .debug_line_str
                0x00000185      0x12c c:/Users/kroko/AppData/Roaming/Code/User/globalStorage/bmd.stm32-for-vscode/@xpack-dev-tools/arm-none-eabi-gcc/13.3.1-1.1.1/.content/bin/../lib/gcc/arm-none-eabi/13.3.1/thumb/v6-m/nofp\libgcc.a(_udivsi3.o)
 .debug_line_str
                0x00000185      0x12c c:/Users/kroko/AppData/Roaming/Code/User/globalStorage/bmd.stm32-for-vscode/@xpack-dev-tools/arm-none-eabi-gcc/13.3.1-1.1.1/.content/bin/../lib/gcc/arm-none-eabi/13.3.1/thumb/v6-m/nofp\libgcc.a(_divsi3.o)
 .debug_line_str
                0x00000185      0x12c c:/Users/kroko/AppData/Roaming/Code/User/globalStorage/bmd.stm32-for-vscode/@xpack-dev-tools/arm-none-eabi-gcc/13.3.1-1.1.1/.content/bin/../lib/gcc/arm-none-eabi/13.3.1/thumb/v6-m/nofp\libgcc.a(_dvmd_tls.o)
 .debug_line_str
                0x00000185      0x12c c:/Users/kroko/AppData/Roaming/Code/User/globalStorage/bmd.stm32-for-vscode/@xpack-dev-tools/arm-none-eabi-gcc/13.3.1-1.1.1/.content/bin/../lib/gcc/arm-none-eabi/13.3.1/thumb/v6-m/nofp\libgcc.a(_aeabi_uldivmod.o)
 .debug_line_str
                0x00000185      0x12c c:/Users/kroko/AppData/Roaming/Code/User/globalStorage/bmd.stm32-for-vscode/@xpack-dev-tools/arm-none-eabi-gcc/13.3.1-1.1.1/.content/bin/../lib/gcc/arm-none-eabi/13.3.1/thumb/v6-m/nofp\libgcc.a(_clzsi2.o)
 .debug_line_str
                0x00000185      0x12c c:/Users/kroko/AppData/Roaming/Code/User/globalStorage/bmd.stm32-for-vscode/@xpack-dev-tools/arm-none-eabi-gcc/13.3.1-1.1.1/.content/bin/../lib/gcc/arm-none-eabi/13.3.1/thumb/v6-m/nofp\libgcc.a(_clzdi2.o)

Cross Reference Table

Symbol                                            File
ADC1_IRQHandler                                   build/debug/startup_stm32c031xx.o
AHBPrescTable                                     build/debug/Core/Src/system_stm32c0xx.o
                                                  build/debug/Drivers/STM32C0xx_HAL_Driver/Src/stm32c0xx_hal_rcc.o
APBPrescTable                                     build/debug/Core/Src/system_stm32c0xx.o
                                                  build/debug/Drivers/STM32C0xx_HAL_Driver/Src/stm32c0xx_hal_rcc.o
DMA1_Channel1_IRQHandler                          build/debug/Core/Src/stm32c0xx_it.o
DMA1_Channel2_3_IRQHandler                        build/debug/Core/Src/stm32c0xx_it.o
DMAMUX1_IRQHandler                                build/debug/startup_stm32c031xx.o
DS18B20_ConvertT                                  build/debug/Core/Src/ds18b20.o
                                                  build/debug/Core/Src/main.o
DS18B20_Init                                      build/debug/Core/Src/ds18b20.o
                                                  build/debug/Core/Src/main.o
DS18B20_InitializationCommand                     build/debug/Core/Src/ds18b20.o
                                                  build/debug/Core/Src/main.o
DS18B20_ReadRom                                   build/debug/Core/Src/ds18b20.o
                                                  build/debug/Core/Src/main.o
DS18B20_ReadScratchpad                            build/debug/Core/Src/ds18b20.o
                                                  build/debug/Core/Src/main.o
DS18B20_SkipRom                                   build/debug/Core/Src/ds18b20.o
                                                  build/debug/Core/Src/main.o
DS18B20_WriteScratchpad                           build/debug/Core/Src/ds18b20.o
                                                  build/debug/Core/Src/main.o
DS18_GET                                          build/debug/Core/Src/main.o
DS18_INIT                                         build/debug/Core/Src/main.o
Default_Handler                                   build/debug/startup_stm32c031xx.o
EXTI0_1_IRQHandler                                build/debug/startup_stm32c031xx.o
EXTI2_3_IRQHandler                                build/debug/startup_stm32c031xx.o
EXTI4_15_IRQHandler                               build/debug/startup_stm32c031xx.o
Error_Handler                                     build/debug/Core/Src/main.o
                                                  build/debug/Core/Src/stm32c0xx_hal_msp.o
FLASH_FlushCaches                                 build/debug/Drivers/STM32C0xx_HAL_Driver/Src/stm32c0xx_hal_flash_ex.o
FLASH_IRQHandler                                  build/debug/startup_stm32c031xx.o
FLASH_PageErase                                   build/debug/Drivers/STM32C0xx_HAL_Driver/Src/stm32c0xx_hal_flash_ex.o
                                                  build/debug/Drivers/STM32C0xx_HAL_Driver/Src/stm32c0xx_hal_flash.o
FLASH_WaitForLastOperation                        build/debug/Drivers/STM32C0xx_HAL_Driver/Src/stm32c0xx_hal_flash.o
                                                  build/debug/Drivers/STM32C0xx_HAL_Driver/Src/stm32c0xx_hal_flash_ex.o
HAL_DBGMCU_DisableDBGStandbyMode                  build/debug/Drivers/STM32C0xx_HAL_Driver/Src/stm32c0xx_hal.o
HAL_DBGMCU_DisableDBGStopMode                     build/debug/Drivers/STM32C0xx_HAL_Driver/Src/stm32c0xx_hal.o
HAL_DBGMCU_EnableDBGStandbyMode                   build/debug/Drivers/STM32C0xx_HAL_Driver/Src/stm32c0xx_hal.o
HAL_DBGMCU_EnableDBGStopMode                      build/debug/Drivers/STM32C0xx_HAL_Driver/Src/stm32c0xx_hal.o
HAL_DMAEx_ConfigMuxRequestGenerator               build/debug/Drivers/STM32C0xx_HAL_Driver/Src/stm32c0xx_hal_dma_ex.o
HAL_DMAEx_ConfigMuxSync                           build/debug/Drivers/STM32C0xx_HAL_Driver/Src/stm32c0xx_hal_dma_ex.o
HAL_DMAEx_DisableMuxRequestGenerator              build/debug/Drivers/STM32C0xx_HAL_Driver/Src/stm32c0xx_hal_dma_ex.o
HAL_DMAEx_EnableMuxRequestGenerator               build/debug/Drivers/STM32C0xx_HAL_Driver/Src/stm32c0xx_hal_dma_ex.o
HAL_DMAEx_MUX_IRQHandler                          build/debug/Drivers/STM32C0xx_HAL_Driver/Src/stm32c0xx_hal_dma_ex.o
HAL_DMA_Abort                                     build/debug/Drivers/STM32C0xx_HAL_Driver/Src/stm32c0xx_hal_dma.o
                                                  build/debug/Drivers/STM32C0xx_HAL_Driver/Src/stm32c0xx_hal_uart.o
HAL_DMA_Abort_IT                                  build/debug/Drivers/STM32C0xx_HAL_Driver/Src/stm32c0xx_hal_dma.o
                                                  build/debug/Drivers/STM32C0xx_HAL_Driver/Src/stm32c0xx_hal_uart.o
HAL_DMA_DeInit                                    build/debug/Drivers/STM32C0xx_HAL_Driver/Src/stm32c0xx_hal_dma.o
                                                  build/debug/Core/Src/stm32c0xx_hal_msp.o
HAL_DMA_GetError                                  build/debug/Drivers/STM32C0xx_HAL_Driver/Src/stm32c0xx_hal_dma.o
                                                  build/debug/Drivers/STM32C0xx_HAL_Driver/Src/stm32c0xx_hal_uart.o
HAL_DMA_GetState                                  build/debug/Drivers/STM32C0xx_HAL_Driver/Src/stm32c0xx_hal_dma.o
HAL_DMA_IRQHandler                                build/debug/Drivers/STM32C0xx_HAL_Driver/Src/stm32c0xx_hal_dma.o
                                                  build/debug/Core/Src/stm32c0xx_it.o
HAL_DMA_Init                                      build/debug/Drivers/STM32C0xx_HAL_Driver/Src/stm32c0xx_hal_dma.o
                                                  build/debug/Core/Src/stm32c0xx_hal_msp.o
HAL_DMA_PollForTransfer                           build/debug/Drivers/STM32C0xx_HAL_Driver/Src/stm32c0xx_hal_dma.o
HAL_DMA_RegisterCallback                          build/debug/Drivers/STM32C0xx_HAL_Driver/Src/stm32c0xx_hal_dma.o
HAL_DMA_Start                                     build/debug/Drivers/STM32C0xx_HAL_Driver/Src/stm32c0xx_hal_dma.o
HAL_DMA_Start_IT                                  build/debug/Drivers/STM32C0xx_HAL_Driver/Src/stm32c0xx_hal_dma.o
                                                  build/debug/Drivers/STM32C0xx_HAL_Driver/Src/stm32c0xx_hal_uart.o
HAL_DMA_UnRegisterCallback                        build/debug/Drivers/STM32C0xx_HAL_Driver/Src/stm32c0xx_hal_dma.o
HAL_DeInit                                        build/debug/Drivers/STM32C0xx_HAL_Driver/Src/stm32c0xx_hal.o
HAL_Delay                                         build/debug/Drivers/STM32C0xx_HAL_Driver/Src/stm32c0xx_hal.o
                                                  build/debug/Core/Src/main.o
                                                  build/debug/Core/Src/ds18b20.o
HAL_EXTI_ClearConfigLine                          build/debug/Drivers/STM32C0xx_HAL_Driver/Src/stm32c0xx_hal_exti.o
HAL_EXTI_ClearPending                             build/debug/Drivers/STM32C0xx_HAL_Driver/Src/stm32c0xx_hal_exti.o
HAL_EXTI_GenerateSWI                              build/debug/Drivers/STM32C0xx_HAL_Driver/Src/stm32c0xx_hal_exti.o
HAL_EXTI_GetConfigLine                            build/debug/Drivers/STM32C0xx_HAL_Driver/Src/stm32c0xx_hal_exti.o
HAL_EXTI_GetHandle                                build/debug/Drivers/STM32C0xx_HAL_Driver/Src/stm32c0xx_hal_exti.o
HAL_EXTI_GetPending                               build/debug/Drivers/STM32C0xx_HAL_Driver/Src/stm32c0xx_hal_exti.o
HAL_EXTI_IRQHandler                               build/debug/Drivers/STM32C0xx_HAL_Driver/Src/stm32c0xx_hal_exti.o
HAL_EXTI_RegisterCallback                         build/debug/Drivers/STM32C0xx_HAL_Driver/Src/stm32c0xx_hal_exti.o
HAL_EXTI_SetConfigLine                            build/debug/Drivers/STM32C0xx_HAL_Driver/Src/stm32c0xx_hal_exti.o
HAL_FLASHEx_DisableDebugger                       build/debug/Drivers/STM32C0xx_HAL_Driver/Src/stm32c0xx_hal_flash_ex.o
HAL_FLASHEx_EnableDebugger                        build/debug/Drivers/STM32C0xx_HAL_Driver/Src/stm32c0xx_hal_flash_ex.o
HAL_FLASHEx_EnableSecMemProtection                build/debug/Drivers/STM32C0xx_HAL_Driver/Src/stm32c0xx_hal_flash_ex.o
HAL_FLASHEx_Erase                                 build/debug/Drivers/STM32C0xx_HAL_Driver/Src/stm32c0xx_hal_flash_ex.o
HAL_FLASHEx_Erase_IT                              build/debug/Drivers/STM32C0xx_HAL_Driver/Src/stm32c0xx_hal_flash_ex.o
HAL_FLASHEx_FlashEmptyCheck                       build/debug/Drivers/STM32C0xx_HAL_Driver/Src/stm32c0xx_hal_flash_ex.o
HAL_FLASHEx_ForceFlashEmpty                       build/debug/Drivers/STM32C0xx_HAL_Driver/Src/stm32c0xx_hal_flash_ex.o
HAL_FLASHEx_OBGetConfig                           build/debug/Drivers/STM32C0xx_HAL_Driver/Src/stm32c0xx_hal_flash_ex.o
HAL_FLASHEx_OBProgram                             build/debug/Drivers/STM32C0xx_HAL_Driver/Src/stm32c0xx_hal_flash_ex.o
HAL_FLASH_EndOfOperationCallback                  build/debug/Drivers/STM32C0xx_HAL_Driver/Src/stm32c0xx_hal_flash.o
HAL_FLASH_GetError                                build/debug/Drivers/STM32C0xx_HAL_Driver/Src/stm32c0xx_hal_flash.o
HAL_FLASH_IRQHandler                              build/debug/Drivers/STM32C0xx_HAL_Driver/Src/stm32c0xx_hal_flash.o
HAL_FLASH_Lock                                    build/debug/Drivers/STM32C0xx_HAL_Driver/Src/stm32c0xx_hal_flash.o
HAL_FLASH_OB_Launch                               build/debug/Drivers/STM32C0xx_HAL_Driver/Src/stm32c0xx_hal_flash.o
HAL_FLASH_OB_Lock                                 build/debug/Drivers/STM32C0xx_HAL_Driver/Src/stm32c0xx_hal_flash.o
HAL_FLASH_OB_Unlock                               build/debug/Drivers/STM32C0xx_HAL_Driver/Src/stm32c0xx_hal_flash.o
HAL_FLASH_OperationErrorCallback                  build/debug/Drivers/STM32C0xx_HAL_Driver/Src/stm32c0xx_hal_flash.o
HAL_FLASH_Program                                 build/debug/Drivers/STM32C0xx_HAL_Driver/Src/stm32c0xx_hal_flash.o
HAL_FLASH_Program_IT                              build/debug/Drivers/STM32C0xx_HAL_Driver/Src/stm32c0xx_hal_flash.o
HAL_FLASH_Unlock                                  build/debug/Drivers/STM32C0xx_HAL_Driver/Src/stm32c0xx_hal_flash.o
HAL_GPIO_DeInit                                   build/debug/Drivers/STM32C0xx_HAL_Driver/Src/stm32c0xx_hal_gpio.o
                                                  build/debug/Core/Src/stm32c0xx_hal_msp.o
HAL_GPIO_EXTI_Falling_Callback                    build/debug/Drivers/STM32C0xx_HAL_Driver/Src/stm32c0xx_hal_gpio.o
HAL_GPIO_EXTI_IRQHandler                          build/debug/Drivers/STM32C0xx_HAL_Driver/Src/stm32c0xx_hal_gpio.o
HAL_GPIO_EXTI_Rising_Callback                     build/debug/Drivers/STM32C0xx_HAL_Driver/Src/stm32c0xx_hal_gpio.o
HAL_GPIO_Init                                     build/debug/Drivers/STM32C0xx_HAL_Driver/Src/stm32c0xx_hal_gpio.o
                                                  build/debug/Drivers/STM32C0xx_HAL_Driver/Src/stm32c0xx_hal_rcc_ex.o
                                                  build/debug/Drivers/STM32C0xx_HAL_Driver/Src/stm32c0xx_hal_rcc.o
                                                  build/debug/Core/Src/stm32c0xx_hal_msp.o
                                                  build/debug/Core/Src/main.o
HAL_GPIO_LockPin                                  build/debug/Drivers/STM32C0xx_HAL_Driver/Src/stm32c0xx_hal_gpio.o
HAL_GPIO_ReadPin                                  build/debug/Drivers/STM32C0xx_HAL_Driver/Src/stm32c0xx_hal_gpio.o
HAL_GPIO_TogglePin                                build/debug/Drivers/STM32C0xx_HAL_Driver/Src/stm32c0xx_hal_gpio.o
                                                  build/debug/Core/Src/main.o
HAL_GPIO_WriteMultipleStatePin                    build/debug/Drivers/STM32C0xx_HAL_Driver/Src/stm32c0xx_hal_gpio.o
HAL_GPIO_WritePin                                 build/debug/Drivers/STM32C0xx_HAL_Driver/Src/stm32c0xx_hal_gpio.o
                                                  build/debug/Core/Src/main.o
HAL_GetDEVID                                      build/debug/Drivers/STM32C0xx_HAL_Driver/Src/stm32c0xx_hal.o
HAL_GetHalVersion                                 build/debug/Drivers/STM32C0xx_HAL_Driver/Src/stm32c0xx_hal.o
HAL_GetREVID                                      build/debug/Drivers/STM32C0xx_HAL_Driver/Src/stm32c0xx_hal.o
HAL_GetTick                                       build/debug/Drivers/STM32C0xx_HAL_Driver/Src/stm32c0xx_hal.o
                                                  build/debug/Drivers/STM32C0xx_HAL_Driver/Src/stm32c0xx_hal_uart_ex.o
                                                  build/debug/Drivers/STM32C0xx_HAL_Driver/Src/stm32c0xx_hal_uart.o
                                                  build/debug/Drivers/STM32C0xx_HAL_Driver/Src/stm32c0xx_hal_rcc_ex.o
                                                  build/debug/Drivers/STM32C0xx_HAL_Driver/Src/stm32c0xx_hal_rcc.o