Archive member included to satisfy reference by file (symbol)

c:/Users/kroko/AppData/Roaming/Code/User/globalStorage/bmd.stm32-for-vscode/@xpack-dev-tools/arm-none-eabi-gcc/13.3.1-1.1.1/.content/bin/../lib/gcc/arm-none-eabi/13.3.1/../../../../arm-none-eabi/lib/thumb/v7e-m+fp/hard\libc_nano.a(libc_a-atexit.o)
                              c:/Users/kroko/AppData/Roaming/Code/User/globalStorage/bmd.stm32-for-vscode/@xpack-dev-tools/arm-none-eabi-gcc/13.3.1-1.1.1/.content/bin/../lib/gcc/arm-none-eabi/13.3.1/../../../../arm-none-eabi/lib/thumb/v7e-m+fp/hard/crt0.o (atexit)
c:/Users/kroko/AppData/Roaming/Code/User/globalStorage/bmd.stm32-for-vscode/@xpack-dev-tools/arm-none-eabi-gcc/13.3.1-1.1.1/.content/bin/../lib/gcc/arm-none-eabi/13.3.1/../../../../arm-none-eabi/lib/thumb/v7e-m+fp/hard\libc_nano.a(libc_a-atof.o)
                              build/debug/Core/Src/main.o (atof)
c:/Users/kroko/AppData/Roaming/Code/User/globalStorage/bmd.stm32-for-vscode/@xpack-dev-tools/arm-none-eabi-gcc/13.3.1-1.1.1/.content/bin/../lib/gcc/arm-none-eabi/13.3.1/../../../../arm-none-eabi/lib/thumb/v7e-m+fp/hard\libc_nano.a(libc_a-exit.o)
                              c:/Users/kroko/AppData/Roaming/Code/User/globalStorage/bmd.stm32-for-vscode/@xpack-dev-tools/arm-none-eabi-gcc/13.3.1-1.1.1/.content/bin/../lib/gcc/arm-none-eabi/13.3.1/../../../../arm-none-eabi/lib/thumb/v7e-m+fp/hard/crt0.o (exit)
c:/Users/kroko/AppData/Roaming/Code/User/globalStorage/bmd.stm32-for-vscode/@xpack-dev-tools/arm-none-eabi-gcc/13.3.1-1.1.1/.content/bin/../lib/gcc/arm-none-eabi/13.3.1/../../../../arm-none-eabi/lib/thumb/v7e-m+fp/hard\libc_nano.a(libc_a-itoa.o)
                              build/debug/Core/Src/main.o (itoa)
c:/Users/kroko/AppData/Roaming/Code/User/globalStorage/bmd.stm32-for-vscode/@xpack-dev-tools/arm-none-eabi-gcc/13.3.1-1.1.1/.content/bin/../lib/gcc/arm-none-eabi/13.3.1/../../../../arm-none-eabi/lib/thumb/v7e-m+fp/hard\libc_nano.a(libc_a-strtod.o)
                              c:/Users/kroko/AppData/Roaming/Code/User/globalStorage/bmd.stm32-for-vscode/@xpack-dev-tools/arm-none-eabi-gcc/13.3.1-1.1.1/.content/bin/../lib/gcc/arm-none-eabi/13.3.1/../../../../arm-none-eabi/lib/thumb/v7e-m+fp/hard\libc_nano.a(libc_a-atof.o) (strtod)
c:/Users/kroko/AppData/Roaming/Code/User/globalStorage/bmd.stm32-for-vscode/@xpack-dev-tools/arm-none-eabi-gcc/13.3.1-1.1.1/.content/bin/../lib/gcc/arm-none-eabi/13.3.1/../../../../arm-none-eabi/lib/thumb/v7e-m+fp/hard\libc_nano.a(libc_a-utoa.o)
                              c:/Users/kroko/AppData/Roaming/Code/User/globalStorage/bmd.stm32-for-vscode/@xpack-dev-tools/arm-none-eabi-gcc/13.3.1-1.1.1/.content/bin/../lib/gcc/arm-none-eabi/13.3.1/../../../../arm-none-eabi/lib/thumb/v7e-m+fp/hard\libc_nano.a(libc_a-itoa.o) (__utoa)
c:/Users/kroko/AppData/Roaming/Code/User/globalStorage/bmd.stm32-for-vscode/@xpack-dev-tools/arm-none-eabi-gcc/13.3.1-1.1.1/.content/bin/../lib/gcc/arm-none-eabi/13.3.1/../../../../arm-none-eabi/lib/thumb/v7e-m+fp/hard\libc_nano.a(libc_a-efgcvt.o)
                              build/debug/Core/Src/info_disp.o (gcvt)
c:/Users/kroko/AppData/Roaming/Code/User/globalStorage/bmd.stm32-for-vscode/@xpack-dev-tools/arm-none-eabi-gcc/13.3.1-1.1.1/.content/bin/../lib/gcc/arm-none-eabi/13.3.1/../../../../arm-none-eabi/lib/thumb/v7e-m+fp/hard\libc_nano.a(libc_a-findfp.o)
                              c:/Users/kroko/AppData/Roaming/Code/User/globalStorage/bmd.stm32-for-vscode/@xpack-dev-tools/arm-none-eabi-gcc/13.3.1-1.1.1/.content/bin/../lib/gcc/arm-none-eabi/13.3.1/../../../../arm-none-eabi/lib/thumb/v7e-m+fp/hard\libc_nano.a(libc_a-exit.o) (__stdio_exit_handler)
c:/Users/kroko/AppData/Roaming/Code/User/globalStorage/bmd.stm32-for-vscode/@xpack-dev-tools/arm-none-eabi-gcc/13.3.1-1.1.1/.content/bin/../lib/gcc/arm-none-eabi/13.3.1/../../../../arm-none-eabi/lib/thumb/v7e-m+fp/hard\libc_nano.a(libc_a-fwalk.o)
                              c:/Users/kroko/AppData/Roaming/Code/User/globalStorage/bmd.stm32-for-vscode/@xpack-dev-tools/arm-none-eabi-gcc/13.3.1-1.1.1/.content/bin/../lib/gcc/arm-none-eabi/13.3.1/../../../../arm-none-eabi/lib/thumb/v7e-m+fp/hard\libc_nano.a(libc_a-findfp.o) (_fwalk_sglue)
c:/Users/kroko/AppData/Roaming/Code/User/globalStorage/bmd.stm32-for-vscode/@xpack-dev-tools/arm-none-eabi-gcc/13.3.1-1.1.1/.content/bin/../lib/gcc/arm-none-eabi/13.3.1/../../../../arm-none-eabi/lib/thumb/v7e-m+fp/hard\libc_nano.a(libc_a-sprintf.o)
                              build/debug/Core/Src/info_disp.o (sprintf)
c:/Users/kroko/AppData/Roaming/Code/User/globalStorage/bmd.stm32-for-vscode/@xpack-dev-tools/arm-none-eabi-gcc/13.3.1-1.1.1/.content/bin/../lib/gcc/arm-none-eabi/13.3.1/../../../../arm-none-eabi/lib/thumb/v7e-m+fp/hard\libc_nano.a(libc_a-stdio.o)
[...]
Memory Configuration

Name             Origin             Length             Attributes
RAM              0x20000000         0x00050000         xrw
FLASH            0x08000000         0x00180000         xr
*default*        0x00000000         0xffffffff

Linker script and memory map

LOAD c:/Users/kroko/AppData/Roaming/Code/User/globalStorage/bmd.stm32-for-vscode/@xpack-dev-tools/arm-none-eabi-gcc/13.3.1-1.1.1/.content/bin/../lib/gcc/arm-none-eabi/13.3.1/thumb/v7e-m+fp/hard/crti.o
LOAD c:/Users/kroko/AppData/Roaming/Code/User/globalStorage/bmd.stm32-for-vscode/@xpack-dev-tools/arm-none-eabi-gcc/13.3.1-1.1.1/.content/bin/../lib/gcc/arm-none-eabi/13.3.1/thumb/v7e-m+fp/hard/crtbegin.o
LOAD c:/Users/kroko/AppData/Roaming/Code/User/globalStorage/bmd.stm32-for-vscode/@xpack-dev-tools/arm-none-eabi-gcc/13.3.1-1.1.1/.content/bin/../lib/gcc/arm-none-eabi/13.3.1/../../../../arm-none-eabi/lib/thumb/v7e-m+fp/hard/crt0.o
LOAD build/debug/Core/Src/buttons.o
LOAD build/debug/Core/Src/dispcolor.o
LOAD build/debug/Core/Src/enc.o
LOAD build/debug/Core/Src/f16f.o
LOAD build/debug/Core/Src/f24f.o
LOAD build/debug/Core/Src/f32f.o
LOAD build/debug/Core/Src/f6x8m.o
LOAD build/debug/Core/Src/fatfs_sd.o
LOAD build/debug/Core/Src/font.o
LOAD build/debug/Core/Src/gc9a01a.o
LOAD build/debug/Core/Src/gpio.o
LOAD build/debug/Core/Src/info_disp.o
LOAD build/debug/Core/Src/main.o
LOAD build/debug/Core/Src/spim.o
LOAD build/debug/Core/Src/stm32f4xx_hal_msp.o
LOAD build/debug/Core/Src/stm32f4xx_it.o
LOAD build/debug/Core/Src/syscalls.o
LOAD build/debug/Core/Src/sysmem.o
LOAD build/debug/Core/Src/system_stm32f4xx.o
LOAD build/debug/Drivers/STM32F4xx_HAL_Driver/Src/stm32f4xx_hal.o
LOAD build/debug/Drivers/STM32F4xx_HAL_Driver/Src/stm32f4xx_hal_cortex.o
LOAD build/debug/Drivers/STM32F4xx_HAL_Driver/Src/stm32f4xx_hal_dma.o
LOAD build/debug/Drivers/STM32F4xx_HAL_Driver/Src/stm32f4xx_hal_dma_ex.o
LOAD build/debug/Drivers/STM32F4xx_HAL_Driver/Src/stm32f4xx_hal_exti.o
LOAD build/debug/Drivers/STM32F4xx_HAL_Driver/Src/stm32f4xx_hal_flash.o
LOAD build/debug/Drivers/STM32F4xx_HAL_Driver/Src/stm32f4xx_hal_flash_ex.o
LOAD build/debug/Drivers/STM32F4xx_HAL_Driver/Src/stm32f4xx_hal_flash_ramfunc.o
LOAD build/debug/Drivers/STM32F4xx_HAL_Driver/Src/stm32f4xx_hal_gpio.o
LOAD build/debug/Drivers/STM32F4xx_HAL_Driver/Src/stm32f4xx_hal_pwr.o
LOAD build/debug/Drivers/STM32F4xx_HAL_Driver/Src/stm32f4xx_hal_pwr_ex.o
LOAD build/debug/Drivers/STM32F4xx_HAL_Driver/Src/stm32f4xx_hal_rcc.o
LOAD build/debug/Drivers/STM32F4xx_HAL_Driver/Src/stm32f4xx_hal_rcc_ex.o
LOAD build/debug/Drivers/STM32F4xx_HAL_Driver/Src/stm32f4xx_hal_rtc.o
LOAD build/debug/Drivers/STM32F4xx_HAL_Driver/Src/stm32f4xx_hal_rtc_ex.o
LOAD build/debug/Drivers/STM32F4xx_HAL_Driver/Src/stm32f4xx_hal_spi.o
LOAD build/debug/Drivers/STM32F4xx_HAL_Driver/Src/stm32f4xx_hal_tim.o
LOAD build/debug/Drivers/STM32F4xx_HAL_Driver/Src/stm32f4xx_hal_tim_ex.o
LOAD build/debug/Drivers/STM32F4xx_HAL_Driver/Src/stm32f4xx_hal_uart.o
LOAD build/debug/FATFS/App/fatfs.o
LOAD build/debug/FATFS/Target/user_diskio.o
LOAD build/debug/Middlewares/Third_Party/FatFs/src/diskio.o
LOAD build/debug/Middlewares/Third_Party/FatFs/src/ff.o
LOAD build/debug/Middlewares/Third_Party/FatFs/src/ff_gen_drv.o
LOAD build/debug/Middlewares/Third_Party/FatFs/src/option/ccsbcs.o
LOAD build/debug/Middlewares/Third_Party/FatFs/src/option/syscall.o
LOAD build/debug/startup_stm32f413xx.o
LOAD c:/Users/kroko/AppData/Roaming/Code/User/globalStorage/bmd.stm32-for-vscode/@xpack-dev-tools/arm-none-eabi-gcc/13.3.1-1.1.1/.content/bin/../lib/gcc/arm-none-eabi/13.3.1/../../../../arm-none-eabi/lib/thumb/v7e-m+fp/hard\libc_nano.a
LOAD c:/Users/kroko/AppData/Roaming/Code/User/globalStorage/bmd.stm32-for-vscode/@xpack-dev-tools/arm-none-eabi-gcc/13.3.1-1.1.1/.content/bin/../lib/gcc/arm-none-eabi/13.3.1/../../../../arm-none-eabi/lib/thumb/v7e-m+fp/hard\libm.a
LOAD c:/Users/kroko/AppData/Roaming/Code/User/globalStorage/bmd.stm32-for-vscode/@xpack-dev-tools/arm-none-eabi-gcc/13.3.1-1.1.1/.content/bin/../lib/gcc/arm-none-eabi/13.3.1/../../../../arm-none-eabi/lib/thumb/v7e-m+fp/hard\libnosys.a
START GROUP
LOAD c:/Users/kroko/AppData/Roaming/Code/User/globalStorage/bmd.stm32-for-vscode/@xpack-dev-tools/arm-none-eabi-gcc/13.3.1-1.1.1/.content/bin/../lib/gcc/arm-none-eabi/13.3.1/thumb/v7e-m+fp/hard\libgcc.a
LOAD c:/Users/kroko/AppData/Roaming/Code/User/globalStorage/bmd.stm32-for-vscode/@xpack-dev-tools/arm-none-eabi-gcc/13.3.1-1.1.1/.content/bin/../lib/gcc/arm-none-eabi/13.3.1/../../../../arm-none-eabi/lib/thumb/v7e-m+fp/hard\libc_nano.a
END GROUP
START GROUP
LOAD c:/Users/kroko/AppData/Roaming/Code/User/globalStorage/bmd.stm32-for-vscode/@xpack-dev-tools/arm-none-eabi-gcc/13.3.1-1.1.1/.content/bin/../lib/gcc/arm-none-eabi/13.3.1/thumb/v7e-m+fp/hard\libgcc.a
LOAD c:/Users/kroko/AppData/Roaming/Code/User/globalStorage/bmd.stm32-for-vscode/@xpack-dev-tools/arm-none-eabi-gcc/13.3.1-1.1.1/.content/bin/../lib/gcc/arm-none-eabi/13.3.1/../../../../arm-none-eabi/lib/thumb/v7e-m+fp/hard\libc_nano.a
END GROUP
LOAD c:/Users/kroko/AppData/Roaming/Code/User/globalStorage/bmd.stm32-for-vscode/@xpack-dev-tools/arm-none-eabi-gcc/13.3.1-1.1.1/.content/bin/../lib/gcc/arm-none-eabi/13.3.1/thumb/v7e-m+fp/hard/crtend.o
LOAD c:/Users/kroko/AppData/Roaming/Code/User/globalStorage/bmd.stm32-for-vscode/@xpack-dev-tools/arm-none-eabi-gcc/13.3.1-1.1.1/.content/bin/../lib/gcc/arm-none-eabi/13.3.1/thumb/v7e-m+fp/hard/crtn.o
                0x20050000                        _estack = (ORIGIN (RAM) + LENGTH (RAM))
                0x00000200                        _Min_Heap_Size = 0x200
                0x00000400                        _Min_Stack_Size = 0x400

.isr_vector     0x08000000      0x1d8
                0x08000000                        . = ALIGN (0x4)
 *(.isr_vector)
 .isr_vector    0x08000000      0x1d8 build/debug/startup_stm32f413xx.o
                0x08000000                g_pfnVectors
                0x080001d8                        . = ALIGN (0x4)

.text           0x080001e0     0xd668
                0x080001e0                        . = ALIGN (0x4)
 *(.text)
 .text          0x080001e0       0x10 c:/Users/kroko/AppData/Roaming/Code/User/globalStorage/bmd.stm32-for-vscode/@xpack-dev-tools/arm-none-eabi-gcc/13.3.1-1.1.1/.content/bin/../lib/gcc/arm-none-eabi/13.3.1/../../../../arm-none-eabi/lib/thumb/v7e-m+fp/hard\libc_nano.a(libc_a-strlen.o)
                0x080001e0                strlen
 .text          0x080001f0       0xa0 c:/Users/kroko/AppData/Roaming/Code/User/globalStorage/bmd.stm32-for-vscode/@xpack-dev-tools/arm-none-eabi-gcc/13.3.1-1.1.1/.content/bin/../lib/gcc/arm-none-eabi/13.3.1/../../../../arm-none-eabi/lib/thumb/v7e-m+fp/hard\libc_nano.a(libc_a-memchr.o)
                0x080001f0                memchr
 .text          0x08000290      0x378 c:/Users/kroko/AppData/Roaming/Code/User/globalStorage/bmd.stm32-for-vscode/@xpack-dev-tools/arm-none-eabi-gcc/13.3.1-1.1.1/.content/bin/../lib/gcc/arm-none-eabi/13.3.1/thumb/v7e-m+fp/hard\libgcc.a(_arm_addsubdf3.o)
                0x08000290                __aeabi_drsub
                0x08000298                __aeabi_dsub
                0x08000298                __subdf3
                0x0800029c                __aeabi_dadd
                0x0800029c                __adddf3
                0x08000514                __floatunsidf
                0x08000514                __aeabi_ui2d
                0x08000534                __floatsidf
                0x08000534                __aeabi_i2d
                0x08000558                __aeabi_f2d
                0x08000558                __extendsfdf2
                0x0800059c                __floatundidf
                0x0800059c                __aeabi_ul2d
                0x080005ac                __floatdidf
                0x080005ac                __aeabi_l2d
 .text          0x08000608      0x424 c:/Users/kroko/AppData/Roaming/Code/User/globalStorage/bmd.stm32-for-vscode/@xpack-dev-tools/arm-none-eabi-gcc/13.3.1-1.1.1/.content/bin/../lib/gcc/arm-none-eabi/13.3.1/thumb/v7e-m+fp/hard\libgcc.a(_arm_muldivdf3.o)
                0x08000608                __aeabi_dmul
                0x08000608                __muldf3
                0x0800085c                __divdf3
                0x0800085c                __aeabi_ddiv
 .text          0x08000a2c      0x110 c:/Users/kroko/AppData/Roaming/Code/User/globalStorage/bmd.stm32-for-vscode/@xpack-dev-tools/arm-none-eabi-gcc/13.3.1-1.1.1/.content/bin/../lib/gcc/arm-none-eabi/13.3.1/thumb/v7e-m+fp/hard\libgcc.a(_arm_cmpdf2.o)
                0x08000a2c                __gtdf2
                0x08000a2c                __gedf2
                0x08000a34                __ltdf2
                0x08000a34                __ledf2
                0x08000a3c                __nedf2
                0x08000a3c                __eqdf2
                0x08000a3c                __cmpdf2
                0x08000ab8                __aeabi_cdrcmple
                0x08000ac8                __aeabi_cdcmpeq
                0x08000ac8                __aeabi_cdcmple
                0x08000ad8                __aeabi_dcmpeq
                0x08000aec                __aeabi_dcmplt
                0x08000b00                __aeabi_dcmple
                0x08000b14                __aeabi_dcmpge
                0x08000b28                __aeabi_dcmpgt
 .text          0x08000b3c       0x50 c:/Users/kroko/AppData/Roaming/Code/User/globalStorage/bmd.stm32-for-vscode/@xpack-dev-tools/arm-none-eabi-gcc/13.3.1-1.1.1/.content/bin/../lib/gcc/arm-none-eabi/13.3.1/thumb/v7e-m+fp/hard\libgcc.a(_arm_fixdfsi.o)
                0x08000b3c                __aeabi_d2iz
                0x08000b3c                __fixdfsi
 .text          0x08000b8c       0x40 c:/Users/kroko/AppData/Roaming/Code/User/globalStorage/bmd.stm32-for-vscode/@xpack-dev-tools/arm-none-eabi-gcc/13.3.1-1.1.1/.content/bin/../lib/gcc/arm-none-eabi/13.3.1/thumb/v7e-m+fp/hard\libgcc.a(_arm_fixunsdfsi.o)
                0x08000b8c                __aeabi_d2uiz
                0x08000b8c                __fixunsdfsi
 .text          0x08000bcc       0xa0 c:/Users/kroko/AppData/Roaming/Code/User/globalStorage/bmd.stm32-for-vscode/@xpack-dev-tools/arm-none-eabi-gcc/13.3.1-1.1.1/.content/bin/../lib/gcc/arm-none-eabi/13.3.1/thumb/v7e-m+fp/hard\libgcc.a(_arm_truncdfsf2.o)
                0x08000bcc                __truncdfsf2
                0x08000bcc                __aeabi_d2f
 .text          0x08000c6c       0x30 c:/Users/kroko/AppData/Roaming/Code/User/globalStorage/bmd.stm32-for-vscode/@xpack-dev-tools/arm-none-eabi-gcc/13.3.1-1.1.1/.content/bin/../lib/gcc/arm-none-eabi/13.3.1/thumb/v7e-m+fp/hard\libgcc.a(_aeabi_uldivmod.o)
                0x08000c6c                __aeabi_uldivmod
 .text          0x08000c9c        0x4 c:/Users/kroko/AppData/Roaming/Code/User/globalStorage/bmd.stm32-for-vscode/@xpack-dev-tools/arm-none-eabi-gcc/13.3.1-1.1.1/.content/bin/../lib/gcc/arm-none-eabi/13.3.1/thumb/v7e-m+fp/hard\libgcc.a(_dvmd_tls.o)
                0x08000c9c                __aeabi_idiv0
                0x08000c9c                __aeabi_ldiv0
 *(.text*)
 .text.__do_global_dtors_aux
                0x08000ca0       0x24 c:/Users/kroko/AppData/Roaming/Code/User/globalStorage/bmd.stm32-for-vscode/@xpack-dev-tools/arm-none-eabi-gcc/13.3.1-1.1.1/.content/bin/../lib/gcc/arm-none-eabi/13.3.1/thumb/v7e-m+fp/hard/crtbegin.o
 .text.frame_dummy
                0x08000cc4       0x1c c:/Users/kroko/AppData/Roaming/Code/User/globalStorage/bmd.stm32-for-vscode/@xpack-dev-tools/arm-none-eabi-gcc/13.3.1-1.1.1/.content/bin/../lib/gcc/arm-none-eabi/13.3.1/thumb/v7e-m+fp/hard/crtbegin.o
 .text.tick     0x08000ce0       0x8a build/debug/Core/Src/buttons.o
                0x08000ce0                tick
 .text.isClicked
                0x08000d6a        0xe build/debug/Core/Src/buttons.o
                0x08000d6a                isClicked
 .text.isHold   0x08000d78        0x4 build/debug/Core/Src/buttons.o
                0x08000d78                isHold
 .text.dispcolor_Update
                0x08000d7c        0x8 build/debug/Core/Src/dispcolor.o
                0x08000d7c                dispcolor_Update
 .text.dispcolor_DrawPixel
                0x08000d84        0x8 build/debug/Core/Src/dispcolor.o
                0x08000d84                dispcolor_DrawPixel
 .text.DrawLine_Slow
                0x08000d8c       0xa4 build/debug/Core/Src/dispcolor.o
 .text.dispcolor_DrawChar_General
                0x08000e30      0x134 build/debug/Core/Src/dispcolor.o
 .text.dispcolor_FillRect
                0x08000f64       0x12 build/debug/Core/Src/dispcolor.o
                0x08000f64                dispcolor_FillRect
 *fill*         0x08000f76        0x2 
 .text.dispcolor_FillScreen
                0x08000f78       0x28 build/debug/Core/Src/dispcolor.o
                0x08000f78                dispcolor_FillScreen
 .text.dispcolor_ClearScreen
                0x08000fa0        0xa build/debug/Core/Src/dispcolor.o
                0x08000fa0                dispcolor_ClearScreen
 *fill*         0x08000faa        0x2 
 .text.dispcolor_Init
                0x08000fac       0x24 build/debug/Core/Src/dispcolor.o
                0x08000fac                dispcolor_Init
 .text.dispcolor_DrawLine
                0x08000fd0       0x72 build/debug/Core/Src/dispcolor.o
                0x08000fd0                dispcolor_DrawLine
 .text.dispcolor_FillCircle
                0x08001042       0xa8 build/debug/Core/Src/dispcolor.o
                0x08001042                dispcolor_FillCircle
 .text.dispcolor_DrawChar
                0x080010ea       0x1a build/debug/Core/Src/dispcolor.o
                0x080010ea                dispcolor_DrawChar
 .text.dispcolor_DrawChar_Bg
                0x08001104       0x1c build/debug/Core/Src/dispcolor.o
                0x08001104                dispcolor_DrawChar_Bg
 .text.dispcolor_DrawString_General
                0x08001120       0x84 build/debug/Core/Src/dispcolor.o
 .text.dispcolor_DrawString
                0x080011a4       0x1a build/debug/Core/Src/dispcolor.o
                0x080011a4                dispcolor_DrawString
 .text.tickEnc  0x080011be       0x32 build/debug/Core/Src/enc.o
                0x080011be                tickEnc
 .text.isLeft   0x080011f0        0xe build/debug/Core/Src/enc.o
                0x080011f0                isLeft
 .text.isRight  0x080011fe        0xe build/debug/Core/Src/enc.o
                0x080011fe                isRight
 .text.f10x16f_GetCharTable
                0x0800120c       0x10 build/debug/Core/Src/f16f.o
                0x0800120c                f10x16f_GetCharTable
 .text.f24f_GetCharTable
                0x0800121c       0x70 build/debug/Core/Src/f24f.o
                0x0800121c                f24f_GetCharTable
 .text.f32f_GetCharTable
                0x0800128c       0x78 build/debug/Core/Src/f32f.o
                0x0800128c                f32f_GetCharTable
 .text.f6x8m_GetCharTable
                0x08001304       0x10 build/debug/Core/Src/f6x8m.o
                0x08001304                f6x8m_GetCharTable
 .text.SD_PowerOff
                0x08001314        0xc build/debug/Core/Src/fatfs_sd.o
 .text.SD_CheckPower
                0x08001320        0xc build/debug/Core/Src/fatfs_sd.o
 .text.SPI_TxByte
                0x0800132c       0x2c build/debug/Core/Src/fatfs_sd.o
 .text.SELECT   0x08001358       0x14 build/debug/Core/Src/fatfs_sd.o
 .text.DESELECT
                0x0800136c       0x14 build/debug/Core/Src/fatfs_sd.o
 .text.SPI_RxByte
                0x08001380       0x40 build/debug/Core/Src/fatfs_sd.o
 .text.SD_PowerOn
                0x080013c0       0x7c build/debug/Core/Src/fatfs_sd.o
 .text.SD_ReadyWait
                0x0800143c       0x24 build/debug/Core/Src/fatfs_sd.o
 .text.SD_SendCmd
                0x08001460       0x6a build/debug/Core/Src/fatfs_sd.o
 .text.SPI_RxBytePtr
                0x080014ca        0xc build/debug/Core/Src/fatfs_sd.o
 *fill*         0x080014d6        0x2 
 .text.SD_RxDataBlock
                0x080014d8       0x48 build/debug/Core/Src/fatfs_sd.o
 .text.SD_TxDataBlock
                0x08001520       0x6e build/debug/Core/Src/fatfs_sd.o
 *fill*         0x0800158e        0x2 
 .text.SD_disk_initialize
                0x08001590      0x184 build/debug/Core/Src/fatfs_sd.o
                0x08001590                SD_disk_initialize
 .text.SD_disk_status
                0x08001714       0x14 build/debug/Core/Src/fatfs_sd.o
                0x08001714                SD_disk_status
 .text.SD_disk_read
                0x08001728       0x98 build/debug/Core/Src/fatfs_sd.o
                0x08001728                SD_disk_read
 .text.SD_disk_write
                0x080017c0       0xc4 build/debug/Core/Src/fatfs_sd.o
                0x080017c0                SD_disk_write
 .text.SD_disk_ioctl
                0x08001884      0x188 build/debug/Core/Src/fatfs_sd.o
                0x08001884                SD_disk_ioctl
 .text.font_GetFontStruct
                0x08001a0c       0x14 build/debug/Core/Src/font.o
                0x08001a0c                font_GetFontStruct
 .text.font_GetCharWidth
                0x08001a20        0x4 build/debug/Core/Src/font.o
                0x08001a20                font_GetCharWidth
 .text.font_GetCharHeight
                0x08001a24        0x4 build/debug/Core/Src/font.o
                0x08001a24                font_GetCharHeight
 .text.SwapBytes
                0x08001a28        0xc build/debug/Core/Src/gc9a01a.o
 .text.SendPart2
                0x08001a34       0x24 build/debug/Core/Src/gc9a01a.o
                0x08001a34                SendPart2
 .text.GPIO_init
                0x08001a58       0xac build/debug/Core/Src/gc9a01a.o
 .text.SendCmd  0x08001b04       0x30 build/debug/Core/Src/gc9a01a.o
                0x08001b04                SendCmd
 .text.SendData
                0x08001b34       0x30 build/debug/Core/Src/gc9a01a.o
                0x08001b34                SendData
 .text.ColumnSet
                0x08001b64       0x3c build/debug/Core/Src/gc9a01a.o
 .text.RowSet   0x08001ba0       0x3c build/debug/Core/Src/gc9a01a.o
 .text.MemAccessModeSet
                0x08001bdc       0x52 build/debug/Core/Src/gc9a01a.o
 .text.ColorModeSet
                0x08001c2e       0x14 build/debug/Core/Src/gc9a01a.o
 *fill*         0x08001c42        0x2 
 .text.GC9A01A_HardReset
                0x08001c44       0x2c build/debug/Core/Src/gc9a01a.o
                0x08001c44                GC9A01A_HardReset
 .text.GC9A01A_SleepMode
                0x08001c70       0x1c build/debug/Core/Src/gc9a01a.o
                0x08001c70                GC9A01A_SleepMode
 .text.GC9A01A_InversionMode
                0x08001c8c       0x14 build/debug/Core/Src/gc9a01a.o
                0x08001c8c                GC9A01A_InversionMode
 .text.GC9A01A_DisplayPower
                0x08001ca0       0x14 build/debug/Core/Src/gc9a01a.o
                0x08001ca0                GC9A01A_DisplayPower
 .text.GC9A01A_SetWindow
                0x08001cb4       0x1c build/debug/Core/Src/gc9a01a.o
                0x08001cb4                GC9A01A_SetWindow
 .text.GC9A01A_SetBL
                0x08001cd0       0x24 build/debug/Core/Src/gc9a01a.o
                0x08001cd0                GC9A01A_SetBL
 .text.GC9A01A_DrawPixel
                0x08001cf4       0x40 build/debug/Core/Src/gc9a01a.o
                0x08001cf4                GC9A01A_DrawPixel
 .text.GC9A01A_FillRect
                0x08001d34       0x94 build/debug/Core/Src/gc9a01a.o
                0x08001d34                GC9A01A_FillRect
 .text.GC9A01A_Update
                0x08001dc8       0x44 build/debug/Core/Src/gc9a01a.o
                0x08001dc8                GC9A01A_Update
 .text.GC9A01A_GetWidth
                0x08001e0c        0x4 build/debug/Core/Src/gc9a01a.o
                0x08001e0c                GC9A01A_GetWidth
 .text.GC9A01A_GetHeight
                0x08001e10        0x4 build/debug/Core/Src/gc9a01a.o
                0x08001e10                GC9A01A_GetHeight
 .text.GC9A01A_Init
                0x08001e14      0x4a8 build/debug/Core/Src/gc9a01a.o
                0x08001e14                GC9A01A_Init
 .text.gpio_PortClockStart
                0x080022bc       0xbc build/debug/Core/Src/gpio.o
                0x080022bc                gpio_PortClockStart
 .text.GetBlueRedPalette
                0x08002378      0x124 build/debug/Core/Src/info_disp.o
 .text.Draw_BMP
                0x0800249c       0x58 build/debug/Core/Src/info_disp.o
                0x0800249c                Draw_BMP
 *fill*         0x080024f4        0x4 
 .text.Dispaly_Data
                0x080024f8      0x398 build/debug/Core/Src/info_disp.o
                0x080024f8                Dispaly_Data
 .text.Display_Init
                0x08002890       0x84 build/debug/Core/Src/info_disp.o
                0x08002890                Display_Init
 *fill*         0x08002914        0x4 
 .text.Show_Message
                0x08002918      0x128 build/debug/Core/Src/info_disp.o
                0x08002918                Show_Message
 .text.MX_GPIO_Init
                0x08002a40      0x14c build/debug/Core/Src/main.o
 .text.MX_DMA_Init
                0x08002b8c       0xa8 build/debug/Core/Src/main.o
 .text.HAL_UART_RxCpltCallback
                0x08002c34      0x1a8 build/debug/Core/Src/main.o
                0x08002c34                HAL_UART_RxCpltCallback
 .text.HAL_GPIO_EXTI_Callback
                0x08002ddc       0x18 build/debug/Core/Src/main.o
                0x08002ddc                HAL_GPIO_EXTI_Callback
 .text.Error_Handler
                0x08002df4       0x14 build/debug/Core/Src/main.o
                0x08002df4                Error_Handler
 .text.MX_SPI1_Init
                0x08002e08       0x44 build/debug/Core/Src/main.o
 .text.MX_UART5_Init
                0x08002e4c       0x34 build/debug/Core/Src/main.o
 .text.MX_USART6_UART_Init
                0x08002e80       0x34 build/debug/Core/Src/main.o
 .text.MX_SPI2_Init
                0x08002eb4       0x40 build/debug/Core/Src/main.o
 .text.MX_RTC_Init
                0x08002ef4       0xc0 build/debug/Core/Src/main.o
 .text.MX_USART2_UART_Init
                0x08002fb4       0x34 build/debug/Core/Src/main.o
 .text.SystemClock_Config
                0x08002fe8       0xa8 build/debug/Core/Src/main.o
                0x08002fe8                SystemClock_Config
 .text.main     0x08003090      0x580 build/debug/Core/Src/main.o
                0x08003090                main
 .text.HAL_SPI_TxCpltCallback
                0x08003610       0x20 build/debug/Core/Src/spim.o
                0x08003610                HAL_SPI_TxCpltCallback
 .text.spi_init
                0x08003630       0x1c build/debug/Core/Src/spim.o
                0x08003630                spi_init
 .text.spim_init
                0x0800364c      0x12c build/debug/Core/Src/spim.o
                0x0800364c                spim_init
 .text.SPI_send
                0x08003778       0x28 build/debug/Core/Src/spim.o
                0x08003778                SPI_send
 .text.SPI_send_dma
                0x080037a0       0x28 build/debug/Core/Src/spim.o
                0x080037a0                SPI_send_dma
 .text.HAL_MspInit
                0x080037c8       0x38 build/debug/Core/Src/stm32f4xx_hal_msp.o
                0x080037c8                HAL_MspInit
 .text.HAL_RTC_MspInit
                0x08003800       0x48 build/debug/Core/Src/stm32f4xx_hal_msp.o
                0x08003800                HAL_RTC_MspInit
 .text.HAL_SPI_MspInit
                0x08003848      0x130 build/debug/Core/Src/stm32f4xx_hal_msp.o
                0x08003848                HAL_SPI_MspInit
 .text.HAL_UART_MspInit
                0x08003978      0x2b4 build/debug/Core/Src/stm32f4xx_hal_msp.o
                0x08003978                HAL_UART_MspInit
 .text.SDTimer_Handler
                0x08003c2c       0x2c build/debug/Core/Src/stm32f4xx_it.o
                0x08003c2c                SDTimer_Handler
 .text.NMI_Handler
                0x08003c58        0x2 build/debug/Core/Src/stm32f4xx_it.o
                0x08003c58                NMI_Handler
 .text.HardFault_Handler
                0x08003c5a        0x2 build/debug/Core/Src/stm32f4xx_it.o
                0x08003c5a                HardFault_Handler
 .text.MemManage_Handler
                0x08003c5c        0x2 build/debug/Core/Src/stm32f4xx_it.o
                0x08003c5c                MemManage_Handler
 .text.BusFault_Handler
                0x08003c5e        0x2 build/debug/Core/Src/stm32f4xx_it.o
                0x08003c5e                BusFault_Handler
 .text.UsageFault_Handler
                0x08003c60        0x2 build/debug/Core/Src/stm32f4xx_it.o
                0x08003c60                UsageFault_Handler
 .text.SVC_Handler
                0x08003c62        0x2 build/debug/Core/Src/stm32f4xx_it.o
                0x08003c62                SVC_Handler
 .text.DebugMon_Handler
                0x08003c64        0x2 build/debug/Core/Src/stm32f4xx_it.o
                0x08003c64                DebugMon_Handler
 .text.PendSV_Handler
                0x08003c66        0x2 build/debug/Core/Src/stm32f4xx_it.o
                0x08003c66                PendSV_Handler
 .text.SysTick_Handler
                0x08003c68       0x2c build/debug/Core/Src/stm32f4xx_it.o
                0x08003c68                SysTick_Handler
 .text.DMA1_Stream0_IRQHandler
                0x08003c94       0x10 build/debug/Core/Src/stm32f4xx_it.o
                0x08003c94                DMA1_Stream0_IRQHandler
 .text.DMA1_Stream5_IRQHandler
                0x08003ca4       0x10 build/debug/Core/Src/stm32f4xx_it.o
                0x08003ca4                DMA1_Stream5_IRQHandler
 .text.DMA1_Stream6_IRQHandler
                0x08003cb4       0x10 build/debug/Core/Src/stm32f4xx_it.o
                0x08003cb4                DMA1_Stream6_IRQHandler
 .text.EXTI9_5_IRQHandler
                0x08003cc4        0xc build/debug/Core/Src/stm32f4xx_it.o
                0x08003cc4                EXTI9_5_IRQHandler
 .text.USART2_IRQHandler
                0x08003cd0       0x10 build/debug/Core/Src/stm32f4xx_it.o
                0x08003cd0                USART2_IRQHandler
 .text.DMA1_Stream7_IRQHandler
                0x08003ce0       0x10 build/debug/Core/Src/stm32f4xx_it.o
                0x08003ce0                DMA1_Stream7_IRQHandler
 .text.UART5_IRQHandler
                0x08003cf0       0x10 build/debug/Core/Src/stm32f4xx_it.o
                0x08003cf0                UART5_IRQHandler
 .text.DMA2_Stream1_IRQHandler
                0x08003d00       0x10 build/debug/Core/Src/stm32f4xx_it.o
                0x08003d00                DMA2_Stream1_IRQHandler
 .text.DMA2_Stream2_IRQHandler
                0x08003d10       0x10 build/debug/Core/Src/stm32f4xx_it.o
                0x08003d10                DMA2_Stream2_IRQHandler
 .text.DMA2_Stream6_IRQHandler
                0x08003d20       0x10 build/debug/Core/Src/stm32f4xx_it.o
                0x08003d20                DMA2_Stream6_IRQHandler
 .text.USART6_IRQHandler
                0x08003d30       0x10 build/debug/Core/Src/stm32f4xx_it.o
                0x08003d30                USART6_IRQHandler
 .text._getpid  0x08003d40        0x4 build/debug/Core/Src/syscalls.o
                0x08003d40                _getpid
 .text._kill    0x08003d44       0x10 build/debug/Core/Src/syscalls.o
                0x08003d44                _kill
 .text._exit    0x08003d54        0xc build/debug/Core/Src/syscalls.o
                0x08003d54                _exit
 .text._read    0x08003d60       0x20 build/debug/Core/Src/syscalls.o
                0x08003d60                _read
 .text._write   0x08003d80       0x1c build/debug/Core/Src/syscalls.o
                0x08003d80                _write
 .text._close   0x08003d9c        0x6 build/debug/Core/Src/syscalls.o
                0x08003d9c                _close
 .text._fstat   0x08003da2        0xa build/debug/Core/Src/syscalls.o
                0x08003da2                _fstat
 .text._isatty  0x08003dac        0x4 build/debug/Core/Src/syscalls.o
                0x08003dac                _isatty
 .text._lseek   0x08003db0        0x4 build/debug/Core/Src/syscalls.o
                0x08003db0                _lseek
 .text._sbrk    0x08003db4       0x48 build/debug/Core/Src/sysmem.o
                0x08003db4                _sbrk
 .text.SystemInit
                0x08003dfc       0x14 build/debug/Core/Src/system_stm32f4xx.o
                0x08003dfc                SystemInit
 .text.HAL_InitTick
                0x08003e10       0x4c build/debug/Drivers/STM32F4xx_HAL_Driver/Src/stm32f4xx_hal.o
                0x08003e10                HAL_InitTick
 .text.HAL_Init
                0x08003e5c       0x34 build/debug/Drivers/STM32F4xx_HAL_Driver/Src/stm32f4xx_hal.o
                0x08003e5c                HAL_Init
 .text.HAL_IncTick
                0x08003e90       0x18 build/debug/Drivers/STM32F4xx_HAL_Driver/Src/stm32f4xx_hal.o
                0x08003e90                HAL_IncTick
 .text.HAL_GetTick
                0x08003ea8        0xc build/debug/Drivers/STM32F4xx_HAL_Driver/Src/stm32f4xx_hal.o
                0x08003ea8                HAL_GetTick
 .text.HAL_Delay
                0x08003eb4       0x28 build/debug/Drivers/STM32F4xx_HAL_Driver/Src/stm32f4xx_hal.o
                0x08003eb4                HAL_Delay
 .text.HAL_GetDEVID
                0x08003edc       0x10 build/debug/Drivers/STM32F4xx_HAL_Driver/Src/stm32f4xx_hal.o
                0x08003edc                HAL_GetDEVID
 .text.__NVIC_EnableIRQ
                0x08003eec       0x1c build/debug/Drivers/STM32F4xx_HAL_Driver/Src/stm32f4xx_hal_cortex.o
 .text.__NVIC_SetPriority
                0x08003f08       0x28 build/debug/Drivers/STM32F4xx_HAL_Driver/Src/stm32f4xx_hal_cortex.o
 .text.NVIC_EncodePriority
                0x08003f30       0x3e build/debug/Drivers/STM32F4xx_HAL_Driver/Src/stm32f4xx_hal_cortex.o
 *fill*         0x08003f6e        0x2 
 .text.HAL_NVIC_SetPriorityGrouping
                0x08003f70       0x24 build/debug/Drivers/STM32F4xx_HAL_Driver/Src/stm32f4xx_hal_cortex.o
                0x08003f70                HAL_NVIC_SetPriorityGrouping
 .text.HAL_NVIC_SetPriority
                0x08003f94       0x20 build/debug/Drivers/STM32F4xx_HAL_Driver/Src/stm32f4xx_hal_cortex.o
                0x08003f94                HAL_NVIC_SetPriority
 .text.HAL_NVIC_EnableIRQ
                0x08003fb4        0x8 build/debug/Drivers/STM32F4xx_HAL_Driver/Src/stm32f4xx_hal_cortex.o
                0x08003fb4                HAL_NVIC_EnableIRQ
 .text.HAL_SYSTICK_Config
                0x08003fbc       0x28 build/debug/Drivers/STM32F4xx_HAL_Driver/Src/stm32f4xx_hal_cortex.o
                0x08003fbc                HAL_SYSTICK_Config
 .text.DMA_SetConfig
                0x08003fe4       0x2c build/debug/Drivers/STM32F4xx_HAL_Driver/Src/stm32f4xx_hal_dma.o
 .text.DMA_CalcBaseAndBitshift
                0x08004010       0x3c build/debug/Drivers/STM32F4xx_HAL_Driver/Src/stm32f4xx_hal_dma.o
 .text.DMA_CheckFifoParam
                0x0800404c       0x8e build/debug/Drivers/STM32F4xx_HAL_Driver/Src/stm32f4xx_hal_dma.o
 *fill*         0x080040da        0x2 
 .text.HAL_DMA_Init
                0x080040dc       0xcc build/debug/Drivers/STM32F4xx_HAL_Driver/Src/stm32f4xx_hal_dma.o
                0x080040dc                HAL_DMA_Init
 .text.HAL_DMA_Start_IT
                0x080041a8       0x6a build/debug/Drivers/STM32F4xx_HAL_Driver/Src/stm32f4xx_hal_dma.o
                0x080041a8                HAL_DMA_Start_IT
 .text.HAL_DMA_Abort
                0x08004212       0x94 build/debug/Drivers/STM32F4xx_HAL_Driver/Src/stm32f4xx_hal_dma.o
                0x08004212                HAL_DMA_Abort
 .text.HAL_DMA_Abort_IT
                0x080042a6       0x26 build/debug/Drivers/STM32F4xx_HAL_Driver/Src/stm32f4xx_hal_dma.o
                0x080042a6                HAL_DMA_Abort_IT
 .text.HAL_DMA_IRQHandler
                0x080042cc      0x1dc build/debug/Drivers/STM32F4xx_HAL_Driver/Src/stm32f4xx_hal_dma.o
                0x080042cc                HAL_DMA_IRQHandler
 .text.HAL_GPIO_Init
                0x080044a8      0x1e0 build/debug/Drivers/STM32F4xx_HAL_Driver/Src/stm32f4xx_hal_gpio.o
                0x080044a8                HAL_GPIO_Init
 .text.HAL_GPIO_ReadPin
                0x08004688        0xe build/debug/Drivers/STM32F4xx_HAL_Driver/Src/stm32f4xx_hal_gpio.o
                0x08004688                HAL_GPIO_ReadPin
 .text.HAL_GPIO_WritePin
                0x08004696        0xc build/debug/Drivers/STM32F4xx_HAL_Driver/Src/stm32f4xx_hal_gpio.o
                0x08004696                HAL_GPIO_WritePin
 .text.HAL_GPIO_TogglePin
                0x080046a2       0x12 build/debug/Drivers/STM32F4xx_HAL_Driver/Src/stm32f4xx_hal_gpio.o
                0x080046a2                HAL_GPIO_TogglePin
 .text.HAL_GPIO_EXTI_IRQHandler
                0x080046b4       0x1c build/debug/Drivers/STM32F4xx_HAL_Driver/Src/stm32f4xx_hal_gpio.o
                0x080046b4                HAL_GPIO_EXTI_IRQHandler
 .text.HAL_RCC_GetSysClockFreq
                0x080046d0       0xdc build/debug/Drivers/STM32F4xx_HAL_Driver/Src/stm32f4xx_hal_rcc.o
                0x080046d0                HAL_RCC_GetSysClockFreq
 .text.HAL_RCC_ClockConfig
                0x080047ac      0x160 build/debug/Drivers/STM32F4xx_HAL_Driver/Src/stm32f4xx_hal_rcc.o
                0x080047ac                HAL_RCC_ClockConfig
 .text.HAL_RCC_GetHCLKFreq
                0x0800490c        0xc build/debug/Drivers/STM32F4xx_HAL_Driver/Src/stm32f4xx_hal_rcc.o
                0x0800490c                HAL_RCC_GetHCLKFreq
 .text.HAL_RCC_GetPCLK1Freq
                0x08004918       0x20 build/debug/Drivers/STM32F4xx_HAL_Driver/Src/stm32f4xx_hal_rcc.o
                0x08004918                HAL_RCC_GetPCLK1Freq
 .text.HAL_RCC_GetPCLK2Freq
                0x08004938       0x20 build/debug/Drivers/STM32F4xx_HAL_Driver/Src/stm32f4xx_hal_rcc.o
                0x08004938                HAL_RCC_GetPCLK2Freq
 .text.HAL_RCCEx_PeriphCLKConfig
                0x08004958      0x3dc build/debug/Drivers/STM32F4xx_HAL_Driver/Src/stm32f4xx_hal_rcc_ex.o
                0x08004958                HAL_RCCEx_PeriphCLKConfig
 .text.HAL_RCC_OscConfig
                0x08004d34      0x410 build/debug/Drivers/STM32F4xx_HAL_Driver/Src/stm32f4xx_hal_rcc_ex.o
                0x08004d34                HAL_RCC_OscConfig
 .text.HAL_RTC_WaitForSynchro
                0x08005144       0x34 build/debug/Drivers/STM32F4xx_HAL_Driver/Src/stm32f4xx_hal_rtc.o
                0x08005144                HAL_RTC_WaitForSynchro
 .text.RTC_EnterInitMode
                0x08005178       0x46 build/debug/Drivers/STM32F4xx_HAL_Driver/Src/stm32f4xx_hal_rtc.o
                0x08005178                RTC_EnterInitMode
 .text.RTC_ExitInitMode
                0x080051be       0x2a build/debug/Drivers/STM32F4xx_HAL_Driver/Src/stm32f4xx_hal_rtc.o
                0x080051be                RTC_ExitInitMode
 .text.HAL_RTC_Init
                0x080051e8       0x9e build/debug/Drivers/STM32F4xx_HAL_Driver/Src/stm32f4xx_hal_rtc.o
                0x080051e8                HAL_RTC_Init
 .text.RTC_ByteToBcd2
                0x08005286       0x16 build/debug/Drivers/STM32F4xx_HAL_Driver/Src/stm32f4xx_hal_rtc.o
                0x08005286                RTC_ByteToBcd2
 .text.HAL_RTC_SetTime
                0x0800529c       0xc0 build/debug/Drivers/STM32F4xx_HAL_Driver/Src/stm32f4xx_hal_rtc.o
                0x0800529c                HAL_RTC_SetTime
 .text.HAL_RTC_SetDate
                0x0800535c       0x9c build/debug/Drivers/STM32F4xx_HAL_Driver/Src/stm32f4xx_hal_rtc.o
                0x0800535c                HAL_RTC_SetDate
 .text.RTC_Bcd2ToByte
                0x080053f8       0x12 build/debug/Drivers/STM32F4xx_HAL_Driver/Src/stm32f4xx_hal_rtc.o
                0x080053f8                RTC_Bcd2ToByte
 .text.HAL_RTC_GetTime
                0x0800540a       0x4c build/debug/Drivers/STM32F4xx_HAL_Driver/Src/stm32f4xx_hal_rtc.o
                0x0800540a                HAL_RTC_GetTime
 .text.HAL_RTC_GetDate
                0x08005456       0x3c build/debug/Drivers/STM32F4xx_HAL_Driver/Src/stm32f4xx_hal_rtc.o
                0x08005456                HAL_RTC_GetDate
 *fill*         0x08005492        0x2 
 .text.SPI_WaitFlagStateUntilTimeout
                0x08005494       0xc8 build/debug/Drivers/STM32F4xx_HAL_Driver/Src/stm32f4xx_hal_spi.o
 .text.SPI_EndRxTxTransaction
                0x0800555c       0x80 build/debug/Drivers/STM32F4xx_HAL_Driver/Src/stm32f4xx_hal_spi.o
 .text.HAL_SPI_Init
                0x080055dc       0xbe build/debug/Drivers/STM32F4xx_HAL_Driver/Src/stm32f4xx_hal_spi.o
                0x080055dc                HAL_SPI_Init
 .text.HAL_SPI_Transmit
                0x0800569a      0x1c4 build/debug/Drivers/STM32F4xx_HAL_Driver/Src/stm32f4xx_hal_spi.o
                0x0800569a                HAL_SPI_Transmit
 .text.HAL_SPI_TransmitReceive
                0x0800585e      0x254 build/debug/Drivers/STM32F4xx_HAL_Driver/Src/stm32f4xx_hal_spi.o
                0x0800585e                HAL_SPI_TransmitReceive
 *fill*         0x08005ab2        0x2 
 .text.HAL_SPI_Transmit_DMA
                0x08005ab4       0xe0 build/debug/Drivers/STM32F4xx_HAL_Driver/Src/stm32f4xx_hal_spi.o
                0x08005ab4                HAL_SPI_Transmit_DMA
 .text.HAL_SPI_TxHalfCpltCallback
                0x08005b94        0x2 build/debug/Drivers/STM32F4xx_HAL_Driver/Src/stm32f4xx_hal_spi.o
                0x08005b94                HAL_SPI_TxHalfCpltCallback
 .text.SPI_DMAHalfTransmitCplt
                0x08005b96        0xa build/debug/Drivers/STM32F4xx_HAL_Driver/Src/stm32f4xx_hal_spi.o
 .text.HAL_SPI_ErrorCallback
                0x08005ba0        0x2 build/debug/Drivers/STM32F4xx_HAL_Driver/Src/stm32f4xx_hal_spi.o
                0x08005ba0                HAL_SPI_ErrorCallback
 .text.SPI_DMAError
                0x08005ba2       0x22 build/debug/Drivers/STM32F4xx_HAL_Driver/Src/stm32f4xx_hal_spi.o
 .text.SPI_DMATransmitCplt
                0x08005bc4       0x70 build/debug/Drivers/STM32F4xx_HAL_Driver/Src/stm32f4xx_hal_spi.o
 .text.HAL_SPI_GetState
                0x08005c34        0x6 build/debug/Drivers/STM32F4xx_HAL_Driver/Src/stm32f4xx_hal_spi.o
                0x08005c34                HAL_SPI_GetState
 .text.UART_EndTxTransfer
                0x08005c3a       0x20 build/debug/Drivers/STM32F4xx_HAL_Driver/Src/stm32f4xx_hal_uart.o
 .text.UART_EndRxTransfer
                0x08005c5a       0x5c build/debug/Drivers/STM32F4xx_HAL_Driver/Src/stm32f4xx_hal_uart.o
 .text.UART_Transmit_IT
                0x08005cb6       0x60 build/debug/Drivers/STM32F4xx_HAL_Driver/Src/stm32f4xx_hal_uart.o
 *fill*         0x08005d16        0x2 
 .text.UART_SetConfig
                0x08005d18      0x120 build/debug/Drivers/STM32F4xx_HAL_Driver/Src/stm32f4xx_hal_uart.o
 .text.HAL_UART_Init
                0x08005e38       0x60 build/debug/Drivers/STM32F4xx_HAL_Driver/Src/stm32f4xx_hal_uart.o
                0x08005e38                HAL_UART_Init
 .text.HAL_UART_Transmit_DMA
                0x08005e98       0x84 build/debug/Drivers/STM32F4xx_HAL_Driver/Src/stm32f4xx_hal_uart.o
                0x08005e98                HAL_UART_Transmit_DMA
 .text.HAL_UART_TxCpltCallback
                0x08005f1c        0x2 build/debug/Drivers/STM32F4xx_HAL_Driver/Src/stm32f4xx_hal_uart.o
                0x08005f1c                HAL_UART_TxCpltCallback
 .text.UART_DMATransmitCplt
                0x08005f1e       0x4c build/debug/Drivers/STM32F4xx_HAL_Driver/Src/stm32f4xx_hal_uart.o
 .text.UART_EndTransmit_IT
                0x08005f6a       0x1a build/debug/Drivers/STM32F4xx_HAL_Driver/Src/stm32f4xx_hal_uart.o
 .text.HAL_UART_TxHalfCpltCallback
                0x08005f84        0x2 build/debug/Drivers/STM32F4xx_HAL_Driver/Src/stm32f4xx_hal_uart.o
                0x08005f84                HAL_UART_TxHalfCpltCallback
 .text.UART_DMATxHalfCplt
                0x08005f86        0xa build/debug/Drivers/STM32F4xx_HAL_Driver/Src/stm32f4xx_hal_uart.o
 .text.HAL_UART_RxHalfCpltCallback
                0x08005f90        0x2 build/debug/Drivers/STM32F4xx_HAL_Driver/Src/stm32f4xx_hal_uart.o
                0x08005f90                HAL_UART_RxHalfCpltCallback
 .text.HAL_UART_ErrorCallback
                0x08005f92        0x2 build/debug/Drivers/STM32F4xx_HAL_Driver/Src/stm32f4xx_hal_uart.o
                0x08005f92                HAL_UART_ErrorCallback
 .text.UART_DMAError
                0x08005f94       0x58 build/debug/Drivers/STM32F4xx_HAL_Driver/Src/stm32f4xx_hal_uart.o
 .text.UART_DMAAbortOnError
                0x08005fec       0x10 build/debug/Drivers/STM32F4xx_HAL_Driver/Src/stm32f4xx_hal_uart.o
 .text.HAL_UARTEx_RxEventCallback
                0x08005ffc        0x2 build/debug/Drivers/STM32F4xx_HAL_Driver/Src/stm32f4xx_hal_uart.o
                0x08005ffc                HAL_UARTEx_RxEventCallback
 .text.UART_Receive_IT
                0x08005ffe       0xe6 build/debug/Drivers/STM32F4xx_HAL_Driver/Src/stm32f4xx_hal_uart.o
 .text.HAL_UART_IRQHandler
                0x080060e4      0x284 build/debug/Drivers/STM32F4xx_HAL_Driver/Src/stm32f4xx_hal_uart.o
                0x080060e4                HAL_UART_IRQHandler
 .text.UART_DMARxHalfCplt
                0x08006368       0x1e build/debug/Drivers/STM32F4xx_HAL_Driver/Src/stm32f4xx_hal_uart.o
 .text.UART_DMAReceiveCplt
                0x08006386       0x9a build/debug/Drivers/STM32F4xx_HAL_Driver/Src/stm32f4xx_hal_uart.o
 .text.UART_Start_Receive_DMA
                0x08006420       0xa4 build/debug/Drivers/STM32F4xx_HAL_Driver/Src/stm32f4xx_hal_uart.o
                0x08006420                UART_Start_Receive_DMA
 .text.HAL_UART_Receive_DMA
                0x080064c4       0x26 build/debug/Drivers/STM32F4xx_HAL_Driver/Src/stm32f4xx_hal_uart.o
                0x080064c4                HAL_UART_Receive_DMA
 *fill*         0x080064ea        0x2 
 .text.MX_FATFS_Init
                0x080064ec       0x1c build/debug/FATFS/App/fatfs.o
                0x080064ec                MX_FATFS_Init
 .text.get_fattime
                0x08006508       0x54 build/debug/FATFS/App/fatfs.o
                0x08006508                get_fattime
 .text.USER_initialize
                0x0800655c        0x8 build/debug/FATFS/Target/user_diskio.o
                0x0800655c                USER_initialize
 .text.USER_status
                0x08006564        0x8 build/debug/FATFS/Target/user_diskio.o
                0x08006564                USER_status
 .text.USER_read
                0x0800656c        0x8 build/debug/FATFS/Target/user_diskio.o
                0x0800656c                USER_read
 .text.USER_write
                0x08006574        0x8 build/debug/FATFS/Target/user_diskio.o
                0x08006574                USER_write
 .text.USER_ioctl
                0x0800657c        0x8 build/debug/FATFS/Target/user_diskio.o
                0x0800657c                USER_ioctl
 .text.disk_status
                0x08006584       0x18 build/debug/Middlewares/Third_Party/FatFs/src/diskio.o
                0x08006584                disk_status
 .text.disk_initialize
                0x0800659c       0x2c build/debug/Middlewares/Third_Party/FatFs/src/diskio.o
                0x0800659c                disk_initialize
 .text.disk_read
                0x080065c8       0x18 build/debug/Middlewares/Third_Party/FatFs/src/diskio.o
                0x080065c8                disk_read
 .text.disk_write
                0x080065e0       0x18 build/debug/Middlewares/Third_Party/FatFs/src/diskio.o
                0x080065e0                disk_write
 .text.disk_ioctl
                0x080065f8       0x18 build/debug/Middlewares/Third_Party/FatFs/src/diskio.o
                0x080065f8                disk_ioctl
 .text.ld_word  0x08006610        0xa build/debug/Middlewares/Third_Party/FatFs/src/ff.o
 .text.ld_dword
                0x0800661a       0x16 build/debug/Middlewares/Third_Party/FatFs/src/ff.o
 .text.st_word  0x08006630        0x8 build/debug/Middlewares/Third_Party/FatFs/src/ff.o
 .text.st_dword
                0x08006638       0x14 build/debug/Middlewares/Third_Party/FatFs/src/ff.o
 .text.mem_cpy  0x0800664c       0x14 build/debug/Middlewares/Third_Party/FatFs/src/ff.o
 .text.mem_set  0x08006660        0xa build/debug/Middlewares/Third_Party/FatFs/src/ff.o
 .text.mem_cmp  0x0800666a       0x1a build/debug/Middlewares/Third_Party/FatFs/src/ff.o
 .text.chk_chr  0x08006684       0x10 build/debug/Middlewares/Third_Party/FatFs/src/ff.o
 .text.chk_lock
                0x08006694       0x74 build/debug/Middlewares/Third_Party/FatFs/src/ff.o
 .text.enq_lock
                0x08006708       0x20 build/debug/Middlewares/Third_Party/FatFs/src/ff.o
 .text.inc_lock
                0x08006728       0xa0 build/debug/Middlewares/Third_Party/FatFs/src/ff.o
 .text.dec_lock
                0x080067c8       0x40 build/debug/Middlewares/Third_Party/FatFs/src/ff.o
 .text.clear_lock
                0x08006808       0x3c build/debug/Middlewares/Third_Party/FatFs/src/ff.o
 .text.clust2sect
                0x08006844       0x18 build/debug/Middlewares/Third_Party/FatFs/src/ff.o
 .text.clmt_clust
                0x0800685c       0x26 build/debug/Middlewares/Third_Party/FatFs/src/ff.o
 .text.ld_clust
                0x08006882       0x26 build/debug/Middlewares/Third_Party/FatFs/src/ff.o
 .text.st_clust
                0x080068a8       0x26 build/debug/Middlewares/Third_Party/FatFs/src/ff.o
 *fill*         0x080068ce        0x2 
 .text.put_lfn  0x080068d0       0x78 build/debug/Middlewares/Third_Party/FatFs/src/ff.o
 .text.gen_numname
                0x08006948       0xaa build/debug/Middlewares/Third_Party/FatFs/src/ff.o
 .text.sum_sfn  0x080069f2       0x20 build/debug/Middlewares/Third_Party/FatFs/src/ff.o
 .text.get_ldnumber
                0x08006a12       0x54 build/debug/Middlewares/Third_Party/FatFs/src/ff.o
 .text.validate
                0x08006a66       0x46 build/debug/Middlewares/Third_Party/FatFs/src/ff.o
 .text.sync_window
                0x08006aac       0x54 build/debug/Middlewares/Third_Party/FatFs/src/ff.o
 .text.move_window
                0x08006b00       0x36 build/debug/Middlewares/Third_Party/FatFs/src/ff.o
 *fill*         0x08006b36        0x2 
 .text.check_fs
                0x08006b38       0x78 build/debug/Middlewares/Third_Party/FatFs/src/ff.o
 .text.find_volume
                0x08006bb0      0x354 build/debug/Middlewares/Third_Party/FatFs/src/ff.o
 .text.put_fat  0x08006f04      0x136 build/debug/Middlewares/Third_Party/FatFs/src/ff.o
 .text.get_fat  0x0800703a       0xfc build/debug/Middlewares/Third_Party/FatFs/src/ff.o
 .text.dir_sdi  0x08007136       0xc0 build/debug/Middlewares/Third_Party/FatFs/src/ff.o
 .text.create_chain
                0x080071f6       0xcc build/debug/Middlewares/Third_Party/FatFs/src/ff.o
 .text.remove_chain
                0x080072c2       0x7e build/debug/Middlewares/Third_Party/FatFs/src/ff.o
 .text.dir_next
                0x08007340      0x118 build/debug/Middlewares/Third_Party/FatFs/src/ff.o
 .text.dir_alloc
                0x08007458       0x50 build/debug/Middlewares/Third_Party/FatFs/src/ff.o
 .text.sync_fs  0x080074a8       0x88 build/debug/Middlewares/Third_Party/FatFs/src/ff.o
 .text.create_name
                0x08007530      0x22c build/debug/Middlewares/Third_Party/FatFs/src/ff.o
 .text.cmp_lfn  0x0800775c       0xa0 build/debug/Middlewares/Third_Party/FatFs/src/ff.o
 .text.dir_find
                0x080077fc       0xe6 build/debug/Middlewares/Third_Party/FatFs/src/ff.o
 .text.follow_path
                0x080078e2       0x92 build/debug/Middlewares/Third_Party/FatFs/src/ff.o
 .text.dir_register
                0x08007974      0x140 build/debug/Middlewares/Third_Party/FatFs/src/ff.o
 .text.f_mount  0x08007ab4       0x5c build/debug/Middlewares/Third_Party/FatFs/src/ff.o
                0x08007ab4                f_mount
 .text.f_open   0x08007b10      0x22a build/debug/Middlewares/Third_Party/FatFs/src/ff.o
                0x08007b10                f_open
 .text.f_write  0x08007d3a      0x210 build/debug/Middlewares/Third_Party/FatFs/src/ff.o
                0x08007d3a                f_write
 .text.f_sync   0x08007f4a       0x98 build/debug/Middlewares/Third_Party/FatFs/src/ff.o
                0x08007f4a                f_sync
 .text.f_close  0x08007fe2       0x2a build/debug/Middlewares/Third_Party/FatFs/src/ff.o
                0x08007fe2                f_close
 .text.FATFS_LinkDriverEx
                0x0800800c       0x54 build/debug/Middlewares/Third_Party/FatFs/src/ff_gen_drv.o
                0x0800800c                FATFS_LinkDriverEx
 .text.FATFS_LinkDriver
                0x08008060        0xa build/debug/Middlewares/Third_Party/FatFs/src/ff_gen_drv.o
                0x08008060                FATFS_LinkDriver
 *fill*         0x0800806a        0x2 
 .text.ff_convert
                0x0800806c       0x3c build/debug/Middlewares/Third_Party/FatFs/src/option/ccsbcs.o
                0x0800806c                ff_convert
 .text.ff_wtoupper
                0x080080a8       0x9c build/debug/Middlewares/Third_Party/FatFs/src/option/ccsbcs.o
                0x080080a8                ff_wtoupper
 .text.Reset_Handler
                0x08008144       0x50 build/debug/startup_stm32f413xx.o
                0x08008144                Reset_Handler
 .text.Default_Handler
                0x08008194        0x2 build/debug/startup_stm32f413xx.o
                0x08008194                RTC_Alarm_IRQHandler
                0x08008194                EXTI2_IRQHandler
                0x08008194                TIM8_CC_IRQHandler
                0x08008194                UART8_IRQHandler
                0x08008194                FMPI2C1_EV_IRQHandler
                0x08008194                SPI4_IRQHandler
                0x08008194                TIM1_CC_IRQHandler
                0x08008194                DMA2_Stream5_IRQHandler
                0x08008194                CAN3_RX1_IRQHandler
                0x08008194                PVD_IRQHandler
                0x08008194                SDIO_IRQHandler
                0x08008194                TAMP_STAMP_IRQHandler
                0x08008194                CAN2_RX1_IRQHandler
                0x08008194                EXTI3_IRQHandler
                0x08008194                TIM8_TRG_COM_TIM14_IRQHandler
                0x08008194                DFSDM1_FLT1_IRQHandler
                0x08008194                TIM1_UP_TIM10_IRQHandler
                0x08008194                TIM8_UP_TIM13_IRQHandler
                0x08008194                I2C3_ER_IRQHandler
                0x08008194                EXTI0_IRQHandler
                0x08008194                I2C2_EV_IRQHandler
                0x08008194                DMA1_Stream2_IRQHandler
                0x08008194                CAN1_RX0_IRQHandler
                0x08008194                FPU_IRQHandler
                0x08008194                CAN3_SCE_IRQHandler
                0x08008194                CAN2_SCE_IRQHandler
                0x08008194                SPI1_IRQHandler
                0x08008194                TIM6_DAC_IRQHandler
                0x08008194                TIM1_BRK_TIM9_IRQHandler
                0x08008194                CAN2_RX0_IRQHandler
                0x08008194                DMA2_Stream3_IRQHandler
                0x08008194                CAN3_RX0_IRQHandler
                0x08008194                USART3_IRQHandler
                0x08008194                DFSDM2_FLT3_IRQHandler
                0x08008194                CAN1_RX1_IRQHandler
                0x08008194                DMA2_Stream0_IRQHandler
                0x08008194                TIM4_IRQHandler
                0x08008194                QUADSPI_IRQHandler
                0x08008194                I2C1_EV_IRQHandler
                0x08008194                DMA1_Stream1_IRQHandler
                0x08008194                UART4_IRQHandler
                0x08008194                TIM3_IRQHandler
                0x08008194                RCC_IRQHandler
                0x08008194                UART9_IRQHandler
                0x08008194                TIM8_BRK_TIM12_IRQHandler
                0x08008194                Default_Handler
                0x08008194                EXTI15_10_IRQHandler
                0x08008194                ADC_IRQHandler
                0x08008194                DFSDM2_FLT0_IRQHandler
                0x08008194                SPI5_IRQHandler
                0x08008194                TIM7_IRQHandler
                0x08008194                CAN2_TX_IRQHandler
                0x08008194                TIM5_IRQHandler
                0x08008194                DMA2_Stream7_IRQHandler
                0x08008194                I2C3_EV_IRQHandler
                0x08008194                DFSDM2_FLT2_IRQHandler
                0x08008194                RTC_WKUP_IRQHandler
                0x08008194                SPI2_IRQHandler
                0x08008194                CAN1_TX_IRQHandler
                0x08008194                FMPI2C1_ER_IRQHandler
                0x08008194                EXTI4_IRQHandler
                0x08008194                DFSDM2_FLT1_IRQHandler
                0x08008194                RNG_IRQHandler
                0x08008194                FSMC_IRQHandler
                0x08008194                WWDG_IRQHandler
                0x08008194                CAN3_TX_IRQHandler
                0x08008194                TIM2_IRQHandler
                0x08008194                OTG_FS_WKUP_IRQHandler
                0x08008194                TIM1_TRG_COM_TIM11_IRQHandler
                0x08008194                EXTI1_IRQHandler
                0x08008194                UART7_IRQHandler
                0x08008194                DFSDM1_FLT0_IRQHandler
                0x08008194                I2C2_ER_IRQHandler
                0x08008194                CAN1_SCE_IRQHandler
                0x08008194                FLASH_IRQHandler
                0x08008194                DMA2_Stream4_IRQHandler
                0x08008194                USART1_IRQHandler
                0x08008194                OTG_FS_IRQHandler
                0x08008194                SPI3_IRQHandler
                0x08008194                DMA1_Stream4_IRQHandler
                0x08008194                I2C1_ER_IRQHandler
                0x08008194                LPTIM1_IRQHandler
                0x08008194                UART10_IRQHandler
                0x08008194                SAI1_IRQHandler
                0x08008194                DMA1_Stream3_IRQHandler
 .text.atof     0x08008196        0x6 c:/Users/kroko/AppData/Roaming/Code/User/globalStorage/bmd.stm32-for-vscode/@xpack-dev-tools/arm-none-eabi-gcc/13.3.1-1.1.1/.content/bin/../lib/gcc/arm-none-eabi/13.3.1/../../../../arm-none-eabi/lib/thumb/v7e-m+fp/hard\libc_nano.a(libc_a-atof.o)
                0x08008196                atof
 .text.__itoa   0x0800819c       0x30 c:/Users/kroko/AppData/Roaming/Code/User/globalStorage/bmd.stm32-for-vscode/@xpack-dev-tools/arm-none-eabi-gcc/13.3.1-1.1.1/.content/bin/../lib/gcc/arm-none-eabi/13.3.1/../../../../arm-none-eabi/lib/thumb/v7e-m+fp/hard\libc_nano.a(libc_a-itoa.o)
                0x0800819c                __itoa
 .text.itoa     0x080081cc        0x4 c:/Users/kroko/AppData/Roaming/Code/User/globalStorage/bmd.stm32-for-vscode/@xpack-dev-tools/arm-none-eabi-gcc/13.3.1-1.1.1/.content/bin/../lib/gcc/arm-none-eabi/13.3.1/../../../../arm-none-eabi/lib/thumb/v7e-m+fp/hard\libc_nano.a(libc_a-itoa.o)
                0x080081cc                itoa
 .text.sulp     0x080081d0       0x3c c:/Users/kroko/AppData/Roaming/Code/User/globalStorage/bmd.stm32-for-vscode/@xpack-dev-tools/arm-none-eabi-gcc/13.3.1-1.1.1/.content/bin/../lib/gcc/arm-none-eabi/13.3.1/../../../../arm-none-eabi/lib/thumb/v7e-m+fp/hard\libc_nano.a(libc_a-strtod.o)
 *fill*         0x0800820c        0x4 
 .text._strtod_l
                0x08008210      0xbc8 c:/Users/kroko/AppData/Roaming/Code/User/globalStorage/bmd.stm32-for-vscode/@xpack-dev-tools/arm-none-eabi-gcc/13.3.1-1.1.1/.content/bin/../lib/gcc/arm-none-eabi/13.3.1/../../../../arm-none-eabi/lib/thumb/v7e-m+fp/hard\libc_nano.a(libc_a-strtod.o)
                0x08008210                _strtod_l
 .text.strtod   0x08008dd8       0x18 c:/Users/kroko/AppData/Roaming/Code/User/globalStorage/bmd.stm32-for-vscode/@xpack-dev-tools/arm-none-eabi-gcc/13.3.1-1.1.1/.content/bin/../lib/gcc/arm-none-eabi/13.3.1/../../../../arm-none-eabi/lib/thumb/v7e-m+fp/hard\libc_nano.a(libc_a-strtod.o)
                0x08008dd8                strtod
 .text.__utoa   0x08008df0       0x84 c:/Users/kroko/AppData/Roaming/Code/User/globalStorage/bmd.stm32-for-vscode/@xpack-dev-tools/arm-none-eabi-gcc/13.3.1-1.1.1/.content/bin/../lib/gcc/arm-none-eabi/13.3.1/../../../../arm-none-eabi/lib/thumb/v7e-m+fp/hard\libc_nano.a(libc_a-utoa.o)
                0x08008df0                __utoa
 .text.gcvt     0x08008e74       0x58 c:/Users/kroko/AppData/Roaming/Code/User/globalStorage/bmd.stm32-for-vscode/@xpack-dev-tools/arm-none-eabi-gcc/13.3.1-1.1.1/.content/bin/../lib/gcc/arm-none-eabi/13.3.1/../../../../arm-none-eabi/lib/thumb/v7e-m+fp/hard\libc_nano.a(libc_a-efgcvt.o)
                0x08008e74                gcvt
 .text.std      0x08008ecc       0x6c c:/Users/kroko/AppData/Roaming/Code/User/globalStorage/bmd.stm32-for-vscode/@xpack-dev-tools/arm-none-eabi-gcc/13.3.1-1.1.1/.content/bin/../lib/gcc/arm-none-eabi/13.3.1/../../../../arm-none-eabi/lib/thumb/v7e-m+fp/hard\libc_nano.a(libc_a-findfp.o)
 .text.stdio_exit_handler
                0x08008f38       0x18 c:/Users/kroko/AppData/Roaming/Code/User/globalStorage/bmd.stm32-for-vscode/@xpack-dev-tools/arm-none-eabi-gcc/13.3.1-1.1.1/.content/bin/../lib/gcc/arm-none-eabi/13.3.1/../../../../arm-none-eabi/lib/thumb/v7e-m+fp/hard\libc_nano.a(libc_a-findfp.o)
 .text.cleanup_stdio
                0x08008f50       0x40 c:/Users/kroko/AppData/Roaming/Code/User/globalStorage/bmd.stm32-for-vscode/@xpack-dev-tools/arm-none-eabi-gcc/13.3.1-1.1.1/.content/bin/../lib/gcc/arm-none-eabi/13.3.1/../../../../arm-none-eabi/lib/thumb/v7e-m+fp/hard\libc_nano.a(libc_a-findfp.o)
 .text.global_stdio_init.part.0
                0x08008f90       0x3c c:/Users/kroko/AppData/Roaming/Code/User/globalStorage/bmd.stm32-for-vscode/@xpack-dev-tools/arm-none-eabi-gcc/13.3.1-1.1.1/.content/bin/../lib/gcc/arm-none-eabi/13.3.1/../../../../arm-none-eabi/lib/thumb/v7e-m+fp/hard\libc_nano.a(libc_a-findfp.o)
 .text.__sfp_lock_acquire
                0x08008fcc        0xc c:/Users/kroko/AppData/Roaming/Code/User/globalStorage/bmd.stm32-for-vscode/@xpack-dev-tools/arm-none-eabi-gcc/13.3.1-1.1.1/.content/bin/../lib/gcc/arm-none-eabi/13.3.1/../../../../arm-none-eabi/lib/thumb/v7e-m+fp/hard\libc_nano.a(libc_a-findfp.o)
                0x08008fcc                __sfp_lock_acquire
 .text.__sfp_lock_release
                0x08008fd8        0xc c:/Users/kroko/AppData/Roaming/Code/User/globalStorage/bmd.stm32-for-vscode/@xpack-dev-tools/arm-none-eabi-gcc/13.3.1-1.1.1/.content/bin/../lib/gcc/arm-none-eabi/13.3.1/../../../../arm-none-eabi/lib/thumb/v7e-m+fp/hard\libc_nano.a(libc_a-findfp.o)
                0x08008fd8                __sfp_lock_release
 .text.__sinit  0x08008fe4       0x30 c:/Users/kroko/AppData/Roaming/Code/User/globalStorage/bmd.stm32-for-vscode/@xpack-dev-tools/arm-none-eabi-gcc/13.3.1-1.1.1/.content/bin/../lib/gcc/arm-none-eabi/13.3.1/../../../../arm-none-eabi/lib/thumb/v7e-m+fp/hard\libc_nano.a(libc_a-findfp.o)
                0x08008fe4                __sinit
 .text._fwalk_sglue
                0x08009014       0x3c c:/Users/kroko/AppData/Roaming/Code/User/globalStorage/bmd.stm32-for-vscode/@xpack-dev-tools/arm-none-eabi-gcc/13.3.1-1.1.1/.content/bin/../lib/gcc/arm-none-eabi/13.3.1/../../../../arm-none-eabi/lib/thumb/v7e-m+fp/hard\libc_nano.a(libc_a-fwalk.o)
                0x08009014                _fwalk_sglue
 .text.sprintf  0x08009050       0x44 c:/Users/kroko/AppData/Roaming/Code/User/globalStorage/bmd.stm32-for-vscode/@xpack-dev-tools/arm-none-eabi-gcc/13.3.1-1.1.1/.content/bin/../lib/gcc/arm-none-eabi/13.3.1/../../../../arm-none-eabi/lib/thumb/v7e-m+fp/hard\libc_nano.a(libc_a-sprintf.o)
                0x08009050                siprintf
                0x08009050                sprintf
 .text.__sread  0x08009094       0x22 c:/Users/kroko/AppData/Roaming/Code/User/globalStorage/bmd.stm32-for-vscode/@xpack-dev-tools/arm-none-eabi-gcc/13.3.1-1.1.1/.content/bin/../lib/gcc/arm-none-eabi/13.3.1/../../../../arm-none-eabi/lib/thumb/v7e-m+fp/hard\libc_nano.a(libc_a-stdio.o)
                0x08009094                __sread
 .text.__swrite
                0x080090b6       0x38 c:/Users/kroko/AppData/Roaming/Code/User/globalStorage/bmd.stm32-for-vscode/@xpack-dev-tools/arm-none-eabi-gcc/13.3.1-1.1.1/.content/bin/../lib/gcc/arm-none-eabi/13.3.1/../../../../arm-none-eabi/lib/thumb/v7e-m+fp/hard\libc_nano.a(libc_a-stdio.o)
                0x080090b6                __swrite
 .text.__sseek  0x080090ee       0x24 c:/Users/kroko/AppData/Roaming/Code/User/globalStorage/bmd.stm32-for-vscode/@xpack-dev-tools/arm-none-eabi-gcc/13.3.1-1.1.1/.content/bin/../lib/gcc/arm-none-eabi/13.3.1/../../../../arm-none-eabi/lib/thumb/v7e-m+fp/hard\libc_nano.a(libc_a-stdio.o)
                0x080090ee                __sseek
 .text.__sclose
                0x08009112        0x8 c:/Users/kroko/AppData/Roaming/Code/User/globalStorage/bmd.stm32-for-vscode/@xpack-dev-tools/arm-none-eabi-gcc/13.3.1-1.1.1/.content/bin/../lib/gcc/arm-none-eabi/13.3.1/../../../../arm-none-eabi/lib/thumb/v7e-m+fp/hard\libc_nano.a(libc_a-stdio.o)
                0x08009112                __sclose
 .text.memset   0x0800911a       0x10 c:/Users/kroko/AppData/Roaming/Code/User/globalStorage/bmd.stm32-for-vscode/@xpack-dev-tools/arm-none-eabi-gcc/13.3.1-1.1.1/.content/bin/../lib/gcc/arm-none-eabi/13.3.1/../../../../arm-none-eabi/lib/thumb/v7e-m+fp/hard\libc_nano.a(libc_a-memset.o)
                0x0800911a                memset
 .text.strncmp  0x0800912a       0x24 c:/Users/kroko/AppData/Roaming/Code/User/globalStorage/bmd.stm32-for-vscode/@xpack-dev-tools/arm-none-eabi-gcc/13.3.1-1.1.1/.content/bin/../lib/gcc/arm-none-eabi/13.3.1/../../../../arm-none-eabi/lib/thumb/v7e-m+fp/hard\libc_nano.a(libc_a-strncmp.o)
                0x0800912a                strncmp
 *fill*         0x0800914e        0x2 
 .text._close_r
                0x08009150       0x20 c:/Users/kroko/AppData/Roaming/Code/User/globalStorage/bmd.stm32-for-vscode/@xpack-dev-tools/arm-none-eabi-gcc/13.3.1-1.1.1/.content/bin/../lib/gcc/arm-none-eabi/13.3.1/../../../../arm-none-eabi/lib/thumb/v7e-m+fp/hard\libc_nano.a(libc_a-closer.o)
                0x08009150                _close_r
 .text._lseek_r
                0x08009170       0x24 c:/Users/kroko/AppData/Roaming/Code/User/globalStorage/bmd.stm32-for-vscode/@xpack-dev-tools/arm-none-eabi-gcc/13.3.1-1.1.1/.content/bin/../lib/gcc/arm-none-eabi/13.3.1/../../../../arm-none-eabi/lib/thumb/v7e-m+fp/hard\libc_nano.a(libc_a-lseekr.o)
                0x08009170                _lseek_r
 .text._read_r  0x08009194       0x24 c:/Users/kroko/AppData/Roaming/Code/User/globalStorage/bmd.stm32-for-vscode/@xpack-dev-tools/arm-none-eabi-gcc/13.3.1-1.1.1/.content/bin/../lib/gcc/arm-none-eabi/13.3.1/../../../../arm-none-eabi/lib/thumb/v7e-m+fp/hard\libc_nano.a(libc_a-readr.o)
                0x08009194                _read_r
 .text._write_r
                0x080091b8       0x24 c:/Users/kroko/AppData/Roaming/Code/User/globalStorage/bmd.stm32-for-vscode/@xpack-dev-tools/arm-none-eabi-gcc/13.3.1-1.1.1/.content/bin/../lib/gcc/arm-none-eabi/13.3.1/../../../../arm-none-eabi/lib/thumb/v7e-m+fp/hard\libc_nano.a(libc_a-writer.o)
                0x080091b8                _write_r
 .text.__errno  0x080091dc        0xc c:/Users/kroko/AppData/Roaming/Code/User/globalStorage/bmd.stm32-for-vscode/@xpack-dev-tools/arm-none-eabi-gcc/13.3.1-1.1.1/.content/bin/../lib/gcc/arm-none-eabi/13.3.1/../../../../arm-none-eabi/lib/thumb/v7e-m+fp/hard\libc_nano.a(libc_a-errno.o)
                0x080091dc                __errno
 .text.__libc_init_array
                0x080091e8       0x48 c:/Users/kroko/AppData/Roaming/Code/User/globalStorage/bmd.stm32-for-vscode/@xpack-dev-tools/arm-none-eabi-gcc/13.3.1-1.1.1/.content/bin/../lib/gcc/arm-none-eabi/13.3.1/../../../../arm-none-eabi/lib/thumb/v7e-m+fp/hard\libc_nano.a(libc_a-init.o)
                0x080091e8                __libc_init_array
 .text.__retarget_lock_init_recursive
                0x08009230        0x2 c:/Users/kroko/AppData/Roaming/Code/User/globalStorage/bmd.stm32-for-vscode/@xpack-dev-tools/arm-none-eabi-gcc/13.3.1-1.1.1/.content/bin/../lib/gcc/arm-none-eabi/13.3.1/../../../../arm-none-eabi/lib/thumb/v7e-m+fp/hard\libc_nano.a(libc_a-lock.o)
                0x08009230                __retarget_lock_init_recursive
 .text.__retarget_lock_acquire_recursive
                0x08009232        0x2 c:/Users/kroko/AppData/Roaming/Code/User/globalStorage/bmd.stm32-for-vscode/@xpack-dev-tools/arm-none-eabi-gcc/13.3.1-1.1.1/.content/bin/../lib/gcc/arm-none-eabi/13.3.1/../../../../arm-none-eabi/lib/thumb/v7e-m+fp/hard\libc_nano.a(libc_a-lock.o)
                0x08009232                __retarget_lock_acquire_recursive
 .text.__retarget_lock_release_recursive
                0x08009234        0x2 c:/Users/kroko/AppData/Roaming/Code/User/globalStorage/bmd.stm32-for-vscode/@xpack-dev-tools/arm-none-eabi-gcc/13.3.1-1.1.1/.content/bin/../lib/gcc/arm-none-eabi/13.3.1/../../../../arm-none-eabi/lib/thumb/v7e-m+fp/hard\libc_nano.a(libc_a-lock.o)
                0x08009234                __retarget_lock_release_recursive
 .text.memcpy   0x08009236       0x1c c:/Users/kroko/AppData/Roaming/Code/User/globalStorage/bmd.stm32-for-vscode/@xpack-dev-tools/arm-none-eabi-gcc/13.3.1-1.1.1/.content/bin/../lib/gcc/arm-none-eabi/13.3.1/../../../../arm-none-eabi/lib/thumb/v7e-m+fp/hard\libc_nano.a(libc_a-memcpy-stub.o)
                0x08009236                memcpy
 *fill*         0x08009252        0x6 
 .text.nan      0x08009258       0x10 c:/Users/kroko/AppData/Roaming/Code/User/globalStorage/bmd.stm32-for-vscode/@xpack-dev-tools/arm-none-eabi-gcc/13.3.1-1.1.1/.content/bin/../lib/gcc/arm-none-eabi/13.3.1/../../../../arm-none-eabi/lib/thumb/v7e-m+fp/hard\libc_nano.a(libm_a-s_nan.o)
                0x08009258                nan
 .text._free_r  0x08009268       0x94 c:/Users/kroko/AppData/Roaming/Code/User/globalStorage/bmd.stm32-for-vscode/@xpack-dev-tools/arm-none-eabi-gcc/13.3.1-1.1.1/.content/bin/../lib/gcc/arm-none-eabi/13.3.1/../../../../arm-none-eabi/lib/thumb/v7e-m+fp/hard\libc_nano.a(libc_a-freer.o)
                0x08009268                _free_r
 .text.rshift   0x080092fc       0xa4 c:/Users/kroko/AppData/Roaming/Code/User/globalStorage/bmd.stm32-for-vscode/@xpack-dev-tools/arm-none-eabi-gcc/13.3.1-1.1.1/.content/bin/../lib/gcc/arm-none-eabi/13.3.1/../../../../arm-none-eabi/lib/thumb/v7e-m+fp/hard\libc_nano.a(libc_a-gdtoa-gethex.o)
 .text.__hexdig_fun
                0x080093a0       0x2a c:/Users/kroko/AppData/Roaming/Code/User/globalStorage/bmd.stm32-for-vscode/@xpack-dev-tools/arm-none-eabi-gcc/13.3.1-1.1.1/.content/bin/../lib/gcc/arm-none-eabi/13.3.1/../../../../arm-none-eabi/lib/thumb/v7e-m+fp/hard\libc_nano.a(libc_a-gdtoa-gethex.o)
                0x080093a0                __hexdig_fun
 *fill*         0x080093ca        0x2 
 .text.__gethex
                0x080093cc      0x420 c:/Users/kroko/AppData/Roaming/Code/User/globalStorage/bmd.stm32-for-vscode/@xpack-dev-tools/arm-none-eabi-gcc/13.3.1-1.1.1/.content/bin/../lib/gcc/arm-none-eabi/13.3.1/../../../../arm-none-eabi/lib/thumb/v7e-m+fp/hard\libc_nano.a(libc_a-gdtoa-gethex.o)
                0x080093cc                __gethex
 .text.L_shift  0x080097ec       0x24 c:/Users/kroko/AppData/Roaming/Code/User/globalStorage/bmd.stm32-for-vscode/@xpack-dev-tools/arm-none-eabi-gcc/13.3.1-1.1.1/.content/bin/../lib/gcc/arm-none-eabi/13.3.1/../../../../arm-none-eabi/lib/thumb/v7e-m+fp/hard\libc_nano.a(libc_a-gdtoa-hexnan.o)
 .text.__match  0x08009810       0x28 c:/Users/kroko/AppData/Roaming/Code/User/globalStorage/bmd.stm32-for-vscode/@xpack-dev-tools/arm-none-eabi-gcc/13.3.1-1.1.1/.content/bin/../lib/gcc/arm-none-eabi/13.3.1/../../../../arm-none-eabi/lib/thumb/v7e-m+fp/hard\libc_nano.a(libc_a-gdtoa-hexnan.o)
                0x08009810                __match
 .text.__hexnan
                0x08009838      0x136 c:/Users/kroko/AppData/Roaming/Code/User/globalStorage/bmd.stm32-for-vscode/@xpack-dev-tools/arm-none-eabi-gcc/13.3.1-1.1.1/.content/bin/../lib/gcc/arm-none-eabi/13.3.1/../../../../arm-none-eabi/lib/thumb/v7e-m+fp/hard\libc_nano.a(libc_a-gdtoa-hexnan.o)
                0x08009838                __hexnan
 *fill*         0x0800996e        0x2 
 .text.sbrk_aligned
                0x08009970       0x44 c:/Users/kroko/AppData/Roaming/Code/User/globalStorage/bmd.stm32-for-vscode/@xpack-dev-tools/arm-none-eabi-gcc/13.3.1-1.1.1/.content/bin/../lib/gcc/arm-none-eabi/13.3.1/../../../../arm-none-eabi/lib/thumb/v7e-m+fp/hard\libc_nano.a(libc_a-mallocr.o)
 .text._malloc_r
                0x080099b4      0x100 c:/Users/kroko/AppData/Roaming/Code/User/globalStorage/bmd.stm32-for-vscode/@xpack-dev-tools/arm-none-eabi-gcc/13.3.1-1.1.1/.content/bin/../lib/gcc/arm-none-eabi/13.3.1/../../../../arm-none-eabi/lib/thumb/v7e-m+fp/hard\libc_nano.a(libc_a-mallocr.o)
                0x080099b4                _malloc_r
 .text.__ascii_mbtowc
                0x08009ab4       0x24 c:/Users/kroko/AppData/Roaming/Code/User/globalStorage/bmd.stm32-for-vscode/@xpack-dev-tools/arm-none-eabi-gcc/13.3.1-1.1.1/.content/bin/../lib/gcc/arm-none-eabi/13.3.1/../../../../arm-none-eabi/lib/thumb/v7e-m+fp/hard\libc_nano.a(libc_a-mbtowc_r.o)
                0x08009ab4                __ascii_mbtowc
 .text.__malloc_lock
                0x08009ad8        0xc c:/Users/kroko/AppData/Roaming/Code/User/globalStorage/bmd.stm32-for-vscode/@xpack-dev-tools/arm-none-eabi-gcc/13.3.1-1.1.1/.content/bin/../lib/gcc/arm-none-eabi/13.3.1/../../../../arm-none-eabi/lib/thumb/v7e-m+fp/hard\libc_nano.a(libc_a-mlock.o)
                0x08009ad8                __malloc_lock
 .text.__malloc_unlock
                0x08009ae4        0xc c:/Users/kroko/AppData/Roaming/Code/User/globalStorage/bmd.stm32-for-vscode/@xpack-dev-tools/arm-none-eabi-gcc/13.3.1-1.1.1/.content/bin/../lib/gcc/arm-none-eabi/13.3.1/../../../../arm-none-eabi/lib/thumb/v7e-m+fp/hard\libc_nano.a(libc_a-mlock.o)
                0x08009ae4                __malloc_unlock
 .text._Balloc  0x08009af0       0x80 c:/Users/kroko/AppData/Roaming/Code/User/globalStorage/bmd.stm32-for-vscode/@xpack-dev-tools/arm-none-eabi-gcc/13.3.1-1.1.1/.content/bin/../lib/gcc/arm-none-eabi/13.3.1/../../../../arm-none-eabi/lib/thumb/v7e-m+fp/hard\libc_nano.a(libc_a-mprec.o)
                0x08009af0                _Balloc
 .text._Bfree   0x08009b70       0x44 c:/Users/kroko/AppData/Roaming/Code/User/globalStorage/bmd.stm32-for-vscode/@xpack-dev-tools/arm-none-eabi-gcc/13.3.1-1.1.1/.content/bin/../lib/gcc/arm-none-eabi/13.3.1/../../../../arm-none-eabi/lib/thumb/v7e-m+fp/hard\libc_nano.a(libc_a-mprec.o)
                0x08009b70                _Bfree
 .text.__multadd
                0x08009bb4       0x8c c:/Users/kroko/AppData/Roaming/Code/User/globalStorage/bmd.stm32-for-vscode/@xpack-dev-tools/arm-none-eabi-gcc/13.3.1-1.1.1/.content/bin/../lib/gcc/arm-none-eabi/13.3.1/../../../../arm-none-eabi/lib/thumb/v7e-m+fp/hard\libc_nano.a(libc_a-mprec.o)
                0x08009bb4                __multadd
 .text.__s2b    0x08009c40       0x94 c:/Users/kroko/AppData/Roaming/Code/User/globalStorage/bmd.stm32-for-vscode/@xpack-dev-tools/arm-none-eabi-gcc/13.3.1-1.1.1/.content/bin/../lib/gcc/arm-none-eabi/13.3.1/../../../../arm-none-eabi/lib/thumb/v7e-m+fp/hard\libc_nano.a(libc_a-mprec.o)
                0x08009c40                __s2b
 .text.__hi0bits
                0x08009cd4       0x3e c:/Users/kroko/AppData/Roaming/Code/User/globalStorage/bmd.stm32-for-vscode/@xpack-dev-tools/arm-none-eabi-gcc/13.3.1-1.1.1/.content/bin/../lib/gcc/arm-none-eabi/13.3.1/../../../../arm-none-eabi/lib/thumb/v7e-m+fp/hard\libc_nano.a(libc_a-mprec.o)
                0x08009cd4                __hi0bits
 .text.__lo0bits
                0x08009d12       0x5a c:/Users/kroko/AppData/Roaming/Code/User/globalStorage/bmd.stm32-for-vscode/@xpack-dev-tools/arm-none-eabi-gcc/13.3.1-1.1.1/.content/bin/../lib/gcc/arm-none-eabi/13.3.1/../../../../arm-none-eabi/lib/thumb/v7e-m+fp/hard\libc_nano.a(libc_a-mprec.o)
                0x08009d12                __lo0bits
 .text.__i2b    0x08009d6c       0x2c c:/Users/kroko/AppData/Roaming/Code/User/globalStorage/bmd.stm32-for-vscode/@xpack-dev-tools/arm-none-eabi-gcc/13.3.1-1.1.1/.content/bin/../lib/gcc/arm-none-eabi/13.3.1/../../../../arm-none-eabi/lib/thumb/v7e-m+fp/hard\libc_nano.a(libc_a-mprec.o)
                0x08009d6c                __i2b
 .text.__multiply
                0x08009d98      0x144 c:/Users/kroko/AppData/Roaming/Code/User/globalStorage/bmd.stm32-for-vscode/@xpack-dev-tools/arm-none-eabi-gcc/13.3.1-1.1.1/.content/bin/../lib/gcc/arm-none-eabi/13.3.1/../../../../arm-none-eabi/lib/thumb/v7e-m+fp/hard\libc_nano.a(libc_a-mprec.o)
                0x08009d98                __multiply
 .text.__pow5mult
                0x08009edc       0xb4 c:/Users/kroko/AppData/Roaming/Code/User/globalStorage/bmd.stm32-for-vscode/@xpack-dev-tools/arm-none-eabi-gcc/13.3.1-1.1.1/.content/bin/../lib/gcc/arm-none-eabi/13.3.1/../../../../arm-none-eabi/lib/thumb/v7e-m+fp/hard\libc_nano.a(libc_a-mprec.o)
                0x08009edc                __pow5mult
 .text.__lshift
                0x08009f90       0xd8 c:/Users/kroko/AppData/Roaming/Code/User/globalStorage/bmd.stm32-for-vscode/@xpack-dev-tools/arm-none-eabi-gcc/13.3.1-1.1.1/.content/bin/../lib/gcc/arm-none-eabi/13.3.1/../../../../arm-none-eabi/lib/thumb/v7e-m+fp/hard\libc_nano.a(libc_a-mprec.o)
                0x08009f90                __lshift
 .text.__mcmp   0x0800a068       0x36 c:/Users/kroko/AppData/Roaming/Code/User/globalStorage/bmd.stm32-for-vscode/@xpack-dev-tools/arm-none-eabi-gcc/13.3.1-1.1.1/.content/bin/../lib/gcc/arm-none-eabi/13.3.1/../../../../arm-none-eabi/lib/thumb/v7e-m+fp/hard\libc_nano.a(libc_a-mprec.o)
                0x0800a068                __mcmp
 *fill*         0x0800a09e        0x2 
 .text.__mdiff  0x0800a0a0      0x128 c:/Users/kroko/AppData/Roaming/Code/User/globalStorage/bmd.stm32-for-vscode/@xpack-dev-tools/arm-none-eabi-gcc/13.3.1-1.1.1/.content/bin/../lib/gcc/arm-none-eabi/13.3.1/../../../../arm-none-eabi/lib/thumb/v7e-m+fp/hard\libc_nano.a(libc_a-mprec.o)
                0x0800a0a0                __mdiff
 .text.__ulp    0x0800a1c8       0x4c c:/Users/kroko/AppData/Roaming/Code/User/globalStorage/bmd.stm32-for-vscode/@xpack-dev-tools/arm-none-eabi-gcc/13.3.1-1.1.1/.content/bin/../lib/gcc/arm-none-eabi/13.3.1/../../../../arm-none-eabi/lib/thumb/v7e-m+fp/hard\libc_nano.a(libc_a-mprec.o)
                0x0800a1c8                __ulp
 .text.__b2d    0x0800a214       0x94 c:/Users/kroko/AppData/Roaming/Code/User/globalStorage/bmd.stm32-for-vscode/@xpack-dev-tools/arm-none-eabi-gcc/13.3.1-1.1.1/.content/bin/../lib/gcc/arm-none-eabi/13.3.1/../../../../arm-none-eabi/lib/thumb/v7e-m+fp/hard\libc_nano.a(libc_a-mprec.o)
                0x0800a214                __b2d
 .text.__d2b    0x0800a2a8       0xb0 c:/Users/kroko/AppData/Roaming/Code/User/globalStorage/bmd.stm32-for-vscode/@xpack-dev-tools/arm-none-eabi-gcc/13.3.1-1.1.1/.content/bin/../lib/gcc/arm-none-eabi/13.3.1/../../../../arm-none-eabi/lib/thumb/v7e-m+fp/hard\libc_nano.a(libc_a-mprec.o)
                0x0800a2a8                __d2b
 .text.__ratio  0x0800a358       0x64 c:/Users/kroko/AppData/Roaming/Code/User/globalStorage/bmd.stm32-for-vscode/@xpack-dev-tools/arm-none-eabi-gcc/13.3.1-1.1.1/.content/bin/../lib/gcc/arm-none-eabi/13.3.1/../../../../arm-none-eabi/lib/thumb/v7e-m+fp/hard\libc_nano.a(libc_a-mprec.o)
                0x0800a358                __ratio
 .text._mprec_log10
                0x0800a3bc       0x3c c:/Users/kroko/AppData/Roaming/Code/User/globalStorage/bmd.stm32-for-vscode/@xpack-dev-tools/arm-none-eabi-gcc/13.3.1-1.1.1/.content/bin/../lib/gcc/arm-none-eabi/13.3.1/../../../../arm-none-eabi/lib/thumb/v7e-m+fp/hard\libc_nano.a(libc_a-mprec.o)
                0x0800a3bc                _mprec_log10
 .text.__copybits
                0x0800a3f8       0x46 c:/Users/kroko/AppData/Roaming/Code/User/globalStorage/bmd.stm32-for-vscode/@xpack-dev-tools/arm-none-eabi-gcc/13.3.1-1.1.1/.content/bin/../lib/gcc/arm-none-eabi/13.3.1/../../../../arm-none-eabi/lib/thumb/v7e-m+fp/hard\libc_nano.a(libc_a-mprec.o)
                0x0800a3f8                __copybits
 .text.__any_on
                0x0800a43e       0x42 c:/Users/kroko/AppData/Roaming/Code/User/globalStorage/bmd.stm32-for-vscode/@xpack-dev-tools/arm-none-eabi-gcc/13.3.1-1.1.1/.content/bin/../lib/gcc/arm-none-eabi/13.3.1/../../../../arm-none-eabi/lib/thumb/v7e-m+fp/hard\libc_nano.a(libc_a-mprec.o)
                0x0800a43e                __any_on
 .text.__ascii_wctomb
                0x0800a480       0x1a c:/Users/kroko/AppData/Roaming/Code/User/globalStorage/bmd.stm32-for-vscode/@xpack-dev-tools/arm-none-eabi-gcc/13.3.1-1.1.1/.content/bin/../lib/gcc/arm-none-eabi/13.3.1/../../../../arm-none-eabi/lib/thumb/v7e-m+fp/hard\libc_nano.a(libc_a-wctomb_r.o)
                0x0800a480                __ascii_wctomb
 .text.print_e  0x0800a49a       0xe4 c:/Users/kroko/AppData/Roaming/Code/User/globalStorage/bmd.stm32-for-vscode/@xpack-dev-tools/arm-none-eabi-gcc/13.3.1-1.1.1/.content/bin/../lib/gcc/arm-none-eabi/13.3.1/../../../../arm-none-eabi/lib/thumb/v7e-m+fp/hard\libc_nano.a(libc_a-ecvtbuf.o)
 *fill*         0x0800a57e        0x2 
 .text._gcvt    0x0800a580      0x1a0 c:/Users/kroko/AppData/Roaming/Code/User/globalStorage/bmd.stm32-for-vscode/@xpack-dev-tools/arm-none-eabi-gcc/13.3.1-1.1.1/.content/bin/../lib/gcc/arm-none-eabi/13.3.1/../../../../arm-none-eabi/lib/thumb/v7e-m+fp/hard\libc_nano.a(libc_a-ecvtbuf.o)
                0x0800a580                _gcvt
 .text.__ssputs_r
                0x0800a720       0xb6 c:/Users/kroko/AppData/Roaming/Code/User/globalStorage/bmd.stm32-for-vscode/@xpack-dev-tools/arm-none-eabi-gcc/13.3.1-1.1.1/.content/bin/../lib/gcc/arm-none-eabi/13.3.1/../../../../arm-none-eabi/lib/thumb/v7e-m+fp/hard\libc_nano.a(libc_a-nano-svfprintf.o)
                0x0800a720                __ssputs_r
 *fill*         0x0800a7d6        0x2 
 .text._svfprintf_r
                0x0800a7d8      0x1f8 c:/Users/kroko/AppData/Roaming/Code/User/globalStorage/bmd.stm32-for-vscode/@xpack-dev-tools/arm-none-eabi-gcc/13.3.1-1.1.1/.content/bin/../lib/gcc/arm-none-eabi/13.3.1/../../../../arm-none-eabi/lib/thumb/v7e-m+fp/hard\libc_nano.a(libc_a-nano-svfprintf.o)
                0x0800a7d8                _svfiprintf_r
                0x0800a7d8                _svfprintf_r
 .text._printf_common
                0x0800a9d0       0xda c:/Users/kroko/AppData/Roaming/Code/User/globalStorage/bmd.stm32-for-vscode/@xpack-dev-tools/arm-none-eabi-gcc/13.3.1-1.1.1/.content/bin/../lib/gcc/arm-none-eabi/13.3.1/../../../../arm-none-eabi/lib/thumb/v7e-m+fp/hard\libc_nano.a(libc_a-nano-vfprintf_i.o)
                0x0800a9d0                _printf_common
 *fill*         0x0800aaaa        0x2 
 .text._printf_i
                0x0800aaac      0x23c c:/Users/kroko/AppData/Roaming/Code/User/globalStorage/bmd.stm32-for-vscode/@xpack-dev-tools/arm-none-eabi-gcc/13.3.1-1.1.1/.content/bin/../lib/gcc/arm-none-eabi/13.3.1/../../../../arm-none-eabi/lib/thumb/v7e-m+fp/hard\libc_nano.a(libc_a-nano-vfprintf_i.o)
                0x0800aaac                _printf_i
 .text.__sflush_r
                0x0800ace8      0x108 c:/Users/kroko/AppData/Roaming/Code/User/globalStorage/bmd.stm32-for-vscode/@xpack-dev-tools/arm-none-eabi-gcc/13.3.1-1.1.1/.content/bin/../lib/gcc/arm-none-eabi/13.3.1/../../../../arm-none-eabi/lib/thumb/v7e-m+fp/hard\libc_nano.a(libc_a-fflush.o)
                0x0800ace8                __sflush_r
 .text._fflush_r
                0x0800adf0       0x50 c:/Users/kroko/AppData/Roaming/Code/User/globalStorage/bmd.stm32-for-vscode/@xpack-dev-tools/arm-none-eabi-gcc/13.3.1-1.1.1/.content/bin/../lib/gcc/arm-none-eabi/13.3.1/../../../../arm-none-eabi/lib/thumb/v7e-m+fp/hard\libc_nano.a(libc_a-fflush.o)
                0x0800adf0                _fflush_r
 .text.memmove  0x0800ae40       0x34 c:/Users/kroko/AppData/Roaming/Code/User/globalStorage/bmd.stm32-for-vscode/@xpack-dev-tools/arm-none-eabi-gcc/13.3.1-1.1.1/.content/bin/../lib/gcc/arm-none-eabi/13.3.1/../../../../arm-none-eabi/lib/thumb/v7e-m+fp/hard\libc_nano.a(libc_a-memmove.o)
                0x0800ae40                memmove
 .text._sbrk_r  0x0800ae74       0x20 c:/Users/kroko/AppData/Roaming/Code/User/globalStorage/bmd.stm32-for-vscode/@xpack-dev-tools/arm-none-eabi-gcc/13.3.1-1.1.1/.content/bin/../lib/gcc/arm-none-eabi/13.3.1/../../../../arm-none-eabi/lib/thumb/v7e-m+fp/hard\libc_nano.a(libc_a-sbrkr.o)
                0x0800ae74                _sbrk_r
 .text.strcpy   0x0800ae94       0x10 c:/Users/kroko/AppData/Roaming/Code/User/globalStorage/bmd.stm32-for-vscode/@xpack-dev-tools/arm-none-eabi-gcc/13.3.1-1.1.1/.content/bin/../lib/gcc/arm-none-eabi/13.3.1/../../../../arm-none-eabi/lib/thumb/v7e-m+fp/hard\libc_nano.a(libc_a-strcpy.o)
                0x0800ae94                strcpy
 .text.__assert_func
                0x0800aea4       0x3c c:/Users/kroko/AppData/Roaming/Code/User/globalStorage/bmd.stm32-for-vscode/@xpack-dev-tools/arm-none-eabi-gcc/13.3.1-1.1.1/.content/bin/../lib/gcc/arm-none-eabi/13.3.1/../../../../arm-none-eabi/lib/thumb/v7e-m+fp/hard\libc_nano.a(libc_a-assert.o)
                0x0800aea4                __assert_func
 .text._calloc_r
                0x0800aee0       0x28 c:/Users/kroko/AppData/Roaming/Code/User/globalStorage/bmd.stm32-for-vscode/@xpack-dev-tools/arm-none-eabi-gcc/13.3.1-1.1.1/.content/bin/../lib/gcc/arm-none-eabi/13.3.1/../../../../arm-none-eabi/lib/thumb/v7e-m+fp/hard\libc_nano.a(libc_a-callocr.o)
                0x0800aee0                _calloc_r
 .text.quorem   0x0800af08      0x110 c:/Users/kroko/AppData/Roaming/Code/User/globalStorage/bmd.stm32-for-vscode/@xpack-dev-tools/arm-none-eabi-gcc/13.3.1-1.1.1/.content/bin/../lib/gcc/arm-none-eabi/13.3.1/../../../../arm-none-eabi/lib/thumb/v7e-m+fp/hard\libc_nano.a(libc_a-dtoa.o)
 .text._dtoa_r  0x0800b018      0xb74 c:/Users/kroko/AppData/Roaming/Code/User/globalStorage/bmd.stm32-for-vscode/@xpack-dev-tools/arm-none-eabi-gcc/13.3.1-1.1.1/.content/bin/../lib/gcc/arm-none-eabi/13.3.1/../../../../arm-none-eabi/lib/thumb/v7e-m+fp/hard\libc_nano.a(libc_a-dtoa.o)
                0x0800b018                _dtoa_r
 .text.malloc   0x0800bb8c       0x10 c:/Users/kroko/AppData/Roaming/Code/User/globalStorage/bmd.stm32-for-vscode/@xpack-dev-tools/arm-none-eabi-gcc/13.3.1-1.1.1/.content/bin/../lib/gcc/arm-none-eabi/13.3.1/../../../../arm-none-eabi/lib/thumb/v7e-m+fp/hard\libc_nano.a(libc_a-malloc.o)
                0x0800bb8c                malloc
 .text._realloc_r
                0x0800bb9c       0x5c c:/Users/kroko/AppData/Roaming/Code/User/globalStorage/bmd.stm32-for-vscode/@xpack-dev-tools/arm-none-eabi-gcc/13.3.1-1.1.1/.content/bin/../lib/gcc/arm-none-eabi/13.3.1/../../../../arm-none-eabi/lib/thumb/v7e-m+fp/hard\libc_nano.a(libc_a-reallocr.o)
                0x0800bb9c                _realloc_r
 .text.fprintf  0x0800bbf8       0x24 c:/Users/kroko/AppData/Roaming/Code/User/globalStorage/bmd.stm32-for-vscode/@xpack-dev-tools/arm-none-eabi-gcc/13.3.1-1.1.1/.content/bin/../lib/gcc/arm-none-eabi/13.3.1/../../../../arm-none-eabi/lib/thumb/v7e-m+fp/hard\libc_nano.a(libc_a-fprintf.o)
                0x0800bbf8                fiprintf
                0x0800bbf8                fprintf
 .text.abort    0x0800bc1c        0xe c:/Users/kroko/AppData/Roaming/Code/User/globalStorage/bmd.stm32-for-vscode/@xpack-dev-tools/arm-none-eabi-gcc/13.3.1-1.1.1/.content/bin/../lib/gcc/arm-none-eabi/13.3.1/../../../../arm-none-eabi/lib/thumb/v7e-m+fp/hard\libc_nano.a(libc_a-abort.o)
                0x0800bc1c                abort
 .text._malloc_usable_size_r
                0x0800bc2a       0x10 c:/Users/kroko/AppData/Roaming/Code/User/globalStorage/bmd.stm32-for-vscode/@xpack-dev-tools/arm-none-eabi-gcc/13.3.1-1.1.1/.content/bin/../lib/gcc/arm-none-eabi/13.3.1/../../../../arm-none-eabi/lib/thumb/v7e-m+fp/hard\libc_nano.a(libc_a-msizer.o)
                0x0800bc2a                _malloc_usable_size_r
 .text.__sfputc_r
                0x0800bc3a       0x2e c:/Users/kroko/AppData/Roaming/Code/User/globalStorage/bmd.stm32-for-vscode/@xpack-dev-tools/arm-none-eabi-gcc/13.3.1-1.1.1/.content/bin/../lib/gcc/arm-none-eabi/13.3.1/../../../../arm-none-eabi/lib/thumb/v7e-m+fp/hard\libc_nano.a(libc_a-nano-vfprintf.o)
 .text.__sfputs_r
                0x0800bc68       0x24 c:/Users/kroko/AppData/Roaming/Code/User/globalStorage/bmd.stm32-for-vscode/@xpack-dev-tools/arm-none-eabi-gcc/13.3.1-1.1.1/.content/bin/../lib/gcc/arm-none-eabi/13.3.1/../../../../arm-none-eabi/lib/thumb/v7e-m+fp/hard\libc_nano.a(libc_a-nano-vfprintf.o)
                0x0800bc68                __sfputs_r
 .text._vfprintf_r
                0x0800bc8c      0x230 c:/Users/kroko/AppData/Roaming/Code/User/globalStorage/bmd.stm32-for-vscode/@xpack-dev-tools/arm-none-eabi-gcc/13.3.1-1.1.1/.content/bin/../lib/gcc/arm-none-eabi/13.3.1/../../../../arm-none-eabi/lib/thumb/v7e-m+fp/hard\libc_nano.a(libc_a-nano-vfprintf.o)
                0x0800bc8c                _vfprintf_r
                0x0800bc8c                _vfiprintf_r
 .text.__swbuf_r
                0x0800bebc       0x7c c:/Users/kroko/AppData/Roaming/Code/User/globalStorage/bmd.stm32-for-vscode/@xpack-dev-tools/arm-none-eabi-gcc/13.3.1-1.1.1/.content/bin/../lib/gcc/arm-none-eabi/13.3.1/../../../../arm-none-eabi/lib/thumb/v7e-m+fp/hard\libc_nano.a(libc_a-wbuf.o)
                0x0800bebc                __swbuf_r
 .text.__swsetup_r
                0x0800bf38       0xac c:/Users/kroko/AppData/Roaming/Code/User/globalStorage/bmd.stm32-for-vscode/@xpack-dev-tools/arm-none-eabi-gcc/13.3.1-1.1.1/.content/bin/../lib/gcc/arm-none-eabi/13.3.1/../../../../arm-none-eabi/lib/thumb/v7e-m+fp/hard\libc_nano.a(libc_a-wsetup.o)
                0x0800bf38                __swsetup_r
 .text._raise_r
                0x0800bfe4       0x50 c:/Users/kroko/AppData/Roaming/Code/User/globalStorage/bmd.stm32-for-vscode/@xpack-dev-tools/arm-none-eabi-gcc/13.3.1-1.1.1/.content/bin/../lib/gcc/arm-none-eabi/13.3.1/../../../../arm-none-eabi/lib/thumb/v7e-m+fp/hard\libc_nano.a(libc_a-signal.o)
                0x0800bfe4                _raise_r
 .text.raise    0x0800c034       0x10 c:/Users/kroko/AppData/Roaming/Code/User/globalStorage/bmd.stm32-for-vscode/@xpack-dev-tools/arm-none-eabi-gcc/13.3.1-1.1.1/.content/bin/../lib/gcc/arm-none-eabi/13.3.1/../../../../arm-none-eabi/lib/thumb/v7e-m+fp/hard\libc_nano.a(libc_a-signal.o)
                0x0800c034                raise
 .text._kill_r  0x0800c044       0x24 c:/Users/kroko/AppData/Roaming/Code/User/globalStorage/bmd.stm32-for-vscode/@xpack-dev-tools/arm-none-eabi-gcc/13.3.1-1.1.1/.content/bin/../lib/gcc/arm-none-eabi/13.3.1/../../../../arm-none-eabi/lib/thumb/v7e-m+fp/hard\libc_nano.a(libc_a-signalr.o)
                0x0800c044                _kill_r
 .text._getpid_r
                0x0800c068        0x4 c:/Users/kroko/AppData/Roaming/Code/User/globalStorage/bmd.stm32-for-vscode/@xpack-dev-tools/arm-none-eabi-gcc/13.3.1-1.1.1/.content/bin/../lib/gcc/arm-none-eabi/13.3.1/../../../../arm-none-eabi/lib/thumb/v7e-m+fp/hard\libc_nano.a(libc_a-signalr.o)
                0x0800c068                _getpid_r
 .text.__swhatbuf_r
                0x0800c06c       0x4c c:/Users/kroko/AppData/Roaming/Code/User/globalStorage/bmd.stm32-for-vscode/@xpack-dev-tools/arm-none-eabi-gcc/13.3.1-1.1.1/.content/bin/../lib/gcc/arm-none-eabi/13.3.1/../../../../arm-none-eabi/lib/thumb/v7e-m+fp/hard\libc_nano.a(libc_a-makebuf.o)
                0x0800c06c                __swhatbuf_r
 .text.__smakebuf_r
                0x0800c0b8       0x78 c:/Users/kroko/AppData/Roaming/Code/User/globalStorage/bmd.stm32-for-vscode/@xpack-dev-tools/arm-none-eabi-gcc/13.3.1-1.1.1/.content/bin/../lib/gcc/arm-none-eabi/13.3.1/../../../../arm-none-eabi/lib/thumb/v7e-m+fp/hard\libc_nano.a(libc_a-makebuf.o)
                0x0800c0b8                __smakebuf_r
 .text._fstat_r
                0x0800c130       0x24 c:/Users/kroko/AppData/Roaming/Code/User/globalStorage/bmd.stm32-for-vscode/@xpack-dev-tools/arm-none-eabi-gcc/13.3.1-1.1.1/.content/bin/../lib/gcc/arm-none-eabi/13.3.1/../../../../arm-none-eabi/lib/thumb/v7e-m+fp/hard\libc_nano.a(libc_a-fstatr.o)
                0x0800c130                _fstat_r
 .text._isatty_r
                0x0800c154       0x20 c:/Users/kroko/AppData/Roaming/Code/User/globalStorage/bmd.stm32-for-vscode/@xpack-dev-tools/arm-none-eabi-gcc/13.3.1-1.1.1/.content/bin/../lib/gcc/arm-none-eabi/13.3.1/../../../../arm-none-eabi/lib/thumb/v7e-m+fp/hard\libc_nano.a(libc_a-isattyr.o)
                0x0800c154                _isatty_r
 *fill*         0x0800c174        0x4 
 .text.cos      0x0800c178       0x88 c:/Users/kroko/AppData/Roaming/Code/User/globalStorage/bmd.stm32-for-vscode/@xpack-dev-tools/arm-none-eabi-gcc/13.3.1-1.1.1/.content/bin/../lib/gcc/arm-none-eabi/13.3.1/../../../../arm-none-eabi/lib/thumb/v7e-m+fp/hard\libm.a(libm_a-s_cos.o)
                0x0800c178                cos
 .text.sin      0x0800c200       0x90 c:/Users/kroko/AppData/Roaming/Code/User/globalStorage/bmd.stm32-for-vscode/@xpack-dev-tools/arm-none-eabi-gcc/13.3.1-1.1.1/.content/bin/../lib/gcc/arm-none-eabi/13.3.1/../../../../arm-none-eabi/lib/thumb/v7e-m+fp/hard\libm.a(libm_a-s_sin.o)
                0x0800c200                sin
 .text.__kernel_cos
                0x0800c290      0x26c c:/Users/kroko/AppData/Roaming/Code/User/globalStorage/bmd.stm32-for-vscode/@xpack-dev-tools/arm-none-eabi-gcc/13.3.1-1.1.1/.content/bin/../lib/gcc/arm-none-eabi/13.3.1/../../../../arm-none-eabi/lib/thumb/v7e-m+fp/hard\libm.a(libm_a-k_cos.o)
                0x0800c290                __kernel_cos
 *fill*         0x0800c4fc        0x4 
 .text.__kernel_sin
                0x0800c500      0x17c c:/Users/kroko/AppData/Roaming/Code/User/globalStorage/bmd.stm32-for-vscode/@xpack-dev-tools/arm-none-eabi-gcc/13.3.1-1.1.1/.content/bin/../lib/gcc/arm-none-eabi/13.3.1/../../../../arm-none-eabi/lib/thumb/v7e-m+fp/hard\libm.a(libm_a-k_sin.o)
                0x0800c500                __kernel_sin
 *fill*         0x0800c67c        0x4 
 .text.__ieee754_rem_pio2
                0x0800c680      0x424 c:/Users/kroko/AppData/Roaming/Code/User/globalStorage/bmd.stm32-for-vscode/@xpack-dev-tools/arm-none-eabi-gcc/13.3.1-1.1.1/.content/bin/../lib/gcc/arm-none-eabi/13.3.1/../../../../arm-none-eabi/lib/thumb/v7e-m+fp/hard\libm.a(libm_a-e_rem_pio2.o)
                0x0800c680                __ieee754_rem_pio2
 .text.fabs     0x0800caa4       0x10 c:/Users/kroko/AppData/Roaming/Code/User/globalStorage/bmd.stm32-for-vscode/@xpack-dev-tools/arm-none-eabi-gcc/13.3.1-1.1.1/.content/bin/../lib/gcc/arm-none-eabi/13.3.1/../../../../arm-none-eabi/lib/thumb/v7e-m+fp/hard\libm.a(libm_a-s_fabs.o)
                0x0800caa4                fabs
 *fill*         0x0800cab4        0x4 
 .text.__kernel_rem_pio2
                0x0800cab8      0x82c c:/Users/kroko/AppData/Roaming/Code/User/globalStorage/bmd.stm32-for-vscode/@xpack-dev-tools/arm-none-eabi-gcc/13.3.1-1.1.1/.content/bin/../lib/gcc/arm-none-eabi/13.3.1/../../../../arm-none-eabi/lib/thumb/v7e-m+fp/hard\libm.a(libm_a-k_rem_pio2.o)
                0x0800cab8                __kernel_rem_pio2
 *fill*         0x0800d2e4        0x4 
 .text.scalbn   0x0800d2e8      0x114 c:/Users/kroko/AppData/Roaming/Code/User/globalStorage/bmd.stm32-for-vscode/@xpack-dev-tools/arm-none-eabi-gcc/13.3.1-1.1.1/.content/bin/../lib/gcc/arm-none-eabi/13.3.1/../../../../arm-none-eabi/lib/thumb/v7e-m+fp/hard\libm.a(libm_a-s_scalbn.o)
                0x0800d2e8                scalbn
 *fill*         0x0800d3fc        0x4 
 .text.floor    0x0800d400      0x108 c:/Users/kroko/AppData/Roaming/Code/User/globalStorage/bmd.stm32-for-vscode/@xpack-dev-tools/arm-none-eabi-gcc/13.3.1-1.1.1/.content/bin/../lib/gcc/arm-none-eabi/13.3.1/../../../../arm-none-eabi/lib/thumb/v7e-m+fp/hard\libm.a(libm_a-s_floor.o)
                0x0800d400                floor
 .text.__fixdfdi
                0x0800d508       0x30 c:/Users/kroko/AppData/Roaming/Code/User/globalStorage/bmd.stm32-for-vscode/@xpack-dev-tools/arm-none-eabi-gcc/13.3.1-1.1.1/.content/bin/../lib/gcc/arm-none-eabi/13.3.1/thumb/v7e-m+fp/hard\libgcc.a(_fixdfdi.o)
                0x0800d508                __fixdfdi
                0x0800d508                __aeabi_d2lz
 .text.__fixunsdfdi
                0x0800d538       0x3c c:/Users/kroko/AppData/Roaming/Code/User/globalStorage/bmd.stm32-for-vscode/@xpack-dev-tools/arm-none-eabi-gcc/13.3.1-1.1.1/.content/bin/../lib/gcc/arm-none-eabi/13.3.1/thumb/v7e-m+fp/hard\libgcc.a(_fixunsdfdi.o)
                0x0800d538                __fixunsdfdi
                0x0800d538                __aeabi_d2ulz
 .text.__udivmoddi4
                0x0800d574      0x2bc c:/Users/kroko/AppData/Roaming/Code/User/globalStorage/bmd.stm32-for-vscode/@xpack-dev-tools/arm-none-eabi-gcc/13.3.1-1.1.1/.content/bin/../lib/gcc/arm-none-eabi/13.3.1/thumb/v7e-m+fp/hard\libgcc.a(_udivmoddi4.o)
                0x0800d574                __udivmoddi4
 *(.glue_7)
 .glue_7        0x0800d830        0x0 linker stubs
 *(.glue_7t)
 .glue_7t       0x0800d830        0x0 linker stubs
 *(.eh_frame)
 .eh_frame      0x0800d830        0x0 c:/Users/kroko/AppData/Roaming/Code/User/globalStorage/bmd.stm32-for-vscode/@xpack-dev-tools/arm-none-eabi-gcc/13.3.1-1.1.1/.content/bin/../lib/gcc/arm-none-eabi/13.3.1/thumb/v7e-m+fp/hard/crtbegin.o
 *(.init)
 .init          0x0800d830        0x4 c:/Users/kroko/AppData/Roaming/Code/User/globalStorage/bmd.stm32-for-vscode/@xpack-dev-tools/arm-none-eabi-gcc/13.3.1-1.1.1/.content/bin/../lib/gcc/arm-none-eabi/13.3.1/thumb/v7e-m+fp/hard/crti.o
                0x0800d830                _init
 .init          0x0800d834        0x8 c:/Users/kroko/AppData/Roaming/Code/User/globalStorage/bmd.stm32-for-vscode/@xpack-dev-tools/arm-none-eabi-gcc/13.3.1-1.1.1/.content/bin/../lib/gcc/arm-none-eabi/13.3.1/thumb/v7e-m+fp/hard/crtn.o
 *(.fini)