Archive member included to satisfy reference by file (symbol)

c:/Users/kroko/AppData/Roaming/Code/User/globalStorage/bmd.stm32-for-vscode/@xpack-dev-tools/arm-none-eabi-gcc/13.3.1-1.1.1/.content/bin/../lib/gcc/arm-none-eabi/13.3.1/../../../../arm-none-eabi/lib/thumb/v7e-m+fp/hard\libc_nano.a(libc_a-atexit.o)
                              c:/Users/kroko/AppData/Roaming/Code/User/globalStorage/bmd.stm32-for-vscode/@xpack-dev-tools/arm-none-eabi-gcc/13.3.1-1.1.1/.content/bin/../lib/gcc/arm-none-eabi/13.3.1/../../../../arm-none-eabi/lib/thumb/v7e-m+fp/hard/crt0.o (atexit)
c:/Users/kroko/AppData/Roaming/Code/User/globalStorage/bmd.stm32-for-vscode/@xpack-dev-tools/arm-none-eabi-gcc/13.3.1-1.1.1/.content/bin/../lib/gcc/arm-none-eabi/13.3.1/../../../../arm-none-eabi/lib/thumb/v7e-m+fp/hard\libc_nano.a(libc_a-atof.o)
                              build/debug/main.o (atof)
c:/Users/kroko/AppData/Roaming/Code/User/globalStorage/bmd.stm32-for-vscode/@xpack-dev-tools/arm-none-eabi-gcc/13.3.1-1.1.1/.content/bin/../lib/gcc/arm-none-eabi/13.3.1/../../../../arm-none-eabi/lib/thumb/v7e-m+fp/hard\libc_nano.a(libc_a-exit.o)
                              c:/Users/kroko/AppData/Roaming/Code/User/globalStorage/bmd.stm32-for-vscode/@xpack-dev-tools/arm-none-eabi-gcc/13.3.1-1.1.1/.content/bin/../lib/gcc/arm-none-eabi/13.3.1/../../../../arm-none-eabi/lib/thumb/v7e-m+fp/hard/crt0.o (exit)
c:/Users/kroko/AppData/Roaming/Code/User/globalStorage/bmd.stm32-for-vscode/@xpack-dev-tools/arm-none-eabi-gcc/13.3.1-1.1.1/.content/bin/../lib/gcc/arm-none-eabi/13.3.1/../../../../arm-none-eabi/lib/thumb/v7e-m+fp/hard\libc_nano.a(libc_a-itoa.o)
                              build/debug/main.o (itoa)
c:/Users/kroko/AppData/Roaming/Code/User/globalStorage/bmd.stm32-for-vscode/@xpack-dev-tools/arm-none-eabi-gcc/13.3.1-1.1.1/.content/bin/../lib/gcc/arm-none-eabi/13.3.1/../../../../arm-none-eabi/lib/thumb/v7e-m+fp/hard\libc_nano.a(libc_a-strtod.o)
                              c:/Users/kroko/AppData/Roaming/Code/User/globalStorage/bmd.stm32-for-vscode/@xpack-dev-tools/arm-none-eabi-gcc/13.3.1-1.1.1/.content/bin/../lib/gcc/arm-none-eabi/13.3.1/../../../../arm-none-eabi/lib/thumb/v7e-m+fp/hard\libc_nano.a(libc_a-atof.o) (strtod)
c:/Users/kroko/AppData/Roaming/Code/User/globalStorage/bmd.stm32-for-vscode/@xpack-dev-tools/arm-none-eabi-gcc/13.3.1-1.1.1/.content/bin/../lib/gcc/arm-none-eabi/13.3.1/../../../../arm-none-eabi/lib/thumb/v7e-m+fp/hard\libc_nano.a(libc_a-utoa.o)
                              c:/Users/kroko/AppData/Roaming/Code/User/globalStorage/bmd.stm32-for-vscode/@xpack-dev-tools/arm-none-eabi-gcc/13.3.1-1.1.1/.content/bin/../lib/gcc/arm-none-eabi/13.3.1/../../../../arm-none-eabi/lib/thumb/v7e-m+fp/hard\libc_nano.a(libc_a-itoa.o) (__utoa)
c:/Users/kroko/AppData/Roaming/Code/User/globalStorage/bmd.stm32-for-vscode/@xpack-dev-tools/arm-none-eabi-gcc/13.3.1-1.1.1/.content/bin/../lib/gcc/arm-none-eabi/13.3.1/../../../../arm-none-eabi/lib/thumb/v7e-m+fp/hard\libc_nano.a(libc_a-efgcvt.o)
                              build/debug/info_disp.o (gcvt)
c:/Users/kroko/AppData/Roaming/Code/User/globalStorage/bmd.stm32-for-vscode/@xpack-dev-tools/arm-none-eabi-gcc/13.3.1-1.1.1/.content/bin/../lib/gcc/arm-none-eabi/13.3.1/../../../../arm-none-eabi/lib/thumb/v7e-m+fp/hard\libc_nano.a(libc_a-findfp.o)
                              c:/Users/kroko/AppData/Roaming/Code/User/globalStorage/bmd.stm32-for-vscode/@xpack-dev-tools/arm-none-eabi-gcc/13.3.1-1.1.1/.content/bin/../lib/gcc/arm-none-eabi/13.3.1/../../../../arm-none-eabi/lib/thumb/v7e-m+fp/hard\libc_nano.a(libc_a-exit.o) (__stdio_exit_handler)
c:/Users/kroko/AppData/Roaming/Code/User/globalStorage/bmd.stm32-for-vscode/@xpack-dev-tools/arm-none-eabi-gcc/13.3.1-1.1.1/.content/bin/../lib/gcc/arm-none-eabi/13.3.1/../../../../arm-none-eabi/lib/thumb/v7e-m+fp/hard\libc_nano.a(libc_a-fwalk.o)
                              c:/Users/kroko/AppData/Roaming/Code/User/globalStorage/bmd.stm32-for-vscode/@xpack-dev-tools/arm-none-eabi-gcc/13.3.1-1.1.1/.content/bin/../lib/gcc/arm-none-eabi/13.3.1/../../../../arm-none-eabi/lib/thumb/v7e-m+fp/hard\libc_nano.a(libc_a-findfp.o) (_fwalk_sglue)
c:/Users/kroko/AppData/Roaming/Code/User/globalStorage/bmd.stm32-for-vscode/@xpack-dev-tools/arm-none-eabi-gcc/13.3.1-1.1.1/.content/bin/../lib/gcc/arm-none-eabi/13.3.1/../../../../arm-none-eabi/lib/thumb/v7e-m+fp/hard\libc_nano.a(libc_a-snprintf.o)
                              build/debug/main.o (snprintf)
c:/Users/kroko/AppData/Roaming/Code/User/globalStorage/bmd.stm32-for-vscode/@xpack-dev-tools/arm-none-eabi-gcc/13.3.1-1.1.1/.content/bin/../lib/gcc/arm-none-eabi/13.3.1/../../../../arm-none-eabi/lib/thumb/v7e-m+fp/hard\libc_nano.a(libc_a-sprintf.o)
                              build/debug/info_disp.o (sprintf)
[...]
Memory Configuration

Name             Origin             Length             Attributes
RAM              0x20000000         0x00050000         xrw
FLASH            0x08000000         0x00180000         xr
*default*        0x00000000         0xffffffff

Linker script and memory map

LOAD c:/Users/kroko/AppData/Roaming/Code/User/globalStorage/bmd.stm32-for-vscode/@xpack-dev-tools/arm-none-eabi-gcc/13.3.1-1.1.1/.content/bin/../lib/gcc/arm-none-eabi/13.3.1/thumb/v7e-m+fp/hard/crti.o
LOAD c:/Users/kroko/AppData/Roaming/Code/User/globalStorage/bmd.stm32-for-vscode/@xpack-dev-tools/arm-none-eabi-gcc/13.3.1-1.1.1/.content/bin/../lib/gcc/arm-none-eabi/13.3.1/thumb/v7e-m+fp/hard/crtbegin.o
LOAD c:/Users/kroko/AppData/Roaming/Code/User/globalStorage/bmd.stm32-for-vscode/@xpack-dev-tools/arm-none-eabi-gcc/13.3.1-1.1.1/.content/bin/../lib/gcc/arm-none-eabi/13.3.1/../../../../arm-none-eabi/lib/thumb/v7e-m+fp/hard/crt0.o
LOAD build/debug/buttons.o
LOAD build/debug/ccsbcs.o
LOAD build/debug/cst816s.o
LOAD build/debug/diskio.o
LOAD build/debug/dispcolor.o
LOAD build/debug/enc.o
LOAD build/debug/f16f.o
LOAD build/debug/f24f.o
LOAD build/debug/f32f.o
LOAD build/debug/f6x8m.o
LOAD build/debug/fatfs.o
LOAD build/debug/fatfs_sd.o
LOAD build/debug/ff.o
LOAD build/debug/ff_gen_drv.o
LOAD build/debug/font.o
LOAD build/debug/gc9a01a.o
LOAD build/debug/gpio.o
LOAD build/debug/info_disp.o
LOAD build/debug/main.o
LOAD build/debug/spim.o
LOAD build/debug/stm32f4xx_hal.o
LOAD build/debug/stm32f4xx_hal_cortex.o
LOAD build/debug/stm32f4xx_hal_dma.o
LOAD build/debug/stm32f4xx_hal_dma_ex.o
LOAD build/debug/stm32f4xx_hal_exti.o
LOAD build/debug/stm32f4xx_hal_flash.o
LOAD build/debug/stm32f4xx_hal_flash_ex.o
LOAD build/debug/stm32f4xx_hal_flash_ramfunc.o
LOAD build/debug/stm32f4xx_hal_gpio.o
LOAD build/debug/stm32f4xx_hal_i2c.o
LOAD build/debug/stm32f4xx_hal_i2c_ex.o
LOAD build/debug/stm32f4xx_hal_iwdg.o
LOAD build/debug/stm32f4xx_hal_msp.o
LOAD build/debug/stm32f4xx_hal_pwr.o
LOAD build/debug/stm32f4xx_hal_pwr_ex.o
LOAD build/debug/stm32f4xx_hal_rcc.o
LOAD build/debug/stm32f4xx_hal_rcc_ex.o
LOAD build/debug/stm32f4xx_hal_rtc.o
LOAD build/debug/stm32f4xx_hal_rtc_ex.o
LOAD build/debug/stm32f4xx_hal_spi.o
LOAD build/debug/stm32f4xx_hal_uart.o
LOAD build/debug/stm32f4xx_it.o
LOAD build/debug/syscall.o
LOAD build/debug/syscalls.o
LOAD build/debug/sysmem.o
LOAD build/debug/system_stm32f4xx.o
LOAD build/debug/user_diskio.o
LOAD build/debug/startup_stm32f413xx.o
LOAD c:/Users/kroko/AppData/Roaming/Code/User/globalStorage/bmd.stm32-for-vscode/@xpack-dev-tools/arm-none-eabi-gcc/13.3.1-1.1.1/.content/bin/../lib/gcc/arm-none-eabi/13.3.1/../../../../arm-none-eabi/lib/thumb/v7e-m+fp/hard\libc_nano.a
LOAD c:/Users/kroko/AppData/Roaming/Code/User/globalStorage/bmd.stm32-for-vscode/@xpack-dev-tools/arm-none-eabi-gcc/13.3.1-1.1.1/.content/bin/../lib/gcc/arm-none-eabi/13.3.1/../../../../arm-none-eabi/lib/thumb/v7e-m+fp/hard\libm.a
LOAD c:/Users/kroko/AppData/Roaming/Code/User/globalStorage/bmd.stm32-for-vscode/@xpack-dev-tools/arm-none-eabi-gcc/13.3.1-1.1.1/.content/bin/../lib/gcc/arm-none-eabi/13.3.1/../../../../arm-none-eabi/lib/thumb/v7e-m+fp/hard\libnosys.a
START GROUP
LOAD c:/Users/kroko/AppData/Roaming/Code/User/globalStorage/bmd.stm32-for-vscode/@xpack-dev-tools/arm-none-eabi-gcc/13.3.1-1.1.1/.content/bin/../lib/gcc/arm-none-eabi/13.3.1/thumb/v7e-m+fp/hard\libgcc.a
LOAD c:/Users/kroko/AppData/Roaming/Code/User/globalStorage/bmd.stm32-for-vscode/@xpack-dev-tools/arm-none-eabi-gcc/13.3.1-1.1.1/.content/bin/../lib/gcc/arm-none-eabi/13.3.1/../../../../arm-none-eabi/lib/thumb/v7e-m+fp/hard\libc_nano.a
END GROUP
START GROUP
LOAD c:/Users/kroko/AppData/Roaming/Code/User/globalStorage/bmd.stm32-for-vscode/@xpack-dev-tools/arm-none-eabi-gcc/13.3.1-1.1.1/.content/bin/../lib/gcc/arm-none-eabi/13.3.1/thumb/v7e-m+fp/hard\libgcc.a
LOAD c:/Users/kroko/AppData/Roaming/Code/User/globalStorage/bmd.stm32-for-vscode/@xpack-dev-tools/arm-none-eabi-gcc/13.3.1-1.1.1/.content/bin/../lib/gcc/arm-none-eabi/13.3.1/../../../../arm-none-eabi/lib/thumb/v7e-m+fp/hard\libc_nano.a
END GROUP
LOAD c:/Users/kroko/AppData/Roaming/Code/User/globalStorage/bmd.stm32-for-vscode/@xpack-dev-tools/arm-none-eabi-gcc/13.3.1-1.1.1/.content/bin/../lib/gcc/arm-none-eabi/13.3.1/thumb/v7e-m+fp/hard/crtend.o
LOAD c:/Users/kroko/AppData/Roaming/Code/User/globalStorage/bmd.stm32-for-vscode/@xpack-dev-tools/arm-none-eabi-gcc/13.3.1-1.1.1/.content/bin/../lib/gcc/arm-none-eabi/13.3.1/thumb/v7e-m+fp/hard/crtn.o
                0x20050000                        _estack = (ORIGIN (RAM) + LENGTH (RAM))
                0x00000200                        _Min_Heap_Size = 0x200
                0x00000400                        _Min_Stack_Size = 0x400

.isr_vector     0x08000000      0x1d8
                0x08000000                        . = ALIGN (0x4)
 *(.isr_vector)
 .isr_vector    0x08000000      0x1d8 build/debug/startup_stm32f413xx.o
                0x08000000                g_pfnVectors
                0x080001d8                        . = ALIGN (0x4)

.text           0x080001e0    0x11498
                0x080001e0                        . = ALIGN (0x4)
 *(.text)
 .text          0x080001e0       0x10 c:/Users/kroko/AppData/Roaming/Code/User/globalStorage/bmd.stm32-for-vscode/@xpack-dev-tools/arm-none-eabi-gcc/13.3.1-1.1.1/.content/bin/../lib/gcc/arm-none-eabi/13.3.1/../../../../arm-none-eabi/lib/thumb/v7e-m+fp/hard\libc_nano.a(libc_a-strlen.o)
                0x080001e0                strlen
 .text          0x080001f0       0xa0 c:/Users/kroko/AppData/Roaming/Code/User/globalStorage/bmd.stm32-for-vscode/@xpack-dev-tools/arm-none-eabi-gcc/13.3.1-1.1.1/.content/bin/../lib/gcc/arm-none-eabi/13.3.1/../../../../arm-none-eabi/lib/thumb/v7e-m+fp/hard\libc_nano.a(libc_a-memchr.o)
                0x080001f0                memchr
 .text          0x08000290      0x378 c:/Users/kroko/AppData/Roaming/Code/User/globalStorage/bmd.stm32-for-vscode/@xpack-dev-tools/arm-none-eabi-gcc/13.3.1-1.1.1/.content/bin/../lib/gcc/arm-none-eabi/13.3.1/thumb/v7e-m+fp/hard\libgcc.a(_arm_addsubdf3.o)
                0x08000290                __aeabi_drsub
                0x08000298                __aeabi_dsub
                0x08000298                __subdf3
                0x0800029c                __aeabi_dadd
                0x0800029c                __adddf3
                0x08000514                __floatunsidf
                0x08000514                __aeabi_ui2d
                0x08000534                __floatsidf
                0x08000534                __aeabi_i2d
                0x08000558                __aeabi_f2d
                0x08000558                __extendsfdf2
                0x0800059c                __floatundidf
                0x0800059c                __aeabi_ul2d
                0x080005ac                __floatdidf
                0x080005ac                __aeabi_l2d
 .text          0x08000608      0x424 c:/Users/kroko/AppData/Roaming/Code/User/globalStorage/bmd.stm32-for-vscode/@xpack-dev-tools/arm-none-eabi-gcc/13.3.1-1.1.1/.content/bin/../lib/gcc/arm-none-eabi/13.3.1/thumb/v7e-m+fp/hard\libgcc.a(_arm_muldivdf3.o)
                0x08000608                __aeabi_dmul
                0x08000608                __muldf3
                0x0800085c                __divdf3
                0x0800085c                __aeabi_ddiv
 .text          0x08000a2c      0x110 c:/Users/kroko/AppData/Roaming/Code/User/globalStorage/bmd.stm32-for-vscode/@xpack-dev-tools/arm-none-eabi-gcc/13.3.1-1.1.1/.content/bin/../lib/gcc/arm-none-eabi/13.3.1/thumb/v7e-m+fp/hard\libgcc.a(_arm_cmpdf2.o)
                0x08000a2c                __gtdf2
                0x08000a2c                __gedf2
                0x08000a34                __ltdf2
                0x08000a34                __ledf2
                0x08000a3c                __nedf2
                0x08000a3c                __eqdf2
                0x08000a3c                __cmpdf2
                0x08000ab8                __aeabi_cdrcmple
                0x08000ac8                __aeabi_cdcmpeq
                0x08000ac8                __aeabi_cdcmple
                0x08000ad8                __aeabi_dcmpeq
                0x08000aec                __aeabi_dcmplt
                0x08000b00                __aeabi_dcmple
                0x08000b14                __aeabi_dcmpge
                0x08000b28                __aeabi_dcmpgt
 .text          0x08000b3c       0x2c c:/Users/kroko/AppData/Roaming/Code/User/globalStorage/bmd.stm32-for-vscode/@xpack-dev-tools/arm-none-eabi-gcc/13.3.1-1.1.1/.content/bin/../lib/gcc/arm-none-eabi/13.3.1/thumb/v7e-m+fp/hard\libgcc.a(_arm_unorddf2.o)
                0x08000b3c                __unorddf2
                0x08000b3c                __aeabi_dcmpun
 .text          0x08000b68       0x50 c:/Users/kroko/AppData/Roaming/Code/User/globalStorage/bmd.stm32-for-vscode/@xpack-dev-tools/arm-none-eabi-gcc/13.3.1-1.1.1/.content/bin/../lib/gcc/arm-none-eabi/13.3.1/thumb/v7e-m+fp/hard\libgcc.a(_arm_fixdfsi.o)
                0x08000b68                __aeabi_d2iz
                0x08000b68                __fixdfsi
 .text          0x08000bb8       0x40 c:/Users/kroko/AppData/Roaming/Code/User/globalStorage/bmd.stm32-for-vscode/@xpack-dev-tools/arm-none-eabi-gcc/13.3.1-1.1.1/.content/bin/../lib/gcc/arm-none-eabi/13.3.1/thumb/v7e-m+fp/hard\libgcc.a(_arm_fixunsdfsi.o)
                0x08000bb8                __aeabi_d2uiz
                0x08000bb8                __fixunsdfsi
 .text          0x08000bf8       0xa0 c:/Users/kroko/AppData/Roaming/Code/User/globalStorage/bmd.stm32-for-vscode/@xpack-dev-tools/arm-none-eabi-gcc/13.3.1-1.1.1/.content/bin/../lib/gcc/arm-none-eabi/13.3.1/thumb/v7e-m+fp/hard\libgcc.a(_arm_truncdfsf2.o)
                0x08000bf8                __truncdfsf2
                0x08000bf8                __aeabi_d2f
 .text          0x08000c98       0x30 c:/Users/kroko/AppData/Roaming/Code/User/globalStorage/bmd.stm32-for-vscode/@xpack-dev-tools/arm-none-eabi-gcc/13.3.1-1.1.1/.content/bin/../lib/gcc/arm-none-eabi/13.3.1/thumb/v7e-m+fp/hard\libgcc.a(_aeabi_uldivmod.o)
                0x08000c98                __aeabi_uldivmod
 .text          0x08000cc8        0x4 c:/Users/kroko/AppData/Roaming/Code/User/globalStorage/bmd.stm32-for-vscode/@xpack-dev-tools/arm-none-eabi-gcc/13.3.1-1.1.1/.content/bin/../lib/gcc/arm-none-eabi/13.3.1/thumb/v7e-m+fp/hard\libgcc.a(_dvmd_tls.o)
                0x08000cc8                __aeabi_idiv0
                0x08000cc8                __aeabi_ldiv0
 *(.text*)
 .text.__do_global_dtors_aux
                0x08000ccc       0x24 c:/Users/kroko/AppData/Roaming/Code/User/globalStorage/bmd.stm32-for-vscode/@xpack-dev-tools/arm-none-eabi-gcc/13.3.1-1.1.1/.content/bin/../lib/gcc/arm-none-eabi/13.3.1/thumb/v7e-m+fp/hard/crtbegin.o
 .text.frame_dummy
                0x08000cf0       0x1c c:/Users/kroko/AppData/Roaming/Code/User/globalStorage/bmd.stm32-for-vscode/@xpack-dev-tools/arm-none-eabi-gcc/13.3.1-1.1.1/.content/bin/../lib/gcc/arm-none-eabi/13.3.1/thumb/v7e-m+fp/hard/crtbegin.o
 .text.ff_convert
                0x08000d0c       0x3c build/debug/ccsbcs.o
                0x08000d0c                ff_convert
 .text.ff_wtoupper
                0x08000d48       0x9c build/debug/ccsbcs.o
                0x08000d48                ff_wtoupper
 .text.CST816S_Init
                0x08000de4       0x70 build/debug/cst816s.o
                0x08000de4                CST816S_Init
 .text.CST816S_ReadTouchData
                0x08000e54       0x4e build/debug/cst816s.o
                0x08000e54                CST816S_ReadTouchData
 *fill*         0x08000ea2        0x2 
 .text.disk_status
                0x08000ea4       0x18 build/debug/diskio.o
                0x08000ea4                disk_status
 .text.disk_initialize
                0x08000ebc       0x2c build/debug/diskio.o
                0x08000ebc                disk_initialize
 .text.disk_read
                0x08000ee8       0x18 build/debug/diskio.o
                0x08000ee8                disk_read
 .text.disk_write
                0x08000f00       0x18 build/debug/diskio.o
                0x08000f00                disk_write
 .text.disk_ioctl
                0x08000f18       0x18 build/debug/diskio.o
                0x08000f18                disk_ioctl
 .text.dispcolor_Update
                0x08000f30        0x8 build/debug/dispcolor.o
                0x08000f30                dispcolor_Update
 .text.dispcolor_DrawPixel
                0x08000f38        0x8 build/debug/dispcolor.o
                0x08000f38                dispcolor_DrawPixel
 .text.DrawLine_Slow
                0x08000f40       0xa4 build/debug/dispcolor.o
 .text.dispcolor_DrawChar_General
                0x08000fe4      0x134 build/debug/dispcolor.o
 .text.dispcolor_FillRect
                0x08001118       0x12 build/debug/dispcolor.o
                0x08001118                dispcolor_FillRect
 *fill*         0x0800112a        0x2 
 .text.dispcolor_FillScreen
                0x0800112c       0x28 build/debug/dispcolor.o
                0x0800112c                dispcolor_FillScreen
 .text.dispcolor_ClearScreen
                0x08001154        0xa build/debug/dispcolor.o
                0x08001154                dispcolor_ClearScreen
 *fill*         0x0800115e        0x2 
 .text.dispcolor_Init
                0x08001160       0x24 build/debug/dispcolor.o
                0x08001160                dispcolor_Init
 .text.dispcolor_DrawLine
                0x08001184       0x72 build/debug/dispcolor.o
                0x08001184                dispcolor_DrawLine
 .text.dispcolor_FillCircle
                0x080011f6       0xa8 build/debug/dispcolor.o
                0x080011f6                dispcolor_FillCircle
 .text.dispcolor_DrawChar
                0x0800129e       0x1a build/debug/dispcolor.o
                0x0800129e                dispcolor_DrawChar
 .text.dispcolor_DrawChar_Bg
                0x080012b8       0x1c build/debug/dispcolor.o
                0x080012b8                dispcolor_DrawChar_Bg
 .text.dispcolor_DrawString_General
                0x080012d4       0x84 build/debug/dispcolor.o
 .text.dispcolor_DrawString
                0x08001358       0x1a build/debug/dispcolor.o
                0x08001358                dispcolor_DrawString
 *fill*         0x08001372        0x2 
 .text.f10x16f_GetCharTable
                0x08001374       0x10 build/debug/f16f.o
                0x08001374                f10x16f_GetCharTable
 .text.f24f_GetCharTable
                0x08001384       0x70 build/debug/f24f.o
                0x08001384                f24f_GetCharTable
 .text.f32f_GetCharTable
                0x080013f4       0x84 build/debug/f32f.o
                0x080013f4                f32f_GetCharTable
 .text.f6x8m_GetCharTable
                0x08001478       0x10 build/debug/f6x8m.o
                0x08001478                f6x8m_GetCharTable
 .text.MX_FATFS_Init
                0x08001488       0x1c build/debug/fatfs.o
                0x08001488                MX_FATFS_Init
 .text.get_fattime
                0x080014a4       0x54 build/debug/fatfs.o
                0x080014a4                get_fattime
 .text.SD_PowerOff
                0x080014f8        0xc build/debug/fatfs_sd.o
 .text.SD_CheckPower
                0x08001504        0xc build/debug/fatfs_sd.o
 .text.SPI_TxByte
                0x08001510       0x2c build/debug/fatfs_sd.o
 .text.SELECT   0x0800153c       0x14 build/debug/fatfs_sd.o
 .text.DESELECT
                0x08001550       0x14 build/debug/fatfs_sd.o
 .text.SPI_RxByte
                0x08001564       0x40 build/debug/fatfs_sd.o
 .text.SD_PowerOn
                0x080015a4       0x7c build/debug/fatfs_sd.o
 .text.SD_ReadyWait
                0x08001620       0x24 build/debug/fatfs_sd.o
 .text.SD_SendCmd
                0x08001644       0x6a build/debug/fatfs_sd.o
 .text.SPI_RxBytePtr
                0x080016ae        0xc build/debug/fatfs_sd.o
 *fill*         0x080016ba        0x2 
 .text.SD_RxDataBlock
                0x080016bc       0x48 build/debug/fatfs_sd.o
 .text.SD_TxDataBlock
                0x08001704       0x6e build/debug/fatfs_sd.o
 *fill*         0x08001772        0x2 
 .text.SD_disk_initialize
                0x08001774      0x184 build/debug/fatfs_sd.o
                0x08001774                SD_disk_initialize
 .text.SD_disk_status
                0x080018f8       0x14 build/debug/fatfs_sd.o
                0x080018f8                SD_disk_status
 .text.SD_disk_read
                0x0800190c       0x98 build/debug/fatfs_sd.o
                0x0800190c                SD_disk_read
 .text.SD_disk_write
                0x080019a4       0xc4 build/debug/fatfs_sd.o
                0x080019a4                SD_disk_write
 .text.SD_disk_ioctl
                0x08001a68      0x188 build/debug/fatfs_sd.o
                0x08001a68                SD_disk_ioctl
 .text.ld_word  0x08001bf0        0xa build/debug/ff.o
 .text.ld_dword
                0x08001bfa       0x16 build/debug/ff.o
 .text.st_word  0x08001c10        0x8 build/debug/ff.o
 .text.st_dword
                0x08001c18       0x14 build/debug/ff.o
 .text.mem_cpy  0x08001c2c       0x14 build/debug/ff.o
 .text.mem_set  0x08001c40        0xa build/debug/ff.o
 .text.mem_cmp  0x08001c4a       0x1a build/debug/ff.o
 .text.chk_chr  0x08001c64       0x10 build/debug/ff.o
 .text.chk_lock
                0x08001c74       0x74 build/debug/ff.o
 .text.enq_lock
                0x08001ce8       0x20 build/debug/ff.o
 .text.inc_lock
                0x08001d08       0xa0 build/debug/ff.o
 .text.dec_lock
                0x08001da8       0x40 build/debug/ff.o
 .text.clear_lock
                0x08001de8       0x3c build/debug/ff.o
 .text.clust2sect
                0x08001e24       0x18 build/debug/ff.o
 .text.clmt_clust
                0x08001e3c       0x26 build/debug/ff.o
 .text.ld_clust
                0x08001e62       0x26 build/debug/ff.o
 .text.st_clust
                0x08001e88       0x26 build/debug/ff.o
 *fill*         0x08001eae        0x2 
 .text.put_lfn  0x08001eb0       0x78 build/debug/ff.o
 .text.gen_numname
                0x08001f28       0xaa build/debug/ff.o
 .text.sum_sfn  0x08001fd2       0x20 build/debug/ff.o
 .text.get_ldnumber
                0x08001ff2       0x54 build/debug/ff.o
 .text.validate
                0x08002046       0x46 build/debug/ff.o
 .text.sync_window
                0x0800208c       0x54 build/debug/ff.o
 .text.move_window
                0x080020e0       0x36 build/debug/ff.o
 *fill*         0x08002116        0x2 
 .text.check_fs
                0x08002118       0x78 build/debug/ff.o
 .text.find_volume
                0x08002190      0x354 build/debug/ff.o
 .text.put_fat  0x080024e4      0x136 build/debug/ff.o
 .text.get_fat  0x0800261a       0xfc build/debug/ff.o
 .text.dir_sdi  0x08002716       0xc0 build/debug/ff.o
 .text.create_chain
                0x080027d6       0xcc build/debug/ff.o
 .text.remove_chain
                0x080028a2       0x7e build/debug/ff.o
 .text.dir_next
                0x08002920      0x118 build/debug/ff.o
 .text.dir_alloc
                0x08002a38       0x50 build/debug/ff.o
 .text.sync_fs  0x08002a88       0x88 build/debug/ff.o
 .text.create_name
                0x08002b10      0x22c build/debug/ff.o
 .text.cmp_lfn  0x08002d3c       0xa0 build/debug/ff.o
 .text.dir_find
                0x08002ddc       0xe6 build/debug/ff.o
 .text.follow_path
                0x08002ec2       0x92 build/debug/ff.o
 .text.dir_register
                0x08002f54      0x140 build/debug/ff.o
 .text.f_mount  0x08003094       0x5c build/debug/ff.o
                0x08003094                f_mount
 .text.f_open   0x080030f0      0x22a build/debug/ff.o
                0x080030f0                f_open
 .text.f_write  0x0800331a      0x210 build/debug/ff.o
                0x0800331a                f_write
 .text.f_sync   0x0800352a       0x98 build/debug/ff.o
                0x0800352a                f_sync
 .text.f_close  0x080035c2       0x2a build/debug/ff.o
                0x080035c2                f_close
 .text.FATFS_LinkDriverEx
                0x080035ec       0x54 build/debug/ff_gen_drv.o
                0x080035ec                FATFS_LinkDriverEx
 .text.FATFS_LinkDriver
                0x08003640        0xa build/debug/ff_gen_drv.o
                0x08003640                FATFS_LinkDriver
 *fill*         0x0800364a        0x2 
 .text.font_GetFontStruct
                0x0800364c       0x14 build/debug/font.o
                0x0800364c                font_GetFontStruct
 .text.font_GetCharWidth
                0x08003660        0x4 build/debug/font.o
                0x08003660                font_GetCharWidth
 .text.font_GetCharHeight
                0x08003664        0x4 build/debug/font.o
                0x08003664                font_GetCharHeight
 .text.SwapBytes
                0x08003668        0xc build/debug/gc9a01a.o
 .text.SendPart2
                0x08003674       0x24 build/debug/gc9a01a.o
                0x08003674                SendPart2
 .text.GPIO_init
                0x08003698       0xac build/debug/gc9a01a.o
 .text.SendCmd  0x08003744       0x30 build/debug/gc9a01a.o
                0x08003744                SendCmd
 .text.SendData
                0x08003774       0x30 build/debug/gc9a01a.o
                0x08003774                SendData
 .text.ColumnSet
                0x080037a4       0x3c build/debug/gc9a01a.o
 .text.RowSet   0x080037e0       0x3c build/debug/gc9a01a.o
 .text.MemAccessModeSet
                0x0800381c       0x52 build/debug/gc9a01a.o
 .text.ColorModeSet
                0x0800386e       0x14 build/debug/gc9a01a.o
 *fill*         0x08003882        0x2 
 .text.GC9A01A_HardReset
                0x08003884       0x2c build/debug/gc9a01a.o
                0x08003884                GC9A01A_HardReset
 .text.GC9A01A_SleepMode
                0x080038b0       0x1c build/debug/gc9a01a.o
                0x080038b0                GC9A01A_SleepMode
 .text.GC9A01A_InversionMode
                0x080038cc       0x14 build/debug/gc9a01a.o
                0x080038cc                GC9A01A_InversionMode
 .text.GC9A01A_DisplayPower
                0x080038e0       0x14 build/debug/gc9a01a.o
                0x080038e0                GC9A01A_DisplayPower
 .text.GC9A01A_SetWindow
                0x080038f4       0x1c build/debug/gc9a01a.o
                0x080038f4                GC9A01A_SetWindow
 .text.GC9A01A_SetBL
                0x08003910       0x24 build/debug/gc9a01a.o
                0x08003910                GC9A01A_SetBL
 .text.GC9A01A_DrawPixel
                0x08003934       0x40 build/debug/gc9a01a.o
                0x08003934                GC9A01A_DrawPixel
 .text.GC9A01A_FillRect
                0x08003974       0x94 build/debug/gc9a01a.o
                0x08003974                GC9A01A_FillRect
 .text.GC9A01A_Update
                0x08003a08       0x44 build/debug/gc9a01a.o
                0x08003a08                GC9A01A_Update
 .text.GC9A01A_GetWidth
                0x08003a4c        0x4 build/debug/gc9a01a.o
                0x08003a4c                GC9A01A_GetWidth
 .text.GC9A01A_GetHeight
                0x08003a50        0x4 build/debug/gc9a01a.o
                0x08003a50                GC9A01A_GetHeight
 .text.GC9A01A_Init
                0x08003a54      0x4a8 build/debug/gc9a01a.o
                0x08003a54                GC9A01A_Init
 .text.gpio_PortClockStart
                0x08003efc       0xbc build/debug/gpio.o
                0x08003efc                gpio_PortClockStart
 .text.GetBlueRedPalette
                0x08003fb8      0x124 build/debug/info_disp.o
 .text.Draw_BMP
                0x080040dc       0x5e build/debug/info_disp.o
                0x080040dc                Draw_BMP
 *fill*         0x0800413a        0x2 
 .text.Add_Message
                0x0800413c       0x40 build/debug/info_disp.o
                0x0800413c                Add_Message
 .text.Draw_NavBar
                0x0800417c       0x9c build/debug/info_disp.o
                0x0800417c                Draw_NavBar
 .text.Show_SD_Warning
                0x08004218       0x58 build/debug/info_disp.o
                0x08004218                Show_SD_Warning
 .text.Show_RTC_Warning
                0x08004270       0x58 build/debug/info_disp.o
                0x08004270                Show_RTC_Warning
 .text.DrawRoundedRect
                0x080042c8      0x1ae build/debug/info_disp.o
                0x080042c8                DrawRoundedRect
 *fill*         0x08004476        0x2 
 .text.Update_Messages
                0x08004478      0x118 build/debug/info_disp.o
                0x08004478                Update_Messages
 .text.Dispaly_Data
                0x08004590      0x440 build/debug/info_disp.o
                0x08004590                Dispaly_Data
 .text.Draw_Main_Screen
                0x080049d0       0x5c build/debug/info_disp.o
                0x080049d0                Draw_Main_Screen
 .text.Display_Init
                0x08004a2c       0x88 build/debug/info_disp.o
                0x08004a2c                Display_Init
 *fill*         0x08004ab4        0x4 
 .text.isTouchInsideArc
                0x08004ab8       0xdc build/debug/info_disp.o
                0x08004ab8                isTouchInsideArc
 *fill*         0x08004b94        0x4 
 .text.getTouchAngle
                0x08004b98       0x90 build/debug/info_disp.o
                0x08004b98                getTouchAngle
 .text.MX_GPIO_Init
                0x08004c28      0x148 build/debug/main.o
 .text.MX_DMA_Init
                0x08004d70       0xe8 build/debug/main.o
 .text.HAL_UART_RxCpltCallback
                0x08004e58      0x234 build/debug/main.o
                0x08004e58                HAL_UART_RxCpltCallback
 .text.HAL_GPIO_EXTI_Callback
                0x0800508c       0x18 build/debug/main.o
                0x0800508c                HAL_GPIO_EXTI_Callback
 .text.findNextInDev
                0x080050a4       0x74 build/debug/main.o
                0x080050a4                findNextInDev
 .text.map      0x08005118       0x18 build/debug/main.o
                0x08005118                map
 .text.SIM_sendCommand
                0x08005130       0x3c build/debug/main.o
                0x08005130                SIM_sendCommand
 .text.checkSIMStatus
                0x0800516c       0x28 build/debug/main.o
                0x0800516c                checkSIMStatus
 .text.checkInitStatus
                0x08005194       0x24 build/debug/main.o
                0x08005194                checkInitStatus
 .text.resetModule
                0x080051b8       0x14 build/debug/main.o
                0x080051b8                resetModule
 .text.syncTime
                0x080051cc       0x24 build/debug/main.o
                0x080051cc                syncTime
 .text.Error_Handler
                0x080051f0        0xa build/debug/main.o
                0x080051f0                Error_Handler
 *fill*         0x080051fa        0x2 
 .text.MX_SPI1_Init
                0x080051fc       0x44 build/debug/main.o
 .text.MX_UART5_Init
                0x08005240       0x34 build/debug/main.o
 .text.MX_USART6_UART_Init
                0x08005274       0x34 build/debug/main.o
 .text.MX_SPI2_Init
                0x080052a8       0x44 build/debug/main.o
 .text.MX_RTC_Init
                0x080052ec       0xdc build/debug/main.o
 .text.MX_USART2_UART_Init
                0x080053c8       0x34 build/debug/main.o
 .text.MX_IWDG_Init
                0x080053fc       0x28 build/debug/main.o
 .text.MX_UART4_Init
                0x08005424       0x34 build/debug/main.o
 .text.MX_USART3_UART_Init
                0x08005458       0x34 build/debug/main.o
 .text.MX_I2C1_Init
                0x0800548c       0x3c build/debug/main.o
 .text.SystemClock_Config
                0x080054c8       0xb0 build/debug/main.o
                0x080054c8                SystemClock_Config
 .text.getTime  0x08005578      0x12c build/debug/main.o
                0x08005578                getTime
 .text.main     0x080056a4      0x8a0 build/debug/main.o
                0x080056a4                main
 .text.HAL_SPI_TxCpltCallback
                0x08005f44       0x20 build/debug/spim.o
                0x08005f44                HAL_SPI_TxCpltCallback
 .text.spi_init
                0x08005f64       0x1c build/debug/spim.o
                0x08005f64                spi_init
 .text.spim_init
                0x08005f80      0x12c build/debug/spim.o
                0x08005f80                spim_init
 .text.SPI_send
                0x080060ac       0x28 build/debug/spim.o
                0x080060ac                SPI_send
 .text.SPI_send_dma
                0x080060d4       0x28 build/debug/spim.o
                0x080060d4                SPI_send_dma
 .text.HAL_InitTick
                0x080060fc       0x4c build/debug/stm32f4xx_hal.o
                0x080060fc                HAL_InitTick
 .text.HAL_Init
                0x08006148       0x34 build/debug/stm32f4xx_hal.o
                0x08006148                HAL_Init
 .text.HAL_IncTick
                0x0800617c       0x18 build/debug/stm32f4xx_hal.o
                0x0800617c                HAL_IncTick
 .text.HAL_GetTick
                0x08006194        0xc build/debug/stm32f4xx_hal.o
                0x08006194                HAL_GetTick
 .text.HAL_Delay
                0x080061a0       0x28 build/debug/stm32f4xx_hal.o
                0x080061a0                HAL_Delay
 .text.HAL_GetDEVID
                0x080061c8       0x10 build/debug/stm32f4xx_hal.o
                0x080061c8                HAL_GetDEVID
 .text.__NVIC_EnableIRQ
                0x080061d8       0x1c build/debug/stm32f4xx_hal_cortex.o
 .text.__NVIC_SetPriority
                0x080061f4       0x28 build/debug/stm32f4xx_hal_cortex.o
 .text.NVIC_EncodePriority
                0x0800621c       0x3e build/debug/stm32f4xx_hal_cortex.o
 *fill*         0x0800625a        0x2 
 .text.__NVIC_SystemReset
                0x0800625c       0x24 build/debug/stm32f4xx_hal_cortex.o
 .text.HAL_NVIC_SetPriorityGrouping
                0x08006280       0x24 build/debug/stm32f4xx_hal_cortex.o
                0x08006280                HAL_NVIC_SetPriorityGrouping
 .text.HAL_NVIC_SetPriority
                0x080062a4       0x20 build/debug/stm32f4xx_hal_cortex.o
                0x080062a4                HAL_NVIC_SetPriority
 .text.HAL_NVIC_EnableIRQ
                0x080062c4        0x8 build/debug/stm32f4xx_hal_cortex.o
                0x080062c4                HAL_NVIC_EnableIRQ
 .text.HAL_NVIC_SystemReset
                0x080062cc        0x6 build/debug/stm32f4xx_hal_cortex.o
                0x080062cc                HAL_NVIC_SystemReset
 *fill*         0x080062d2        0x2 
 .text.HAL_SYSTICK_Config
                0x080062d4       0x28 build/debug/stm32f4xx_hal_cortex.o
                0x080062d4                HAL_SYSTICK_Config
 .text.DMA_SetConfig
                0x080062fc       0x2c build/debug/stm32f4xx_hal_dma.o
 .text.DMA_CalcBaseAndBitshift
                0x08006328       0x3c build/debug/stm32f4xx_hal_dma.o
 .text.DMA_CheckFifoParam
                0x08006364       0x8e build/debug/stm32f4xx_hal_dma.o
 *fill*         0x080063f2        0x2 
 .text.HAL_DMA_Init
                0x080063f4       0xcc build/debug/stm32f4xx_hal_dma.o
                0x080063f4                HAL_DMA_Init
 .text.HAL_DMA_Start_IT
                0x080064c0       0x6a build/debug/stm32f4xx_hal_dma.o
                0x080064c0                HAL_DMA_Start_IT
 .text.HAL_DMA_Abort
                0x0800652a       0x94 build/debug/stm32f4xx_hal_dma.o
                0x0800652a                HAL_DMA_Abort
 .text.HAL_DMA_Abort_IT
                0x080065be       0x26 build/debug/stm32f4xx_hal_dma.o
                0x080065be                HAL_DMA_Abort_IT
 .text.HAL_DMA_IRQHandler
                0x080065e4      0x1dc build/debug/stm32f4xx_hal_dma.o
                0x080065e4                HAL_DMA_IRQHandler
 .text.HAL_DMA_GetState
                0x080067c0        0x6 build/debug/stm32f4xx_hal_dma.o
                0x080067c0                HAL_DMA_GetState
 *fill*         0x080067c6        0x2 
 .text.HAL_GPIO_Init
                0x080067c8      0x1e0 build/debug/stm32f4xx_hal_gpio.o
                0x080067c8                HAL_GPIO_Init
 .text.HAL_GPIO_WritePin
                0x080069a8        0xc build/debug/stm32f4xx_hal_gpio.o
                0x080069a8                HAL_GPIO_WritePin
 .text.HAL_GPIO_EXTI_IRQHandler
                0x080069b4       0x1c build/debug/stm32f4xx_hal_gpio.o
                0x080069b4                HAL_GPIO_EXTI_IRQHandler
 .text.I2C_Flush_DR
                0x080069d0       0x10 build/debug/stm32f4xx_hal_i2c.o
 .text.I2C_Master_SB
                0x080069e0       0xa8 build/debug/stm32f4xx_hal_i2c.o
 .text.I2C_Master_ADD10
                0x08006a88       0x2a build/debug/stm32f4xx_hal_i2c.o
 *fill*         0x08006ab2        0x2 
 .text.I2C_Master_ADDR
                0x08006ab4      0x230 build/debug/stm32f4xx_hal_i2c.o
 .text.I2C_SlaveTransmit_BTF
                0x08006ce4       0x20 build/debug/stm32f4xx_hal_i2c.o
 .text.I2C_SlaveReceive_BTF
                0x08006d04       0x20 build/debug/stm32f4xx_hal_i2c.o
 .text.I2C_WaitOnSTOPRequestThroughIT
                0x08006d24       0x48 build/debug/stm32f4xx_hal_i2c.o
 .text.I2C_IsAcknowledgeFailed
                0x08006d6c       0x32 build/debug/stm32f4xx_hal_i2c.o
 .text.I2C_ConvertOtherXferOptions
                0x08006d9e       0x1e build/debug/stm32f4xx_hal_i2c.o
 .text.I2C_WaitOnFlagUntilTimeout
                0x08006dbc       0xaa build/debug/stm32f4xx_hal_i2c.o
 .text.I2C_WaitOnMasterAddressFlagUntilTimeout
                0x08006e66       0xd6 build/debug/stm32f4xx_hal_i2c.o
 .text.I2C_MasterRequestWrite
                0x08006f3c       0xb4 build/debug/stm32f4xx_hal_i2c.o
 .text.I2C_MasterRequestRead
                0x08006ff0      0x120 build/debug/stm32f4xx_hal_i2c.o
 .text.I2C_WaitOnTXEFlagUntilTimeout
                0x08007110       0x5e build/debug/stm32f4xx_hal_i2c.o
 .text.I2C_WaitOnBTFFlagUntilTimeout
                0x0800716e       0x5e build/debug/stm32f4xx_hal_i2c.o
 .text.I2C_WaitOnRXNEFlagUntilTimeout
                0x080071cc       0x78 build/debug/stm32f4xx_hal_i2c.o
 .text.HAL_I2C_Init
                0x08007244      0x1bc build/debug/stm32f4xx_hal_i2c.o
                0x08007244                HAL_I2C_Init
 .text.HAL_I2C_Master_Transmit
                0x08007400      0x178 build/debug/stm32f4xx_hal_i2c.o
                0x08007400                HAL_I2C_Master_Transmit
 .text.HAL_I2C_Master_Receive
                0x08007578      0x2fc build/debug/stm32f4xx_hal_i2c.o
                0x08007578                HAL_I2C_Master_Receive
 .text.HAL_I2C_MasterTxCpltCallback
                0x08007874        0x2 build/debug/stm32f4xx_hal_i2c.o
                0x08007874                HAL_I2C_MasterTxCpltCallback
 .text.HAL_I2C_MasterRxCpltCallback
                0x08007876        0x2 build/debug/stm32f4xx_hal_i2c.o
                0x08007876                HAL_I2C_MasterRxCpltCallback
 .text.HAL_I2C_SlaveTxCpltCallback
                0x08007878        0x2 build/debug/stm32f4xx_hal_i2c.o
                0x08007878                HAL_I2C_SlaveTxCpltCallback
 .text.I2C_SlaveTransmit_TXE
                0x0800787a       0x4c build/debug/stm32f4xx_hal_i2c.o
 .text.HAL_I2C_SlaveRxCpltCallback
                0x080078c6        0x2 build/debug/stm32f4xx_hal_i2c.o
                0x080078c6                HAL_I2C_SlaveRxCpltCallback
 .text.I2C_SlaveReceive_RXNE
                0x080078c8       0x4c build/debug/stm32f4xx_hal_i2c.o
 .text.HAL_I2C_AddrCallback
                0x08007914        0x2 build/debug/stm32f4xx_hal_i2c.o
                0x08007914                HAL_I2C_AddrCallback
 .text.I2C_Slave_ADDR
                0x08007916       0x5a build/debug/stm32f4xx_hal_i2c.o
 .text.HAL_I2C_ListenCpltCallback
                0x08007970        0x2 build/debug/stm32f4xx_hal_i2c.o
                0x08007970                HAL_I2C_ListenCpltCallback
 *fill*         0x08007972        0x2 
 .text.I2C_Slave_AF
                0x08007974       0xa0 build/debug/stm32f4xx_hal_i2c.o
 .text.HAL_I2C_MemTxCpltCallback
                0x08007a14        0x2 build/debug/stm32f4xx_hal_i2c.o
                0x08007a14                HAL_I2C_MemTxCpltCallback
 .text.I2C_MasterTransmit_BTF
                0x08007a16       0x9e build/debug/stm32f4xx_hal_i2c.o
 .text.I2C_MemoryTransmit_TXE_BTF
                0x08007ab4       0xc4 build/debug/stm32f4xx_hal_i2c.o
 .text.I2C_MasterTransmit_TXE
                0x08007b78       0xd4 build/debug/stm32f4xx_hal_i2c.o
 .text.HAL_I2C_MemRxCpltCallback
                0x08007c4c        0x2 build/debug/stm32f4xx_hal_i2c.o
                0x08007c4c                HAL_I2C_MemRxCpltCallback
 .text.I2C_MasterReceive_BTF
                0x08007c4e      0x140 build/debug/stm32f4xx_hal_i2c.o
 .text.HAL_I2C_ErrorCallback
                0x08007d8e        0x2 build/debug/stm32f4xx_hal_i2c.o
                0x08007d8e                HAL_I2C_ErrorCallback
 .text.I2C_MasterReceive_RXNE
                0x08007d90      0x106 build/debug/stm32f4xx_hal_i2c.o
 .text.HAL_I2C_AbortCpltCallback
                0x08007e96        0x2 build/debug/stm32f4xx_hal_i2c.o
                0x08007e96                HAL_I2C_AbortCpltCallback
 .text.I2C_DMAAbort
                0x08007e98       0xe4 build/debug/stm32f4xx_hal_i2c.o
 .text.I2C_ITError
                0x08007f7c      0x178 build/debug/stm32f4xx_hal_i2c.o
 .text.I2C_Slave_STOPF
                0x080080f4      0x18c build/debug/stm32f4xx_hal_i2c.o
 .text.HAL_I2C_EV_IRQHandler
                0x08008280      0x1a0 build/debug/stm32f4xx_hal_i2c.o
                0x08008280                HAL_I2C_EV_IRQHandler
 .text.HAL_I2C_ER_IRQHandler
                0x08008420       0xc4 build/debug/stm32f4xx_hal_i2c.o
                0x08008420                HAL_I2C_ER_IRQHandler
 .text.HAL_IWDG_Init
                0x080084e4       0x58 build/debug/stm32f4xx_hal_iwdg.o
                0x080084e4                HAL_IWDG_Init
 .text.HAL_IWDG_Refresh
                0x0800853c        0xc build/debug/stm32f4xx_hal_iwdg.o
                0x0800853c                HAL_IWDG_Refresh
 .text.HAL_MspInit
                0x08008548       0x38 build/debug/stm32f4xx_hal_msp.o
                0x08008548                HAL_MspInit
 .text.HAL_I2C_MspInit
                0x08008580       0x94 build/debug/stm32f4xx_hal_msp.o
                0x08008580                HAL_I2C_MspInit
 .text.HAL_RTC_MspInit
                0x08008614       0x48 build/debug/stm32f4xx_hal_msp.o
                0x08008614                HAL_RTC_MspInit
 .text.HAL_SPI_MspInit
                0x0800865c      0x130 build/debug/stm32f4xx_hal_msp.o
                0x0800865c                HAL_SPI_MspInit
 .text.HAL_UART_MspInit
                0x0800878c      0x470 build/debug/stm32f4xx_hal_msp.o
                0x0800878c                HAL_UART_MspInit
 .text.HAL_RCC_GetSysClockFreq
                0x08008bfc       0xdc build/debug/stm32f4xx_hal_rcc.o
                0x08008bfc                HAL_RCC_GetSysClockFreq
 .text.HAL_RCC_ClockConfig
                0x08008cd8      0x160 build/debug/stm32f4xx_hal_rcc.o
                0x08008cd8                HAL_RCC_ClockConfig
 .text.HAL_RCC_GetHCLKFreq
                0x08008e38        0xc build/debug/stm32f4xx_hal_rcc.o
                0x08008e38                HAL_RCC_GetHCLKFreq
 .text.HAL_RCC_GetPCLK1Freq
                0x08008e44       0x20 build/debug/stm32f4xx_hal_rcc.o
                0x08008e44                HAL_RCC_GetPCLK1Freq
 .text.HAL_RCC_GetPCLK2Freq
                0x08008e64       0x20 build/debug/stm32f4xx_hal_rcc.o
                0x08008e64                HAL_RCC_GetPCLK2Freq
 .text.HAL_RCCEx_PeriphCLKConfig
                0x08008e84      0x3dc build/debug/stm32f4xx_hal_rcc_ex.o
                0x08008e84                HAL_RCCEx_PeriphCLKConfig
 .text.HAL_RCC_OscConfig
                0x08009260      0x410 build/debug/stm32f4xx_hal_rcc_ex.o
                0x08009260                HAL_RCC_OscConfig
 .text.HAL_RTC_WaitForSynchro
                0x08009670       0x34 build/debug/stm32f4xx_hal_rtc.o
                0x08009670                HAL_RTC_WaitForSynchro
 .text.RTC_EnterInitMode
                0x080096a4       0x46 build/debug/stm32f4xx_hal_rtc.o
                0x080096a4                RTC_EnterInitMode
 .text.RTC_ExitInitMode
                0x080096ea       0x2a build/debug/stm32f4xx_hal_rtc.o
                0x080096ea                RTC_ExitInitMode
 .text.HAL_RTC_Init
                0x08009714       0x9e build/debug/stm32f4xx_hal_rtc.o
                0x08009714                HAL_RTC_Init
 .text.RTC_ByteToBcd2
                0x080097b2       0x16 build/debug/stm32f4xx_hal_rtc.o
                0x080097b2                RTC_ByteToBcd2
 .text.HAL_RTC_SetTime
                0x080097c8       0xc0 build/debug/stm32f4xx_hal_rtc.o
                0x080097c8                HAL_RTC_SetTime
 .text.HAL_RTC_SetDate
                0x08009888       0x9c build/debug/stm32f4xx_hal_rtc.o
                0x08009888                HAL_RTC_SetDate
 .text.HAL_RTC_SetAlarm
                0x08009924      0x178 build/debug/stm32f4xx_hal_rtc.o
                0x08009924                HAL_RTC_SetAlarm
 .text.RTC_Bcd2ToByte
                0x08009a9c       0x12 build/debug/stm32f4xx_hal_rtc.o
                0x08009a9c                RTC_Bcd2ToByte
 .text.HAL_RTC_GetTime
                0x08009aae       0x4c build/debug/stm32f4xx_hal_rtc.o
                0x08009aae                HAL_RTC_GetTime
 .text.HAL_RTC_GetDate
                0x08009afa       0x3c build/debug/stm32f4xx_hal_rtc.o
                0x08009afa                HAL_RTC_GetDate
 .text.HAL_RTCEx_BKUPWrite
                0x08009b36        0xa build/debug/stm32f4xx_hal_rtc_ex.o
                0x08009b36                HAL_RTCEx_BKUPWrite
 .text.HAL_RTCEx_BKUPRead
                0x08009b40        0xa build/debug/stm32f4xx_hal_rtc_ex.o
                0x08009b40                HAL_RTCEx_BKUPRead
 *fill*         0x08009b4a        0x2 
 .text.SPI_WaitFlagStateUntilTimeout
                0x08009b4c       0xc8 build/debug/stm32f4xx_hal_spi.o
 .text.SPI_EndRxTxTransaction
                0x08009c14       0x80 build/debug/stm32f4xx_hal_spi.o
 .text.HAL_SPI_Init
                0x08009c94       0xbe build/debug/stm32f4xx_hal_spi.o
                0x08009c94                HAL_SPI_Init
 .text.HAL_SPI_Transmit
                0x08009d52      0x1c4 build/debug/stm32f4xx_hal_spi.o
                0x08009d52                HAL_SPI_Transmit
 .text.HAL_SPI_TransmitReceive
                0x08009f16      0x254 build/debug/stm32f4xx_hal_spi.o
                0x08009f16                HAL_SPI_TransmitReceive
 *fill*         0x0800a16a        0x2 
 .text.HAL_SPI_Transmit_DMA
                0x0800a16c       0xe0 build/debug/stm32f4xx_hal_spi.o
                0x0800a16c                HAL_SPI_Transmit_DMA
 .text.HAL_SPI_TxHalfCpltCallback
                0x0800a24c        0x2 build/debug/stm32f4xx_hal_spi.o
                0x0800a24c                HAL_SPI_TxHalfCpltCallback
 .text.SPI_DMAHalfTransmitCplt
                0x0800a24e        0xa build/debug/stm32f4xx_hal_spi.o
 .text.HAL_SPI_ErrorCallback
                0x0800a258        0x2 build/debug/stm32f4xx_hal_spi.o
                0x0800a258                HAL_SPI_ErrorCallback
 .text.SPI_DMAError
                0x0800a25a       0x22 build/debug/stm32f4xx_hal_spi.o
 .text.SPI_DMATransmitCplt
                0x0800a27c       0x70 build/debug/stm32f4xx_hal_spi.o
 .text.HAL_SPI_GetState
                0x0800a2ec        0x6 build/debug/stm32f4xx_hal_spi.o
                0x0800a2ec                HAL_SPI_GetState
 .text.UART_EndTxTransfer
                0x0800a2f2       0x20 build/debug/stm32f4xx_hal_uart.o
 .text.UART_EndRxTransfer
                0x0800a312       0x5c build/debug/stm32f4xx_hal_uart.o
 .text.UART_Transmit_IT
                0x0800a36e       0x60 build/debug/stm32f4xx_hal_uart.o
 *fill*         0x0800a3ce        0x2 
 .text.UART_SetConfig
                0x0800a3d0      0x120 build/debug/stm32f4xx_hal_uart.o
 .text.HAL_UART_Init
                0x0800a4f0       0x60 build/debug/stm32f4xx_hal_uart.o
                0x0800a4f0                HAL_UART_Init
 .text.HAL_UART_Transmit_DMA
                0x0800a550       0x84 build/debug/stm32f4xx_hal_uart.o
                0x0800a550                HAL_UART_Transmit_DMA
 .text.HAL_UART_TxCpltCallback
                0x0800a5d4        0x2 build/debug/stm32f4xx_hal_uart.o
                0x0800a5d4                HAL_UART_TxCpltCallback
 .text.UART_DMATransmitCplt
                0x0800a5d6       0x4c build/debug/stm32f4xx_hal_uart.o
 .text.UART_EndTransmit_IT
                0x0800a622       0x1a build/debug/stm32f4xx_hal_uart.o
 .text.HAL_UART_TxHalfCpltCallback
                0x0800a63c        0x2 build/debug/stm32f4xx_hal_uart.o
                0x0800a63c                HAL_UART_TxHalfCpltCallback
 .text.UART_DMATxHalfCplt
                0x0800a63e        0xa build/debug/stm32f4xx_hal_uart.o
 .text.HAL_UART_RxHalfCpltCallback
                0x0800a648        0x2 build/debug/stm32f4xx_hal_uart.o
                0x0800a648                HAL_UART_RxHalfCpltCallback
 .text.HAL_UART_ErrorCallback
                0x0800a64a        0x2 build/debug/stm32f4xx_hal_uart.o
                0x0800a64a                HAL_UART_ErrorCallback
 .text.UART_DMAError
                0x0800a64c       0x58 build/debug/stm32f4xx_hal_uart.o
 .text.UART_DMAAbortOnError
                0x0800a6a4       0x10 build/debug/stm32f4xx_hal_uart.o
 .text.HAL_UARTEx_RxEventCallback
                0x0800a6b4        0x2 build/debug/stm32f4xx_hal_uart.o
                0x0800a6b4                HAL_UARTEx_RxEventCallback
 .text.UART_Receive_IT
                0x0800a6b6       0xe6 build/debug/stm32f4xx_hal_uart.o
 .text.HAL_UART_IRQHandler
                0x0800a79c      0x284 build/debug/stm32f4xx_hal_uart.o
                0x0800a79c                HAL_UART_IRQHandler
 .text.UART_DMARxHalfCplt
                0x0800aa20       0x1e build/debug/stm32f4xx_hal_uart.o
 .text.UART_DMAReceiveCplt
                0x0800aa3e       0x9a build/debug/stm32f4xx_hal_uart.o
 .text.UART_Start_Receive_DMA
                0x0800aad8       0xa4 build/debug/stm32f4xx_hal_uart.o
                0x0800aad8                UART_Start_Receive_DMA
 .text.HAL_UART_Receive_DMA
                0x0800ab7c       0x26 build/debug/stm32f4xx_hal_uart.o
                0x0800ab7c                HAL_UART_Receive_DMA
 *fill*         0x0800aba2        0x2 
 .text.SDTimer_Handler
                0x0800aba4       0x2c build/debug/stm32f4xx_it.o
                0x0800aba4                SDTimer_Handler
 .text.NMI_Handler
                0x0800abd0        0x2 build/debug/stm32f4xx_it.o
                0x0800abd0                NMI_Handler
 .text.HardFault_Handler
                0x0800abd2        0x2 build/debug/stm32f4xx_it.o
                0x0800abd2                HardFault_Handler
 .text.MemManage_Handler
                0x0800abd4        0x2 build/debug/stm32f4xx_it.o
                0x0800abd4                MemManage_Handler
 .text.BusFault_Handler
                0x0800abd6        0x2 build/debug/stm32f4xx_it.o
                0x0800abd6                BusFault_Handler
 .text.UsageFault_Handler
                0x0800abd8        0x2 build/debug/stm32f4xx_it.o
                0x0800abd8                UsageFault_Handler
 .text.SVC_Handler
                0x0800abda        0x2 build/debug/stm32f4xx_it.o
                0x0800abda                SVC_Handler
 .text.DebugMon_Handler
                0x0800abdc        0x2 build/debug/stm32f4xx_it.o
                0x0800abdc                DebugMon_Handler
 .text.PendSV_Handler
                0x0800abde        0x2 build/debug/stm32f4xx_it.o
                0x0800abde                PendSV_Handler
 .text.SysTick_Handler
                0x0800abe0       0x2c build/debug/stm32f4xx_it.o
                0x0800abe0                SysTick_Handler
 .text.DMA1_Stream0_IRQHandler
                0x0800ac0c       0x10 build/debug/stm32f4xx_it.o
                0x0800ac0c                DMA1_Stream0_IRQHandler
 .text.DMA1_Stream1_IRQHandler
                0x0800ac1c       0x10 build/debug/stm32f4xx_it.o
                0x0800ac1c                DMA1_Stream1_IRQHandler
 .text.DMA1_Stream2_IRQHandler
                0x0800ac2c       0x10 build/debug/stm32f4xx_it.o
                0x0800ac2c                DMA1_Stream2_IRQHandler
 .text.DMA1_Stream3_IRQHandler
                0x0800ac3c       0x10 build/debug/stm32f4xx_it.o
                0x0800ac3c                DMA1_Stream3_IRQHandler
 .text.DMA1_Stream4_IRQHandler
                0x0800ac4c       0x10 build/debug/stm32f4xx_it.o
                0x0800ac4c                DMA1_Stream4_IRQHandler
 .text.DMA1_Stream5_IRQHandler
                0x0800ac5c       0x10 build/debug/stm32f4xx_it.o
                0x0800ac5c                DMA1_Stream5_IRQHandler
 .text.DMA1_Stream6_IRQHandler
                0x0800ac6c       0x10 build/debug/stm32f4xx_it.o
                0x0800ac6c                DMA1_Stream6_IRQHandler
 .text.EXTI9_5_IRQHandler
                0x0800ac7c        0xc build/debug/stm32f4xx_it.o
                0x0800ac7c                EXTI9_5_IRQHandler
 .text.I2C1_EV_IRQHandler
                0x0800ac88       0x10 build/debug/stm32f4xx_it.o
                0x0800ac88                I2C1_EV_IRQHandler
 .text.I2C1_ER_IRQHandler
                0x0800ac98       0x10 build/debug/stm32f4xx_it.o
                0x0800ac98                I2C1_ER_IRQHandler
 .text.USART2_IRQHandler
                0x0800aca8       0x10 build/debug/stm32f4xx_it.o
                0x0800aca8                USART2_IRQHandler
 .text.USART3_IRQHandler
                0x0800acb8       0x10 build/debug/stm32f4xx_it.o
                0x0800acb8                USART3_IRQHandler
 .text.DMA1_Stream7_IRQHandler
                0x0800acc8       0x10 build/debug/stm32f4xx_it.o
                0x0800acc8                DMA1_Stream7_IRQHandler
 .text.UART4_IRQHandler
                0x0800acd8       0x10 build/debug/stm32f4xx_it.o
                0x0800acd8                UART4_IRQHandler
 .text.UART5_IRQHandler
                0x0800ace8       0x10 build/debug/stm32f4xx_it.o
                0x0800ace8                UART5_IRQHandler
 .text.DMA2_Stream1_IRQHandler
                0x0800acf8       0x10 build/debug/stm32f4xx_it.o
                0x0800acf8                DMA2_Stream1_IRQHandler
 .text.DMA2_Stream2_IRQHandler
                0x0800ad08       0x10 build/debug/stm32f4xx_it.o
                0x0800ad08                DMA2_Stream2_IRQHandler
 .text.DMA2_Stream6_IRQHandler
                0x0800ad18       0x10 build/debug/stm32f4xx_it.o
                0x0800ad18                DMA2_Stream6_IRQHandler
 .text.USART6_IRQHandler
                0x0800ad28       0x10 build/debug/stm32f4xx_it.o
                0x0800ad28                USART6_IRQHandler
 .text._getpid  0x0800ad38        0x4 build/debug/syscalls.o
                0x0800ad38                _getpid
 .text._kill    0x0800ad3c       0x10 build/debug/syscalls.o
                0x0800ad3c                _kill
 .text._exit    0x0800ad4c        0xc build/debug/syscalls.o
                0x0800ad4c                _exit
 .text._read    0x0800ad58       0x20 build/debug/syscalls.o
                0x0800ad58                _read
 .text._write   0x0800ad78       0x1c build/debug/syscalls.o
                0x0800ad78                _write
 .text._close   0x0800ad94        0x6 build/debug/syscalls.o
                0x0800ad94                _close
 .text._fstat   0x0800ad9a        0xa build/debug/syscalls.o
                0x0800ad9a                _fstat
 .text._isatty  0x0800ada4        0x4 build/debug/syscalls.o
                0x0800ada4                _isatty
 .text._lseek   0x0800ada8        0x4 build/debug/syscalls.o
                0x0800ada8                _lseek
 .text._sbrk    0x0800adac       0x48 build/debug/sysmem.o
                0x0800adac                _sbrk
 .text.SystemInit
                0x0800adf4       0x14 build/debug/system_stm32f4xx.o
                0x0800adf4                SystemInit
 .text.USER_initialize
                0x0800ae08        0x8 build/debug/user_diskio.o
                0x0800ae08                USER_initialize
 .text.USER_status
                0x0800ae10        0x8 build/debug/user_diskio.o
                0x0800ae10                USER_status
 .text.USER_read
                0x0800ae18        0x8 build/debug/user_diskio.o
                0x0800ae18                USER_read
 .text.USER_write
                0x0800ae20        0x8 build/debug/user_diskio.o
                0x0800ae20                USER_write
 .text.USER_ioctl
                0x0800ae28        0x8 build/debug/user_diskio.o
                0x0800ae28                USER_ioctl
 .text.Reset_Handler
                0x0800ae30       0x50 build/debug/startup_stm32f413xx.o
                0x0800ae30                Reset_Handler
 .text.Default_Handler
                0x0800ae80        0x2 build/debug/startup_stm32f413xx.o
                0x0800ae80                RTC_Alarm_IRQHandler
                0x0800ae80                EXTI2_IRQHandler
                0x0800ae80                TIM8_CC_IRQHandler
                0x0800ae80                UART8_IRQHandler
                0x0800ae80                FMPI2C1_EV_IRQHandler
                0x0800ae80                SPI4_IRQHandler
                0x0800ae80                TIM1_CC_IRQHandler
                0x0800ae80                DMA2_Stream5_IRQHandler
                0x0800ae80                CAN3_RX1_IRQHandler
                0x0800ae80                PVD_IRQHandler
                0x0800ae80                SDIO_IRQHandler
                0x0800ae80                TAMP_STAMP_IRQHandler
                0x0800ae80                CAN2_RX1_IRQHandler
                0x0800ae80                EXTI3_IRQHandler
                0x0800ae80                TIM8_TRG_COM_TIM14_IRQHandler
                0x0800ae80                DFSDM1_FLT1_IRQHandler
                0x0800ae80                TIM1_UP_TIM10_IRQHandler
                0x0800ae80                TIM8_UP_TIM13_IRQHandler
                0x0800ae80                I2C3_ER_IRQHandler
                0x0800ae80                EXTI0_IRQHandler
                0x0800ae80                I2C2_EV_IRQHandler
                0x0800ae80                CAN1_RX0_IRQHandler
                0x0800ae80                FPU_IRQHandler
                0x0800ae80                CAN3_SCE_IRQHandler
                0x0800ae80                CAN2_SCE_IRQHandler
                0x0800ae80                SPI1_IRQHandler
                0x0800ae80                TIM6_DAC_IRQHandler
                0x0800ae80                TIM1_BRK_TIM9_IRQHandler
                0x0800ae80                CAN2_RX0_IRQHandler
                0x0800ae80                DMA2_Stream3_IRQHandler
                0x0800ae80                CAN3_RX0_IRQHandler
                0x0800ae80                DFSDM2_FLT3_IRQHandler
                0x0800ae80                CAN1_RX1_IRQHandler
                0x0800ae80                DMA2_Stream0_IRQHandler
                0x0800ae80                TIM4_IRQHandler
                0x0800ae80                QUADSPI_IRQHandler
                0x0800ae80                TIM3_IRQHandler
                0x0800ae80                RCC_IRQHandler
                0x0800ae80                UART9_IRQHandler
                0x0800ae80                TIM8_BRK_TIM12_IRQHandler
                0x0800ae80                Default_Handler
                0x0800ae80                EXTI15_10_IRQHandler
                0x0800ae80                ADC_IRQHandler
                0x0800ae80                DFSDM2_FLT0_IRQHandler
                0x0800ae80                SPI5_IRQHandler
                0x0800ae80                TIM7_IRQHandler
                0x0800ae80                CAN2_TX_IRQHandler
                0x0800ae80                TIM5_IRQHandler
                0x0800ae80                DMA2_Stream7_IRQHandler
                0x0800ae80                I2C3_EV_IRQHandler
                0x0800ae80                DFSDM2_FLT2_IRQHandler
                0x0800ae80                RTC_WKUP_IRQHandler
                0x0800ae80                SPI2_IRQHandler
                0x0800ae80                CAN1_TX_IRQHandler
                0x0800ae80                FMPI2C1_ER_IRQHandler
                0x0800ae80                EXTI4_IRQHandler
                0x0800ae80                DFSDM2_FLT1_IRQHandler
                0x0800ae80                RNG_IRQHandler
                0x0800ae80                FSMC_IRQHandler
                0x0800ae80                WWDG_IRQHandler
                0x0800ae80                CAN3_TX_IRQHandler
                0x0800ae80                TIM2_IRQHandler
                0x0800ae80                OTG_FS_WKUP_IRQHandler
                0x0800ae80                TIM1_TRG_COM_TIM11_IRQHandler
                0x0800ae80                EXTI1_IRQHandler
                0x0800ae80                UART7_IRQHandler
                0x0800ae80                DFSDM1_FLT0_IRQHandler
                0x0800ae80                I2C2_ER_IRQHandler
                0x0800ae80                CAN1_SCE_IRQHandler
                0x0800ae80                FLASH_IRQHandler
                0x0800ae80                DMA2_Stream4_IRQHandler
                0x0800ae80                USART1_IRQHandler
                0x0800ae80                OTG_FS_IRQHandler
                0x0800ae80                SPI3_IRQHandler
                0x0800ae80                LPTIM1_IRQHandler
                0x0800ae80                UART10_IRQHandler
                0x0800ae80                SAI1_IRQHandler
 .text.atof     0x0800ae82        0x6 c:/Users/kroko/AppData/Roaming/Code/User/globalStorage/bmd.stm32-for-vscode/@xpack-dev-tools/arm-none-eabi-gcc/13.3.1-1.1.1/.content/bin/../lib/gcc/arm-none-eabi/13.3.1/../../../../arm-none-eabi/lib/thumb/v7e-m+fp/hard\libc_nano.a(libc_a-atof.o)
                0x0800ae82                atof
 .text.__itoa   0x0800ae88       0x30 c:/Users/kroko/AppData/Roaming/Code/User/globalStorage/bmd.stm32-for-vscode/@xpack-dev-tools/arm-none-eabi-gcc/13.3.1-1.1.1/.content/bin/../lib/gcc/arm-none-eabi/13.3.1/../../../../arm-none-eabi/lib/thumb/v7e-m+fp/hard\libc_nano.a(libc_a-itoa.o)
                0x0800ae88                __itoa
 .text.itoa     0x0800aeb8        0x4 c:/Users/kroko/AppData/Roaming/Code/User/globalStorage/bmd.stm32-for-vscode/@xpack-dev-tools/arm-none-eabi-gcc/13.3.1-1.1.1/.content/bin/../lib/gcc/arm-none-eabi/13.3.1/../../../../arm-none-eabi/lib/thumb/v7e-m+fp/hard\libc_nano.a(libc_a-itoa.o)
                0x0800aeb8                itoa
 .text.sulp     0x0800aebc       0x3c c:/Users/kroko/AppData/Roaming/Code/User/globalStorage/bmd.stm32-for-vscode/@xpack-dev-tools/arm-none-eabi-gcc/13.3.1-1.1.1/.content/bin/../lib/gcc/arm-none-eabi/13.3.1/../../../../arm-none-eabi/lib/thumb/v7e-m+fp/hard\libc_nano.a(libc_a-strtod.o)
 .text._strtod_l
                0x0800aef8      0xbc8 c:/Users/kroko/AppData/Roaming/Code/User/globalStorage/bmd.stm32-for-vscode/@xpack-dev-tools/arm-none-eabi-gcc/13.3.1-1.1.1/.content/bin/../lib/gcc/arm-none-eabi/13.3.1/../../../../arm-none-eabi/lib/thumb/v7e-m+fp/hard\libc_nano.a(libc_a-strtod.o)
                0x0800aef8                _strtod_l
 .text.strtod   0x0800bac0       0x18 c:/Users/kroko/AppData/Roaming/Code/User/globalStorage/bmd.stm32-for-vscode/@xpack-dev-tools/arm-none-eabi-gcc/13.3.1-1.1.1/.content/bin/../lib/gcc/arm-none-eabi/13.3.1/../../../../arm-none-eabi/lib/thumb/v7e-m+fp/hard\libc_nano.a(libc_a-strtod.o)
                0x0800bac0                strtod
 .text.__utoa   0x0800bad8       0x84 c:/Users/kroko/AppData/Roaming/Code/User/globalStorage/bmd.stm32-for-vscode/@xpack-dev-tools/arm-none-eabi-gcc/13.3.1-1.1.1/.content/bin/../lib/gcc/arm-none-eabi/13.3.1/../../../../arm-none-eabi/lib/thumb/v7e-m+fp/hard\libc_nano.a(libc_a-utoa.o)
                0x0800bad8                __utoa
 .text.gcvt     0x0800bb5c       0x58 c:/Users/kroko/AppData/Roaming/Code/User/globalStorage/bmd.stm32-for-vscode/@xpack-dev-tools/arm-none-eabi-gcc/13.3.1-1.1.1/.content/bin/../lib/gcc/arm-none-eabi/13.3.1/../../../../arm-none-eabi/lib/thumb/v7e-m+fp/hard\libc_nano.a(libc_a-efgcvt.o)
                0x0800bb5c                gcvt
 .text.std      0x0800bbb4       0x6c c:/Users/kroko/AppData/Roaming/Code/User/globalStorage/bmd.stm32-for-vscode/@xpack-dev-tools/arm-none-eabi-gcc/13.3.1-1.1.1/.content/bin/../lib/gcc/arm-none-eabi/13.3.1/../../../../arm-none-eabi/lib/thumb/v7e-m+fp/hard\libc_nano.a(libc_a-findfp.o)
 .text.stdio_exit_handler
                0x0800bc20       0x18 c:/Users/kroko/AppData/Roaming/Code/User/globalStorage/bmd.stm32-for-vscode/@xpack-dev-tools/arm-none-eabi-gcc/13.3.1-1.1.1/.content/bin/../lib/gcc/arm-none-eabi/13.3.1/../../../../arm-none-eabi/lib/thumb/v7e-m+fp/hard\libc_nano.a(libc_a-findfp.o)
 .text.cleanup_stdio
                0x0800bc38       0x40 c:/Users/kroko/AppData/Roaming/Code/User/globalStorage/bmd.stm32-for-vscode/@xpack-dev-tools/arm-none-eabi-gcc/13.3.1-1.1.1/.content/bin/../lib/gcc/arm-none-eabi/13.3.1/../../../../arm-none-eabi/lib/thumb/v7e-m+fp/hard\libc_nano.a(libc_a-findfp.o)
 .text.global_stdio_init.part.0
                0x0800bc78       0x3c c:/Users/kroko/AppData/Roaming/Code/User/globalStorage/bmd.stm32-for-vscode/@xpack-dev-tools/arm-none-eabi-gcc/13.3.1-1.1.1/.content/bin/../lib/gcc/arm-none-eabi/13.3.1/../../../../arm-none-eabi/lib/thumb/v7e-m+fp/hard\libc_nano.a(libc_a-findfp.o)
 .text.__sfp_lock_acquire
                0x0800bcb4        0xc c:/Users/kroko/AppData/Roaming/Code/User/globalStorage/bmd.stm32-for-vscode/@xpack-dev-tools/arm-none-eabi-gcc/13.3.1-1.1.1/.content/bin/../lib/gcc/arm-none-eabi/13.3.1/../../../../arm-none-eabi/lib/thumb/v7e-m+fp/hard\libc_nano.a(libc_a-findfp.o)
                0x0800bcb4                __sfp_lock_acquire
 .text.__sfp_lock_release
                0x0800bcc0        0xc c:/Users/kroko/AppData/Roaming/Code/User/globalStorage/bmd.stm32-for-vscode/@xpack-dev-tools/arm-none-eabi-gcc/13.3.1-1.1.1/.content/bin/../lib/gcc/arm-none-eabi/13.3.1/../../../../arm-none-eabi/lib/thumb/v7e-m+fp/hard\libc_nano.a(libc_a-findfp.o)
                0x0800bcc0                __sfp_lock_release
 .text.__sinit  0x0800bccc       0x30 c:/Users/kroko/AppData/Roaming/Code/User/globalStorage/bmd.stm32-for-vscode/@xpack-dev-tools/arm-none-eabi-gcc/13.3.1-1.1.1/.content/bin/../lib/gcc/arm-none-eabi/13.3.1/../../../../arm-none-eabi/lib/thumb/v7e-m+fp/hard\libc_nano.a(libc_a-findfp.o)
                0x0800bccc                __sinit
 .text._fwalk_sglue
                0x0800bcfc       0x3c c:/Users/kroko/AppData/Roaming/Code/User/globalStorage/bmd.stm32-for-vscode/@xpack-dev-tools/arm-none-eabi-gcc/13.3.1-1.1.1/.content/bin/../lib/gcc/arm-none-eabi/13.3.1/../../../../arm-none-eabi/lib/thumb/v7e-m+fp/hard\libc_nano.a(libc_a-fwalk.o)
                0x0800bcfc                _fwalk_sglue
 .text.snprintf
                0x0800bd38       0x6c c:/Users/kroko/AppData/Roaming/Code/User/globalStorage/bmd.stm32-for-vscode/@xpack-dev-tools/arm-none-eabi-gcc/13.3.1-1.1.1/.content/bin/../lib/gcc/arm-none-eabi/13.3.1/../../../../arm-none-eabi/lib/thumb/v7e-m+fp/hard\libc_nano.a(libc_a-snprintf.o)
                0x0800bd38                sniprintf
                0x0800bd38                snprintf
 .text.sprintf  0x0800bda4       0x44 c:/Users/kroko/AppData/Roaming/Code/User/globalStorage/bmd.stm32-for-vscode/@xpack-dev-tools/arm-none-eabi-gcc/13.3.1-1.1.1/.content/bin/../lib/gcc/arm-none-eabi/13.3.1/../../../../arm-none-eabi/lib/thumb/v7e-m+fp/hard\libc_nano.a(libc_a-sprintf.o)
                0x0800bda4                siprintf
                0x0800bda4                sprintf
 .text.sscanf   0x0800bde8       0x58 c:/Users/kroko/AppData/Roaming/Code/User/globalStorage/bmd.stm32-for-vscode/@xpack-dev-tools/arm-none-eabi-gcc/13.3.1-1.1.1/.content/bin/../lib/gcc/arm-none-eabi/13.3.1/../../../../arm-none-eabi/lib/thumb/v7e-m+fp/hard\libc_nano.a(libc_a-sscanf.o)
                0x0800bde8                siscanf
                0x0800bde8                sscanf
 .text.__sread  0x0800be40       0x22 c:/Users/kroko/AppData/Roaming/Code/User/globalStorage/bmd.stm32-for-vscode/@xpack-dev-tools/arm-none-eabi-gcc/13.3.1-1.1.1/.content/bin/../lib/gcc/arm-none-eabi/13.3.1/../../../../arm-none-eabi/lib/thumb/v7e-m+fp/hard\libc_nano.a(libc_a-stdio.o)
                0x0800be40                __sread
 .text.__seofread
                0x0800be62        0x4 c:/Users/kroko/AppData/Roaming/Code/User/globalStorage/bmd.stm32-for-vscode/@xpack-dev-tools/arm-none-eabi-gcc/13.3.1-1.1.1/.content/bin/../lib/gcc/arm-none-eabi/13.3.1/../../../../arm-none-eabi/lib/thumb/v7e-m+fp/hard\libc_nano.a(libc_a-stdio.o)
                0x0800be62                __seofread
 .text.__swrite
                0x0800be66       0x38 c:/Users/kroko/AppData/Roaming/Code/User/globalStorage/bmd.stm32-for-vscode/@xpack-dev-tools/arm-none-eabi-gcc/13.3.1-1.1.1/.content/bin/../lib/gcc/arm-none-eabi/13.3.1/../../../../arm-none-eabi/lib/thumb/v7e-m+fp/hard\libc_nano.a(libc_a-stdio.o)
                0x0800be66                __swrite
 .text.__sseek  0x0800be9e       0x24 c:/Users/kroko/AppData/Roaming/Code/User/globalStorage/bmd.stm32-for-vscode/@xpack-dev-tools/arm-none-eabi-gcc/13.3.1-1.1.1/.content/bin/../lib/gcc/arm-none-eabi/13.3.1/../../../../arm-none-eabi/lib/thumb/v7e-m+fp/hard\libc_nano.a(libc_a-stdio.o)
                0x0800be9e                __sseek
 .text.__sclose
                0x0800bec2        0x8 c:/Users/kroko/AppData/Roaming/Code/User/globalStorage/bmd.stm32-for-vscode/@xpack-dev-tools/arm-none-eabi-gcc/13.3.1-1.1.1/.content/bin/../lib/gcc/arm-none-eabi/13.3.1/../../../../arm-none-eabi/lib/thumb/v7e-m+fp/hard\libc_nano.a(libc_a-stdio.o)
                0x0800bec2                __sclose
 .text.memset   0x0800beca       0x10 c:/Users/kroko/AppData/Roaming/Code/User/globalStorage/bmd.stm32-for-vscode/@xpack-dev-tools/arm-none-eabi-gcc/13.3.1-1.1.1/.content/bin/../lib/gcc/arm-none-eabi/13.3.1/../../../../arm-none-eabi/lib/thumb/v7e-m+fp/hard\libc_nano.a(libc_a-memset.o)
                0x0800beca                memset
 .text.strncmp  0x0800beda       0x24 c:/Users/kroko/AppData/Roaming/Code/User/globalStorage/bmd.stm32-for-vscode/@xpack-dev-tools/arm-none-eabi-gcc/13.3.1-1.1.1/.content/bin/../lib/gcc/arm-none-eabi/13.3.1/../../../../arm-none-eabi/lib/thumb/v7e-m+fp/hard\libc_nano.a(libc_a-strncmp.o)
                0x0800beda                strncmp
 .text.strstr   0x0800befe       0x2c c:/Users/kroko/AppData/Roaming/Code/User/globalStorage/bmd.stm32-for-vscode/@xpack-dev-tools/arm-none-eabi-gcc/13.3.1-1.1.1/.content/bin/../lib/gcc/arm-none-eabi/13.3.1/../../../../arm-none-eabi/lib/thumb/v7e-m+fp/hard\libc_nano.a(libc_a-strstr.o)
                0x0800befe                strstr
 *fill*         0x0800bf2a        0x2 
 .text._close_r
                0x0800bf2c       0x20 c:/Users/kroko/AppData/Roaming/Code/User/globalStorage/bmd.stm32-for-vscode/@xpack-dev-tools/arm-none-eabi-gcc/13.3.1-1.1.1/.content/bin/../lib/gcc/arm-none-eabi/13.3.1/../../../../arm-none-eabi/lib/thumb/v7e-m+fp/hard\libc_nano.a(libc_a-closer.o)
                0x0800bf2c                _close_r
 .text._lseek_r
                0x0800bf4c       0x24 c:/Users/kroko/AppData/Roaming/Code/User/globalStorage/bmd.stm32-for-vscode/@xpack-dev-tools/arm-none-eabi-gcc/13.3.1-1.1.1/.content/bin/../lib/gcc/arm-none-eabi/13.3.1/../../../../arm-none-eabi/lib/thumb/v7e-m+fp/hard\libc_nano.a(libc_a-lseekr.o)
                0x0800bf4c                _lseek_r
 .text._read_r  0x0800bf70       0x24 c:/Users/kroko/AppData/Roaming/Code/User/globalStorage/bmd.stm32-for-vscode/@xpack-dev-tools/arm-none-eabi-gcc/13.3.1-1.1.1/.content/bin/../lib/gcc/arm-none-eabi/13.3.1/../../../../arm-none-eabi/lib/thumb/v7e-m+fp/hard\libc_nano.a(libc_a-readr.o)
                0x0800bf70                _read_r
 .text._write_r
                0x0800bf94       0x24 c:/Users/kroko/AppData/Roaming/Code/User/globalStorage/bmd.stm32-for-vscode/@xpack-dev-tools/arm-none-eabi-gcc/13.3.1-1.1.1/.content/bin/../lib/gcc/arm-none-eabi/13.3.1/../../../../arm-none-eabi/lib/thumb/v7e-m+fp/hard\libc_nano.a(libc_a-writer.o)
                0x0800bf94                _write_r
 .text.__errno  0x0800bfb8        0xc c:/Users/kroko/AppData/Roaming/Code/User/globalStorage/bmd.stm32-for-vscode/@xpack-dev-tools/arm-none-eabi-gcc/13.3.1-1.1.1/.content/bin/../lib/gcc/arm-none-eabi/13.3.1/../../../../arm-none-eabi/lib/thumb/v7e-m+fp/hard\libc_nano.a(libc_a-errno.o)
                0x0800bfb8                __errno
 .text.__libc_init_array
                0x0800bfc4       0x48 c:/Users/kroko/AppData/Roaming/Code/User/globalStorage/bmd.stm32-for-vscode/@xpack-dev-tools/arm-none-eabi-gcc/13.3.1-1.1.1/.content/bin/../lib/gcc/arm-none-eabi/13.3.1/../../../../arm-none-eabi/lib/thumb/v7e-m+fp/hard\libc_nano.a(libc_a-init.o)
                0x0800bfc4                __libc_init_array
 .text.__retarget_lock_init_recursive
                0x0800c00c        0x2 c:/Users/kroko/AppData/Roaming/Code/User/globalStorage/bmd.stm32-for-vscode/@xpack-dev-tools/arm-none-eabi-gcc/13.3.1-1.1.1/.content/bin/../lib/gcc/arm-none-eabi/13.3.1/../../../../arm-none-eabi/lib/thumb/v7e-m+fp/hard\libc_nano.a(libc_a-lock.o)
                0x0800c00c                __retarget_lock_init_recursive
 .text.__retarget_lock_acquire_recursive
                0x0800c00e        0x2 c:/Users/kroko/AppData/Roaming/Code/User/globalStorage/bmd.stm32-for-vscode/@xpack-dev-tools/arm-none-eabi-gcc/13.3.1-1.1.1/.content/bin/../lib/gcc/arm-none-eabi/13.3.1/../../../../arm-none-eabi/lib/thumb/v7e-m+fp/hard\libc_nano.a(libc_a-lock.o)
                0x0800c00e                __retarget_lock_acquire_recursive
 .text.__retarget_lock_release_recursive
                0x0800c010        0x2 c:/Users/kroko/AppData/Roaming/Code/User/globalStorage/bmd.stm32-for-vscode/@xpack-dev-tools/arm-none-eabi-gcc/13.3.1-1.1.1/.content/bin/../lib/gcc/arm-none-eabi/13.3.1/../../../../arm-none-eabi/lib/thumb/v7e-m+fp/hard\libc_nano.a(libc_a-lock.o)
                0x0800c010                __retarget_lock_release_recursive
 .text.memcpy   0x0800c012       0x1c c:/Users/kroko/AppData/Roaming/Code/User/globalStorage/bmd.stm32-for-vscode/@xpack-dev-tools/arm-none-eabi-gcc/13.3.1-1.1.1/.content/bin/../lib/gcc/arm-none-eabi/13.3.1/../../../../arm-none-eabi/lib/thumb/v7e-m+fp/hard\libc_nano.a(libc_a-memcpy-stub.o)
                0x0800c012                memcpy
 *fill*         0x0800c02e        0x2 
 .text.nan      0x0800c030       0x10 c:/Users/kroko/AppData/Roaming/Code/User/globalStorage/bmd.stm32-for-vscode/@xpack-dev-tools/arm-none-eabi-gcc/13.3.1-1.1.1/.content/bin/../lib/gcc/arm-none-eabi/13.3.1/../../../../arm-none-eabi/lib/thumb/v7e-m+fp/hard\libc_nano.a(libm_a-s_nan.o)
                0x0800c030                nan
 .text._free_r  0x0800c040       0x94 c:/Users/kroko/AppData/Roaming/Code/User/globalStorage/bmd.stm32-for-vscode/@xpack-dev-tools/arm-none-eabi-gcc/13.3.1-1.1.1/.content/bin/../lib/gcc/arm-none-eabi/13.3.1/../../../../arm-none-eabi/lib/thumb/v7e-m+fp/hard\libc_nano.a(libc_a-freer.o)
                0x0800c040                _free_r
 .text.rshift   0x0800c0d4       0xa4 c:/Users/kroko/AppData/Roaming/Code/User/globalStorage/bmd.stm32-for-vscode/@xpack-dev-tools/arm-none-eabi-gcc/13.3.1-1.1.1/.content/bin/../lib/gcc/arm-none-eabi/13.3.1/../../../../arm-none-eabi/lib/thumb/v7e-m+fp/hard\libc_nano.a(libc_a-gdtoa-gethex.o)
 .text.__hexdig_fun
                0x0800c178       0x2a c:/Users/kroko/AppData/Roaming/Code/User/globalStorage/bmd.stm32-for-vscode/@xpack-dev-tools/arm-none-eabi-gcc/13.3.1-1.1.1/.content/bin/../lib/gcc/arm-none-eabi/13.3.1/../../../../arm-none-eabi/lib/thumb/v7e-m+fp/hard\libc_nano.a(libc_a-gdtoa-gethex.o)
                0x0800c178                __hexdig_fun
 *fill*         0x0800c1a2        0x2 
 .text.__gethex
                0x0800c1a4      0x420 c:/Users/kroko/AppData/Roaming/Code/User/globalStorage/bmd.stm32-for-vscode/@xpack-dev-tools/arm-none-eabi-gcc/13.3.1-1.1.1/.content/bin/../lib/gcc/arm-none-eabi/13.3.1/../../../../arm-none-eabi/lib/thumb/v7e-m+fp/hard\libc_nano.a(libc_a-gdtoa-gethex.o)
                0x0800c1a4                __gethex
 .text.L_shift  0x0800c5c4       0x24 c:/Users/kroko/AppData/Roaming/Code/User/globalStorage/bmd.stm32-for-vscode/@xpack-dev-tools/arm-none-eabi-gcc/13.3.1-1.1.1/.content/bin/../lib/gcc/arm-none-eabi/13.3.1/../../../../arm-none-eabi/lib/thumb/v7e-m+fp/hard\libc_nano.a(libc_a-gdtoa-hexnan.o)
 .text.__match  0x0800c5e8       0x28 c:/Users/kroko/AppData/Roaming/Code/User/globalStorage/bmd.stm32-for-vscode/@xpack-dev-tools/arm-none-eabi-gcc/13.3.1-1.1.1/.content/bin/../lib/gcc/arm-none-eabi/13.3.1/../../../../arm-none-eabi/lib/thumb/v7e-m+fp/hard\libc_nano.a(libc_a-gdtoa-hexnan.o)
                0x0800c5e8                __match
 .text.__hexnan
                0x0800c610      0x136 c:/Users/kroko/AppData/Roaming/Code/User/globalStorage/bmd.stm32-for-vscode/@xpack-dev-tools/arm-none-eabi-gcc/13.3.1-1.1.1/.content/bin/../lib/gcc/arm-none-eabi/13.3.1/../../../../arm-none-eabi/lib/thumb/v7e-m+fp/hard\libc_nano.a(libc_a-gdtoa-hexnan.o)
                0x0800c610                __hexnan
 *fill*         0x0800c746        0x2 
 .text.sbrk_aligned
                0x0800c748       0x44 c:/Users/kroko/AppData/Roaming/Code/User/globalStorage/bmd.stm32-for-vscode/@xpack-dev-tools/arm-none-eabi-gcc/13.3.1-1.1.1/.content/bin/../lib/gcc/arm-none-eabi/13.3.1/../../../../arm-none-eabi/lib/thumb/v7e-m+fp/hard\libc_nano.a(libc_a-mallocr.o)
 .text._malloc_r
                0x0800c78c      0x100 c:/Users/kroko/AppData/Roaming/Code/User/globalStorage/bmd.stm32-for-vscode/@xpack-dev-tools/arm-none-eabi-gcc/13.3.1-1.1.1/.content/bin/../lib/gcc/arm-none-eabi/13.3.1/../../../../arm-none-eabi/lib/thumb/v7e-m+fp/hard\libc_nano.a(libc_a-mallocr.o)
                0x0800c78c                _malloc_r
 .text.__ascii_mbtowc
                0x0800c88c       0x24 c:/Users/kroko/AppData/Roaming/Code/User/globalStorage/bmd.stm32-for-vscode/@xpack-dev-tools/arm-none-eabi-gcc/13.3.1-1.1.1/.content/bin/../lib/gcc/arm-none-eabi/13.3.1/../../../../arm-none-eabi/lib/thumb/v7e-m+fp/hard\libc_nano.a(libc_a-mbtowc_r.o)
                0x0800c88c                __ascii_mbtowc
 .text.__malloc_lock
                0x0800c8b0        0xc c:/Users/kroko/AppData/Roaming/Code/User/globalStorage/bmd.stm32-for-vscode/@xpack-dev-tools/arm-none-eabi-gcc/13.3.1-1.1.1/.content/bin/../lib/gcc/arm-none-eabi/13.3.1/../../../../arm-none-eabi/lib/thumb/v7e-m+fp/hard\libc_nano.a(libc_a-mlock.o)
                0x0800c8b0                __malloc_lock
 .text.__malloc_unlock
                0x0800c8bc        0xc c:/Users/kroko/AppData/Roaming/Code/User/globalStorage/bmd.stm32-for-vscode/@xpack-dev-tools/arm-none-eabi-gcc/13.3.1-1.1.1/.content/bin/../lib/gcc/arm-none-eabi/13.3.1/../../../../arm-none-eabi/lib/thumb/v7e-m+fp/hard\libc_nano.a(libc_a-mlock.o)
                0x0800c8bc                __malloc_unlock
 .text._Balloc  0x0800c8c8       0x80 c:/Users/kroko/AppData/Roaming/Code/User/globalStorage/bmd.stm32-for-vscode/@xpack-dev-tools/arm-none-eabi-gcc/13.3.1-1.1.1/.content/bin/../lib/gcc/arm-none-eabi/13.3.1/../../../../arm-none-eabi/lib/thumb/v7e-m+fp/hard\libc_nano.a(libc_a-mprec.o)
                0x0800c8c8                _Balloc
 .text._Bfree   0x0800c948       0x44 c:/Users/kroko/AppData/Roaming/Code/User/globalStorage/bmd.stm32-for-vscode/@xpack-dev-tools/arm-none-eabi-gcc/13.3.1-1.1.1/.content/bin/../lib/gcc/arm-none-eabi/13.3.1/../../../../arm-none-eabi/lib/thumb/v7e-m+fp/hard\libc_nano.a(libc_a-mprec.o)
                0x0800c948                _Bfree
 .text.__multadd
                0x0800c98c       0x8c c:/Users/kroko/AppData/Roaming/Code/User/globalStorage/bmd.stm32-for-vscode/@xpack-dev-tools/arm-none-eabi-gcc/13.3.1-1.1.1/.content/bin/../lib/gcc/arm-none-eabi/13.3.1/../../../../arm-none-eabi/lib/thumb/v7e-m+fp/hard\libc_nano.a(libc_a-mprec.o)
                0x0800c98c                __multadd
 .text.__s2b    0x0800ca18       0x94 c:/Users/kroko/AppData/Roaming/Code/User/globalStorage/bmd.stm32-for-vscode/@xpack-dev-tools/arm-none-eabi-gcc/13.3.1-1.1.1/.content/bin/../lib/gcc/arm-none-eabi/13.3.1/../../../../arm-none-eabi/lib/thumb/v7e-m+fp/hard\libc_nano.a(libc_a-mprec.o)
                0x0800ca18                __s2b
 .text.__hi0bits
                0x0800caac       0x3e c:/Users/kroko/AppData/Roaming/Code/User/globalStorage/bmd.stm32-for-vscode/@xpack-dev-tools/arm-none-eabi-gcc/13.3.1-1.1.1/.content/bin/../lib/gcc/arm-none-eabi/13.3.1/../../../../arm-none-eabi/lib/thumb/v7e-m+fp/hard\libc_nano.a(libc_a-mprec.o)
                0x0800caac                __hi0bits
 .text.__lo0bits
                0x0800caea       0x5a c:/Users/kroko/AppData/Roaming/Code/User/globalStorage/bmd.stm32-for-vscode/@xpack-dev-tools/arm-none-eabi-gcc/13.3.1-1.1.1/.content/bin/../lib/gcc/arm-none-eabi/13.3.1/../../../../arm-none-eabi/lib/thumb/v7e-m+fp/hard\libc_nano.a(libc_a-mprec.o)
                0x0800caea                __lo0bits
 .text.__i2b    0x0800cb44       0x2c c:/Users/kroko/AppData/Roaming/Code/User/globalStorage/bmd.stm32-for-vscode/@xpack-dev-tools/arm-none-eabi-gcc/13.3.1-1.1.1/.content/bin/../lib/gcc/arm-none-eabi/13.3.1/../../../../arm-none-eabi/lib/thumb/v7e-m+fp/hard\libc_nano.a(libc_a-mprec.o)
                0x0800cb44                __i2b
 .text.__multiply
                0x0800cb70      0x144 c:/Users/kroko/AppData/Roaming/Code/User/globalStorage/bmd.stm32-for-vscode/@xpack-dev-tools/arm-none-eabi-gcc/13.3.1-1.1.1/.content/bin/../lib/gcc/arm-none-eabi/13.3.1/../../../../arm-none-eabi/lib/thumb/v7e-m+fp/hard\libc_nano.a(libc_a-mprec.o)
                0x0800cb70                __multiply
 .text.__pow5mult
                0x0800ccb4       0xb4 c:/Users/kroko/AppData/Roaming/Code/User/globalStorage/bmd.stm32-for-vscode/@xpack-dev-tools/arm-none-eabi-gcc/13.3.1-1.1.1/.content/bin/../lib/gcc/arm-none-eabi/13.3.1/../../../../arm-none-eabi/lib/thumb/v7e-m+fp/hard\libc_nano.a(libc_a-mprec.o)
                0x0800ccb4                __pow5mult
 .text.__lshift
                0x0800cd68       0xd8 c:/Users/kroko/AppData/Roaming/Code/User/globalStorage/bmd.stm32-for-vscode/@xpack-dev-tools/arm-none-eabi-gcc/13.3.1-1.1.1/.content/bin/../lib/gcc/arm-none-eabi/13.3.1/../../../../arm-none-eabi/lib/thumb/v7e-m+fp/hard\libc_nano.a(libc_a-mprec.o)
                0x0800cd68                __lshift
 .text.__mcmp   0x0800ce40       0x36 c:/Users/kroko/AppData/Roaming/Code/User/globalStorage/bmd.stm32-for-vscode/@xpack-dev-tools/arm-none-eabi-gcc/13.3.1-1.1.1/.content/bin/../lib/gcc/arm-none-eabi/13.3.1/../../../../arm-none-eabi/lib/thumb/v7e-m+fp/hard\libc_nano.a(libc_a-mprec.o)
                0x0800ce40                __mcmp
 *fill*         0x0800ce76        0x2 
 .text.__mdiff  0x0800ce78      0x128 c:/Users/kroko/AppData/Roaming/Code/User/globalStorage/bmd.stm32-for-vscode/@xpack-dev-tools/arm-none-eabi-gcc/13.3.1-1.1.1/.content/bin/../lib/gcc/arm-none-eabi/13.3.1/../../../../arm-none-eabi/lib/thumb/v7e-m+fp/hard\libc_nano.a(libc_a-mprec.o)
                0x0800ce78                __mdiff
 .text.__ulp    0x0800cfa0       0x4c c:/Users/kroko/AppData/Roaming/Code/User/globalStorage/bmd.stm32-for-vscode/@xpack-dev-tools/arm-none-eabi-gcc/13.3.1-1.1.1/.content/bin/../lib/gcc/arm-none-eabi/13.3.1/../../../../arm-none-eabi/lib/thumb/v7e-m+fp/hard\libc_nano.a(libc_a-mprec.o)
                0x0800cfa0                __ulp
 .text.__b2d    0x0800cfec       0x94 c:/Users/kroko/AppData/Roaming/Code/User/globalStorage/bmd.stm32-for-vscode/@xpack-dev-tools/arm-none-eabi-gcc/13.3.1-1.1.1/.content/bin/../lib/gcc/arm-none-eabi/13.3.1/../../../../arm-none-eabi/lib/thumb/v7e-m+fp/hard\libc_nano.a(libc_a-mprec.o)
                0x0800cfec                __b2d
 .text.__d2b    0x0800d080       0xb0 c:/Users/kroko/AppData/Roaming/Code/User/globalStorage/bmd.stm32-for-vscode/@xpack-dev-tools/arm-none-eabi-gcc/13.3.1-1.1.1/.content/bin/../lib/gcc/arm-none-eabi/13.3.1/../../../../arm-none-eabi/lib/thumb/v7e-m+fp/hard\libc_nano.a(libc_a-mprec.o)
                0x0800d080                __d2b
 .text.__ratio  0x0800d130       0x64 c:/Users/kroko/AppData/Roaming/Code/User/globalStorage/bmd.stm32-for-vscode/@xpack-dev-tools/arm-none-eabi-gcc/13.3.1-1.1.1/.content/bin/../lib/gcc/arm-none-eabi/13.3.1/../../../../arm-none-eabi/lib/thumb/v7e-m+fp/hard\libc_nano.a(libc_a-mprec.o)
                0x0800d130                __ratio
 .text._mprec_log10
                0x0800d194       0x3c c:/Users/kroko/AppData/Roaming/Code/User/globalStorage/bmd.stm32-for-vscode/@xpack-dev-tools/arm-none-eabi-gcc/13.3.1-1.1.1/.content/bin/../lib/gcc/arm-none-eabi/13.3.1/../../../../arm-none-eabi/lib/thumb/v7e-m+fp/hard\libc_nano.a(libc_a-mprec.o)
                0x0800d194                _mprec_log10
 .text.__copybits
                0x0800d1d0       0x46 c:/Users/kroko/AppData/Roaming/Code/User/globalStorage/bmd.stm32-for-vscode/@xpack-dev-tools/arm-none-eabi-gcc/13.3.1-1.1.1/.content/bin/../lib/gcc/arm-none-eabi/13.3.1/../../../../arm-none-eabi/lib/thumb/v7e-m+fp/hard\libc_nano.a(libc_a-mprec.o)
                0x0800d1d0                __copybits
 .text.__any_on
                0x0800d216       0x42 c:/Users/kroko/AppData/Roaming/Code/User/globalStorage/bmd.stm32-for-vscode/@xpack-dev-tools/arm-none-eabi-gcc/13.3.1-1.1.1/.content/bin/../lib/gcc/arm-none-eabi/13.3.1/../../../../arm-none-eabi/lib/thumb/v7e-m+fp/hard\libc_nano.a(libc_a-mprec.o)
                0x0800d216                __any_on
 .text.__ascii_wctomb
                0x0800d258       0x1a c:/Users/kroko/AppData/Roaming/Code/User/globalStorage/bmd.stm32-for-vscode/@xpack-dev-tools/arm-none-eabi-gcc/13.3.1-1.1.1/.content/bin/../lib/gcc/arm-none-eabi/13.3.1/../../../../arm-none-eabi/lib/thumb/v7e-m+fp/hard\libc_nano.a(libc_a-wctomb_r.o)
                0x0800d258                __ascii_wctomb
 .text.print_e  0x0800d272       0xe4 c:/Users/kroko/AppData/Roaming/Code/User/globalStorage/bmd.stm32-for-vscode/@xpack-dev-tools/arm-none-eabi-gcc/13.3.1-1.1.1/.content/bin/../lib/gcc/arm-none-eabi/13.3.1/../../../../arm-none-eabi/lib/thumb/v7e-m+fp/hard\libc_nano.a(libc_a-ecvtbuf.o)
 *fill*         0x0800d356        0x2 
 .text._gcvt    0x0800d358      0x1a0 c:/Users/kroko/AppData/Roaming/Code/User/globalStorage/bmd.stm32-for-vscode/@xpack-dev-tools/arm-none-eabi-gcc/13.3.1-1.1.1/.content/bin/../lib/gcc/arm-none-eabi/13.3.1/../../../../arm-none-eabi/lib/thumb/v7e-m+fp/hard\libc_nano.a(libc_a-ecvtbuf.o)
                0x0800d358                _gcvt
 .text.__ssputs_r
                0x0800d4f8       0xb6 c:/Users/kroko/AppData/Roaming/Code/User/globalStorage/bmd.stm32-for-vscode/@xpack-dev-tools/arm-none-eabi-gcc/13.3.1-1.1.1/.content/bin/../lib/gcc/arm-none-eabi/13.3.1/../../../../arm-none-eabi/lib/thumb/v7e-m+fp/hard\libc_nano.a(libc_a-nano-svfprintf.o)
                0x0800d4f8                __ssputs_r
 *fill*         0x0800d5ae        0x2 
 .text._svfprintf_r
                0x0800d5b0      0x1f8 c:/Users/kroko/AppData/Roaming/Code/User/globalStorage/bmd.stm32-for-vscode/@xpack-dev-tools/arm-none-eabi-gcc/13.3.1-1.1.1/.content/bin/../lib/gcc/arm-none-eabi/13.3.1/../../../../arm-none-eabi/lib/thumb/v7e-m+fp/hard\libc_nano.a(libc_a-nano-svfprintf.o)
                0x0800d5b0                _svfiprintf_r
                0x0800d5b0                _svfprintf_r
 .text._sungetc_r
                0x0800d7a8       0x7a c:/Users/kroko/AppData/Roaming/Code/User/globalStorage/bmd.stm32-for-vscode/@xpack-dev-tools/arm-none-eabi-gcc/13.3.1-1.1.1/.content/bin/../lib/gcc/arm-none-eabi/13.3.1/../../../../arm-none-eabi/lib/thumb/v7e-m+fp/hard\libc_nano.a(libc_a-nano-svfscanf.o)
                0x0800d7a8                _sungetc_r
 .text.__ssrefill_r
                0x0800d822       0x3a c:/Users/kroko/AppData/Roaming/Code/User/globalStorage/bmd.stm32-for-vscode/@xpack-dev-tools/arm-none-eabi-gcc/13.3.1-1.1.1/.content/bin/../lib/gcc/arm-none-eabi/13.3.1/../../../../arm-none-eabi/lib/thumb/v7e-m+fp/hard\libc_nano.a(libc_a-nano-svfscanf.o)
                0x0800d822                __ssrefill_r
 .text.__ssvfscanf_r
                0x0800d85c      0x2ec c:/Users/kroko/AppData/Roaming/Code/User/globalStorage/bmd.stm32-for-vscode/@xpack-dev-tools/arm-none-eabi-gcc/13.3.1-1.1.1/.content/bin/../lib/gcc/arm-none-eabi/13.3.1/../../../../arm-none-eabi/lib/thumb/v7e-m+fp/hard\libc_nano.a(libc_a-nano-svfscanf.o)
                0x0800d85c                __ssvfiscanf_r
                0x0800d85c                __ssvfscanf_r
 .text._printf_common
                0x0800db48       0xda c:/Users/kroko/AppData/Roaming/Code/User/globalStorage/bmd.stm32-for-vscode/@xpack-dev-tools/arm-none-eabi-gcc/13.3.1-1.1.1/.content/bin/../lib/gcc/arm-none-eabi/13.3.1/../../../../arm-none-eabi/lib/thumb/v7e-m+fp/hard\libc_nano.a(libc_a-nano-vfprintf_i.o)
                0x0800db48                _printf_common
 *fill*         0x0800dc22        0x2 
 .text._printf_i
                0x0800dc24      0x23c c:/Users/kroko/AppData/Roaming/Code/User/globalStorage/bmd.stm32-for-vscode/@xpack-dev-tools/arm-none-eabi-gcc/13.3.1-1.1.1/.content/bin/../lib/gcc/arm-none-eabi/13.3.1/../../../../arm-none-eabi/lib/thumb/v7e-m+fp/hard\libc_nano.a(libc_a-nano-vfprintf_i.o)
                0x0800dc24                _printf_i
 .text._scanf_chars
                0x0800de60       0xb4 c:/Users/kroko/AppData/Roaming/Code/User/globalStorage/bmd.stm32-for-vscode/@xpack-dev-tools/arm-none-eabi-gcc/13.3.1-1.1.1/.content/bin/../lib/gcc/arm-none-eabi/13.3.1/../../../../arm-none-eabi/lib/thumb/v7e-m+fp/hard\libc_nano.a(libc_a-nano-vfscanf_i.o)
                0x0800de60                _scanf_chars
 .text._scanf_i
                0x0800df14      0x1e8 c:/Users/kroko/AppData/Roaming/Code/User/globalStorage/bmd.stm32-for-vscode/@xpack-dev-tools/arm-none-eabi-gcc/13.3.1-1.1.1/.content/bin/../lib/gcc/arm-none-eabi/13.3.1/../../../../arm-none-eabi/lib/thumb/v7e-m+fp/hard\libc_nano.a(libc_a-nano-vfscanf_i.o)
                0x0800df14                _scanf_i
 .text.__sflush_r
                0x0800e0fc      0x108 c:/Users/kroko/AppData/Roaming/Code/User/globalStorage/bmd.stm32-for-vscode/@xpack-dev-tools/arm-none-eabi-gcc/13.3.1-1.1.1/.content/bin/../lib/gcc/arm-none-eabi/13.3.1/../../../../arm-none-eabi/lib/thumb/v7e-m+fp/hard\libc_nano.a(libc_a-fflush.o)
                0x0800e0fc                __sflush_r
 .text._fflush_r
                0x0800e204       0x50 c:/Users/kroko/AppData/Roaming/Code/User/globalStorage/bmd.stm32-for-vscode/@xpack-dev-tools/arm-none-eabi-gcc/13.3.1-1.1.1/.content/bin/../lib/gcc/arm-none-eabi/13.3.1/../../../../arm-none-eabi/lib/thumb/v7e-m+fp/hard\libc_nano.a(libc_a-fflush.o)
                0x0800e204                _fflush_r
 .text.__sccl   0x0800e254       0x72 c:/Users/kroko/AppData/Roaming/Code/User/globalStorage/bmd.stm32-for-vscode/@xpack-dev-tools/arm-none-eabi-gcc/13.3.1-1.1.1/.content/bin/../lib/gcc/arm-none-eabi/13.3.1/../../../../arm-none-eabi/lib/thumb/v7e-m+fp/hard\libc_nano.a(libc_a-sccl.o)
                0x0800e254                __sccl
 .text.__submore
                0x0800e2c6       0x74 c:/Users/kroko/AppData/Roaming/Code/User/globalStorage/bmd.stm32-for-vscode/@xpack-dev-tools/arm-none-eabi-gcc/13.3.1-1.1.1/.content/bin/../lib/gcc/arm-none-eabi/13.3.1/../../../../arm-none-eabi/lib/thumb/v7e-m+fp/hard\libc_nano.a(libc_a-ungetc.o)
                0x0800e2c6                __submore
 .text.memmove  0x0800e33a       0x34 c:/Users/kroko/AppData/Roaming/Code/User/globalStorage/bmd.stm32-for-vscode/@xpack-dev-tools/arm-none-eabi-gcc/13.3.1-1.1.1/.content/bin/../lib/gcc/arm-none-eabi/13.3.1/../../../../arm-none-eabi/lib/thumb/v7e-m+fp/hard\libc_nano.a(libc_a-memmove.o)
                0x0800e33a                memmove
 *fill*         0x0800e36e        0x2 
 .text._sbrk_r  0x0800e370       0x20 c:/Users/kroko/AppData/Roaming/Code/User/globalStorage/bmd.stm32-for-vscode/@xpack-dev-tools/arm-none-eabi-gcc/13.3.1-1.1.1/.content/bin/../lib/gcc/arm-none-eabi/13.3.1/../../../../arm-none-eabi/lib/thumb/v7e-m+fp/hard\libc_nano.a(libc_a-sbrkr.o)
                0x0800e370                _sbrk_r
 .text.strcpy   0x0800e390       0x10 c:/Users/kroko/AppData/Roaming/Code/User/globalStorage/bmd.stm32-for-vscode/@xpack-dev-tools/arm-none-eabi-gcc/13.3.1-1.1.1/.content/bin/../lib/gcc/arm-none-eabi/13.3.1/../../../../arm-none-eabi/lib/thumb/v7e-m+fp/hard\libc_nano.a(libc_a-strcpy.o)
                0x0800e390                strcpy
 .text.__assert_func
                0x0800e3a0       0x3c c:/Users/kroko/AppData/Roaming/Code/User/globalStorage/bmd.stm32-for-vscode/@xpack-dev-tools/arm-none-eabi-gcc/13.3.1-1.1.1/.content/bin/../lib/gcc/arm-none-eabi/13.3.1/../../../../arm-none-eabi/lib/thumb/v7e-m+fp/hard\libc_nano.a(libc_a-assert.o)
                0x0800e3a0                __assert_func
 .text._calloc_r
                0x0800e3dc       0x28 c:/Users/kroko/AppData/Roaming/Code/User/globalStorage/bmd.stm32-for-vscode/@xpack-dev-tools/arm-none-eabi-gcc/13.3.1-1.1.1/.content/bin/../lib/gcc/arm-none-eabi/13.3.1/../../../../arm-none-eabi/lib/thumb/v7e-m+fp/hard\libc_nano.a(libc_a-callocr.o)
                0x0800e3dc                _calloc_r
 .text.quorem   0x0800e404      0x110 c:/Users/kroko/AppData/Roaming/Code/User/globalStorage/bmd.stm32-for-vscode/@xpack-dev-tools/arm-none-eabi-gcc/13.3.1-1.1.1/.content/bin/../lib/gcc/arm-none-eabi/13.3.1/../../../../arm-none-eabi/lib/thumb/v7e-m+fp/hard\libc_nano.a(libc_a-dtoa.o)
 *fill*         0x0800e514        0x4 
 .text._dtoa_r  0x0800e518      0xb74 c:/Users/kroko/AppData/Roaming/Code/User/globalStorage/bmd.stm32-for-vscode/@xpack-dev-tools/arm-none-eabi-gcc/13.3.1-1.1.1/.content/bin/../lib/gcc/arm-none-eabi/13.3.1/../../../../arm-none-eabi/lib/thumb/v7e-m+fp/hard\libc_nano.a(libc_a-dtoa.o)
                0x0800e518                _dtoa_r
 .text.malloc   0x0800f08c       0x10 c:/Users/kroko/AppData/Roaming/Code/User/globalStorage/bmd.stm32-for-vscode/@xpack-dev-tools/arm-none-eabi-gcc/13.3.1-1.1.1/.content/bin/../lib/gcc/arm-none-eabi/13.3.1/../../../../arm-none-eabi/lib/thumb/v7e-m+fp/hard\libc_nano.a(libc_a-malloc.o)
                0x0800f08c                malloc
 .text._realloc_r
                0x0800f09c       0x5c c:/Users/kroko/AppData/Roaming/Code/User/globalStorage/bmd.stm32-for-vscode/@xpack-dev-tools/arm-none-eabi-gcc/13.3.1-1.1.1/.content/bin/../lib/gcc/arm-none-eabi/13.3.1/../../../../arm-none-eabi/lib/thumb/v7e-m+fp/hard\libc_nano.a(libc_a-reallocr.o)
                0x0800f09c                _realloc_r
 .text._strtol_l.isra.0
                0x0800f0f8       0xf4 c:/Users/kroko/AppData/Roaming/Code/User/globalStorage/bmd.stm32-for-vscode/@xpack-dev-tools/arm-none-eabi-gcc/13.3.1-1.1.1/.content/bin/../lib/gcc/arm-none-eabi/13.3.1/../../../../arm-none-eabi/lib/thumb/v7e-m+fp/hard\libc_nano.a(libc_a-strtol.o)
 .text._strtol_r
                0x0800f1ec        0x4 c:/Users/kroko/AppData/Roaming/Code/User/globalStorage/bmd.stm32-for-vscode/@xpack-dev-tools/arm-none-eabi-gcc/13.3.1-1.1.1/.content/bin/../lib/gcc/arm-none-eabi/13.3.1/../../../../arm-none-eabi/lib/thumb/v7e-m+fp/hard\libc_nano.a(libc_a-strtol.o)
                0x0800f1ec                _strtol_r
 .text._strtoul_l.isra.0
                0x0800f1f0       0xdc c:/Users/kroko/AppData/Roaming/Code/User/globalStorage/bmd.stm32-for-vscode/@xpack-dev-tools/arm-none-eabi-gcc/13.3.1-1.1.1/.content/bin/../lib/gcc/arm-none-eabi/13.3.1/../../../../arm-none-eabi/lib/thumb/v7e-m+fp/hard\libc_nano.a(libc_a-strtoul.o)
 .text._strtoul_r
                0x0800f2cc        0x4 c:/Users/kroko/AppData/Roaming/Code/User/globalStorage/bmd.stm32-for-vscode/@xpack-dev-tools/arm-none-eabi-gcc/13.3.1-1.1.1/.content/bin/../lib/gcc/arm-none-eabi/13.3.1/../../../../arm-none-eabi/lib/thumb/v7e-m+fp/hard\libc_nano.a(libc_a-strtoul.o)
                0x0800f2cc                _strtoul_r
 .text.fprintf  0x0800f2d0       0x24 c:/Users/kroko/AppData/Roaming/Code/User/globalStorage/bmd.stm32-for-vscode/@xpack-dev-tools/arm-none-eabi-gcc/13.3.1-1.1.1/.content/bin/../lib/gcc/arm-none-eabi/13.3.1/../../../../arm-none-eabi/lib/thumb/v7e-m+fp/hard\libc_nano.a(libc_a-fprintf.o)
                0x0800f2d0                fiprintf
                0x0800f2d0                fprintf
 .text.abort    0x0800f2f4        0xe c:/Users/kroko/AppData/Roaming/Code/User/globalStorage/bmd.stm32-for-vscode/@xpack-dev-tools/arm-none-eabi-gcc/13.3.1-1.1.1/.content/bin/../lib/gcc/arm-none-eabi/13.3.1/../../../../arm-none-eabi/lib/thumb/v7e-m+fp/hard\libc_nano.a(libc_a-abort.o)
                0x0800f2f4                abort
 .text._malloc_usable_size_r
                0x0800f302       0x10 c:/Users/kroko/AppData/Roaming/Code/User/globalStorage/bmd.stm32-for-vscode/@xpack-dev-tools/arm-none-eabi-gcc/13.3.1-1.1.1/.content/bin/../lib/gcc/arm-none-eabi/13.3.1/../../../../arm-none-eabi/lib/thumb/v7e-m+fp/hard\libc_nano.a(libc_a-msizer.o)
                0x0800f302                _malloc_usable_size_r
 .text.__sfputc_r
                0x0800f312       0x2e c:/Users/kroko/AppData/Roaming/Code/User/globalStorage/bmd.stm32-for-vscode/@xpack-dev-tools/arm-none-eabi-gcc/13.3.1-1.1.1/.content/bin/../lib/gcc/arm-none-eabi/13.3.1/../../../../arm-none-eabi/lib/thumb/v7e-m+fp/hard\libc_nano.a(libc_a-nano-vfprintf.o)
 .text.__sfputs_r
                0x0800f340       0x24 c:/Users/kroko/AppData/Roaming/Code/User/globalStorage/bmd.stm32-for-vscode/@xpack-dev-tools/arm-none-eabi-gcc/13.3.1-1.1.1/.content/bin/../lib/gcc/arm-none-eabi/13.3.1/../../../../arm-none-eabi/lib/thumb/v7e-m+fp/hard\libc_nano.a(libc_a-nano-vfprintf.o)
                0x0800f340                __sfputs_r
 .text._vfprintf_r
                0x0800f364      0x230 c:/Users/kroko/AppData/Roaming/Code/User/globalStorage/bmd.stm32-for-vscode/@xpack-dev-tools/arm-none-eabi-gcc/13.3.1-1.1.1/.content/bin/../lib/gcc/arm-none-eabi/13.3.1/../../../../arm-none-eabi/lib/thumb/v7e-m+fp/hard\libc_nano.a(libc_a-nano-vfprintf.o)
                0x0800f364                _vfprintf_r
                0x0800f364                _vfiprintf_r
 .text.__swbuf_r